Archive member included to satisfy reference by file (symbol)

/opt/devkitpro/libogc/lib/wii/libwiiuse.a(wpad.o)
                              main.o (WPAD_SetDataFormat)
/opt/devkitpro/libogc/lib/wii/libwiiuse.a(motion_plus.o)
                              /opt/devkitpro/libogc/lib/wii/libwiiuse.a(wpad.o) (wiiuse_set_motion_plus)
/opt/devkitpro/libogc/lib/wii/libwiiuse.a(dynamics.o)
                              /opt/devkitpro/libogc/lib/wii/libwiiuse.a(wpad.o) (calculate_gforce)
/opt/devkitpro/libogc/lib/wii/libwiiuse.a(io.o)
                              /opt/devkitpro/libogc/lib/wii/libwiiuse.a(motion_plus.o) (wiiuse_disable_expansion)
/opt/devkitpro/libogc/lib/wii/libwiiuse.a(io_wii.o)
                              /opt/devkitpro/libogc/lib/wii/libwiiuse.a(wpad.o) (__wiiuse_sensorbar_enable)
/opt/devkitpro/libogc/lib/wii/libwiiuse.a(ir.o)
                              /opt/devkitpro/libogc/lib/wii/libwiiuse.a(motion_plus.o) (wiiuse_set_ir_mode)
/opt/devkitpro/libogc/lib/wii/libwiiuse.a(nunchuk.o)
                              /opt/devkitpro/libogc/lib/wii/libwiiuse.a(io.o) (nunchuk_handshake)
/opt/devkitpro/libogc/lib/wii/libwiiuse.a(wiiboard.o)
                              /opt/devkitpro/libogc/lib/wii/libwiiuse.a(io.o) (wii_board_handshake)
/opt/devkitpro/libogc/lib/wii/libwiiuse.a(wiiuse.o)
                              /opt/devkitpro/libogc/lib/wii/libwiiuse.a(wpad.o) (wiiuse_init)
/opt/devkitpro/libogc/lib/wii/libwiiuse.a(speaker.o)
                              /opt/devkitpro/libogc/lib/wii/libwiiuse.a(wpad.o) (wencdata)
/opt/devkitpro/libogc/lib/wii/libwiiuse.a(classic.o)
                              /opt/devkitpro/libogc/lib/wii/libwiiuse.a(io.o) (classic_ctrl_handshake)
/opt/devkitpro/libogc/lib/wii/libwiiuse.a(events.o)
                              /opt/devkitpro/libogc/lib/wii/libwiiuse.a(io_wii.o) (parse_event)
/opt/devkitpro/libogc/lib/wii/libwiiuse.a(guitar_hero_3.o)
                              /opt/devkitpro/libogc/lib/wii/libwiiuse.a(io.o) (guitar_hero_3_handshake)
/opt/devkitpro/libogc/lib/wii/libbte.a(bte.o)
                              /opt/devkitpro/libogc/lib/wii/libwiiuse.a(wpad.o) (BTE_Init)
/opt/devkitpro/libogc/lib/wii/libbte.a(hci.o)
                              /opt/devkitpro/libogc/lib/wii/libbte.a(bte.o) (hci_init)
/opt/devkitpro/libogc/lib/wii/libbte.a(l2cap.o)
                              /opt/devkitpro/libogc/lib/wii/libbte.a(bte.o) (l2cap_init)
/opt/devkitpro/libogc/lib/wii/libbte.a(btmemb.o)
                              /opt/devkitpro/libogc/lib/wii/libbte.a(bte.o) (btmemb_init)
/opt/devkitpro/libogc/lib/wii/libbte.a(btmemr.o)
                              /opt/devkitpro/libogc/lib/wii/libbte.a(hci.o) (btmemr_init)
/opt/devkitpro/libogc/lib/wii/libbte.a(btpbuf.o)
                              /opt/devkitpro/libogc/lib/wii/libbte.a(hci.o) (btpbuf_init)
/opt/devkitpro/libogc/lib/wii/libbte.a(physbusif.o)
                              /opt/devkitpro/libogc/lib/wii/libbte.a(bte.o) (physbusif_init)
/opt/devkitpro/devkitPPC/lib/gcc/powerpc-eabi/15.2.0/../../../../powerpc-eabi/lib/libm.a(libm_a-sf_atan.o)
                              /opt/devkitpro/libogc/lib/wii/libwiiuse.a(ir.o) (atanf)
/opt/devkitpro/devkitPPC/lib/gcc/powerpc-eabi/15.2.0/../../../../powerpc-eabi/lib/libm.a(libm_a-w_atan2.o)
                              /opt/devkitpro/libogc/lib/wii/libwiiuse.a(ir.o) (atan2)
/opt/devkitpro/devkitPPC/lib/gcc/powerpc-eabi/15.2.0/../../../../powerpc-eabi/lib/libm.a(libm_a-sf_fabs.o)
                              /opt/devkitpro/devkitPPC/lib/gcc/powerpc-eabi/15.2.0/../../../../powerpc-eabi/lib/libm.a(libm_a-sf_atan.o) (fabsf)
/opt/devkitpro/devkitPPC/lib/gcc/powerpc-eabi/15.2.0/../../../../powerpc-eabi/lib/libm.a(libm_a-wf_sqrt.o)
                              main.o (sqrtf)
/opt/devkitpro/devkitPPC/lib/gcc/powerpc-eabi/15.2.0/../../../../powerpc-eabi/lib/libm.a(libm_a-wf_hypot.o)
                              /opt/devkitpro/libogc/lib/wii/libwiiuse.a(dynamics.o) (hypotf)
/opt/devkitpro/devkitPPC/lib/gcc/powerpc-eabi/15.2.0/../../../../powerpc-eabi/lib/libm.a(libm_a-wf_atan2.o)
                              /opt/devkitpro/libogc/lib/wii/libwiiuse.a(dynamics.o) (atan2f)
/opt/devkitpro/devkitPPC/lib/gcc/powerpc-eabi/15.2.0/../../../../powerpc-eabi/lib/libm.a(libm_a-ef_hypot.o)
                              /opt/devkitpro/devkitPPC/lib/gcc/powerpc-eabi/15.2.0/../../../../powerpc-eabi/lib/libm.a(libm_a-wf_hypot.o) (__ieee754_hypotf)
/opt/devkitpro/devkitPPC/lib/gcc/powerpc-eabi/15.2.0/../../../../powerpc-eabi/lib/libm.a(libm_a-w_sincos.o)
                              /opt/devkitpro/libogc/lib/wii/libwiiuse.a(ir.o) (sincos)
/opt/devkitpro/devkitPPC/lib/gcc/powerpc-eabi/15.2.0/../../../../powerpc-eabi/lib/libm.a(libm_a-e_atan2.o)
                              /opt/devkitpro/devkitPPC/lib/gcc/powerpc-eabi/15.2.0/../../../../powerpc-eabi/lib/libm.a(libm_a-w_atan2.o) (__ieee754_atan2)
[...]
Memory Configuration

Name             Origin             Length             Attributes
*default*        0x00000000         0xffffffff

Linker script and memory map

                0x00003400                        . = 0x3400

.stub
 *(.stub)
                0x80003f00                        . = 0x80003f00
                0x90002000                        PROVIDE (__Arena2Lo = 0x90002000)
                0x933e0000                        PROVIDE (__Arena2Hi = 0x933e0000)
                0x933e0000                        PROVIDE (__ipcbufferLo = 0x933e0000)
                0x93400000                        PROVIDE (__ipcbufferHi = 0x93400000)
                0x00000000                        PROVIDE (__isIPL = 0x0)
                0x800000d0                        PROVIDE (__ppc_excpt_buf = 0x800000d0)
                0x80003000                        PROVIDE (__ppc_excpt_table = 0x80003000)

.init           0x80003f00       0xa4
 *(.crt0 .crt0.*)
 .crt0.__app_start
                0x80003f00       0xa4 /opt/devkitpro/libogc/lib/wii/libogc.a(common_crt0.o)
                0x80003f00                __app_start

.text           0x80003fb0    0x49cac
 *(SORT_NONE(.init))
 .init          0x80003fb0        0xc /opt/devkitpro/devkitPPC/lib/gcc/powerpc-eabi/15.2.0/ecrti.o
                0x80003fb0                __init
 .init          0x80003fbc        0x4 /opt/devkitpro/devkitPPC/lib/gcc/powerpc-eabi/15.2.0/crtbegin.o
 .init          0x80003fc0        0x4 /opt/devkitpro/devkitPPC/lib/gcc/powerpc-eabi/15.2.0/crtend.o
 .init          0x80003fc4       0x10 /opt/devkitpro/devkitPPC/lib/gcc/powerpc-eabi/15.2.0/ecrtn.o
 *(.text.unlikely .text.*_unlikely .text.unlikely.*)
 .text.unlikely.abort
                0x80003fd4       0x2c /opt/devkitpro/devkitPPC/lib/gcc/powerpc-eabi/15.2.0/../../../../powerpc-eabi/lib/libsysbase.a(libsysbase_libsysbase_a-abort.o)
                0x80003fd4                abort
 *(.text.exit .text.exit.*)
 .text.exit     0x80004000       0x3c /opt/devkitpro/devkitPPC/lib/gcc/powerpc-eabi/15.2.0/../../../../powerpc-eabi/lib/libc.a(libc_a-exit.o)
                0x80004000                exit
 *(.text.startup .text.startup.*)
 .text.startup.main
                0x8000403c      0xf6c main.o
                0x8000403c                main
 .text.startup.register_fini
                0x80004fa8        0xc /opt/devkitpro/devkitPPC/lib/gcc/powerpc-eabi/15.2.0/../../../../powerpc-eabi/lib/libc.a(libc_a-__call_atexit.o)
 *(.text.hot .text.hot.*)
 *(SORT_BY_NAME(.text.sorted.*))
 *(.text .iplt .stub .text.* .gnu.linkonce.t.*)
 .text.__do_global_dtors_aux
                0x80004fb4       0xcc /opt/devkitpro/devkitPPC/lib/gcc/powerpc-eabi/15.2.0/crtbegin.o
 .text.frame_dummy
                0x80005080       0x24 /opt/devkitpro/devkitPPC/lib/gcc/powerpc-eabi/15.2.0/crtbegin.o
 *fill*         0x800050a4        0x0 00000000
 .iplt          0x800050a4        0x0 /opt/devkitpro/devkitPPC/lib/gcc/powerpc-eabi/15.2.0/crtbegin.o
 .text.LilyCoolMalloc
                0x800050a4       0x6c main.o
                0x800050a4                LilyCoolMalloc
 .text.__wpad_setevtfilter_finished
                0x80005110       0x60 /opt/devkitpro/libogc/lib/wii/libwiiuse.a(wpad.o)
 .text.__wpad_disconnectCB
                0x80005170      0x1a8 /opt/devkitpro/libogc/lib/wii/libwiiuse.a(wpad.o)
                0x80005170                __wpad_disconnectCB
 .text.__wpad_hostsyncbuttonCB
                0x80005318       0x7c /opt/devkitpro/libogc/lib/wii/libwiiuse.a(wpad.o)
 .text.GetActiveSlot
                0x80005394       0x8c /opt/devkitpro/libogc/lib/wii/libwiiuse.a(wpad.o)
 .text.__wpad_assign_slot
                0x80005420      0x160 /opt/devkitpro/libogc/lib/wii/libwiiuse.a(wpad.o)
                0x80005420                __wpad_assign_slot
 .text.__wpad_register_new
                0x80005580      0x460 /opt/devkitpro/libogc/lib/wii/libwiiuse.a(wpad.o)
                0x80005580                __wpad_register_new
 .text.__wpad_def_powcb
                0x800059e0        0x4 /opt/devkitpro/libogc/lib/wii/libwiiuse.a(wpad.o)
 .text.__wpad_read_remote_name_finished
                0x800059e4      0x23c /opt/devkitpro/libogc/lib/wii/libwiiuse.a(wpad.o)
                0x800059e4                __wpad_read_remote_name_finished
 .text.__wpad_inquiry_finished
                0x80005c20      0x124 /opt/devkitpro/libogc/lib/wii/libwiiuse.a(wpad.o)
                0x80005c20                __wpad_inquiry_finished
 .text.__wpad_confsave_thread_func
                0x80005d44       0x58 /opt/devkitpro/libogc/lib/wii/libwiiuse.a(wpad.o)
 .text.__initcore_finished
                0x80005d9c       0x90 /opt/devkitpro/libogc/lib/wii/libwiiuse.a(wpad.o)
 .text.__readlinkkey_finished
                0x80005e2c      0x124 /opt/devkitpro/libogc/lib/wii/libwiiuse.a(wpad.o)
 .text.__wpad_patch_finished
                0x80005f50       0x7c /opt/devkitpro/libogc/lib/wii/libwiiuse.a(wpad.o)
 .text.__wpad_init_finished
                0x80005fcc       0x88 /opt/devkitpro/libogc/lib/wii/libwiiuse.a(wpad.o)
 .text.__wpad_linkkeynotCB
                0x80006054      0x320 /opt/devkitpro/libogc/lib/wii/libwiiuse.a(wpad.o)
 .text.__wpad_linkkeyreqCB
                0x80006374      0x16c /opt/devkitpro/libogc/lib/wii/libwiiuse.a(wpad.o)
 .text.__wpad_connreqCB
                0x800064e0      0x2bc /opt/devkitpro/libogc/lib/wii/libwiiuse.a(wpad.o)
 .text.__wpad_setfmt
                0x8000679c      0x14c /opt/devkitpro/libogc/lib/wii/libwiiuse.a(wpad.o)
 .text.__wpad_eventCB
                0x800068e8      0xbd8 /opt/devkitpro/libogc/lib/wii/libwiiuse.a(wpad.o)
 .text.__wpad_timeouthandler
                0x800074c0       0xd8 /opt/devkitpro/libogc/lib/wii/libwiiuse.a(wpad.o)
 .text.__WPADClearActiveList
                0x80007598      0x110 /opt/devkitpro/libogc/lib/wii/libwiiuse.a(wpad.o)
                0x80007598                __WPADClearActiveList
 .text.WPAD_WipeSavedControllers
                0x800076a8      0x138 /opt/devkitpro/libogc/lib/wii/libwiiuse.a(wpad.o)
                0x800076a8                WPAD_WipeSavedControllers
 .text.__wpad_def_hostsynccb
                0x800077e0       0x60 /opt/devkitpro/libogc/lib/wii/libwiiuse.a(wpad.o)
 .text.WPAD_ReadEvent
                0x80007840      0x684 /opt/devkitpro/libogc/lib/wii/libwiiuse.a(wpad.o)
                0x80007840                WPAD_ReadEvent
 .text.WPAD_ReadPending
                0x80007ec4      0x1b4 /opt/devkitpro/libogc/lib/wii/libwiiuse.a(wpad.o)
                0x80007ec4                WPAD_ReadPending
 .text.WPAD_SetDataFormat
                0x80008078      0x160 /opt/devkitpro/libogc/lib/wii/libwiiuse.a(wpad.o)
                0x80008078                WPAD_SetDataFormat
 .text.WPAD_Shutdown
                0x800081d8      0x13c /opt/devkitpro/libogc/lib/wii/libwiiuse.a(wpad.o)
                0x800081d8                WPAD_Shutdown
 .text.WPAD_Init
                0x80008314      0x30c /opt/devkitpro/libogc/lib/wii/libwiiuse.a(wpad.o)
                0x80008314                WPAD_Init
 .text.__wpad_onreset
                0x80008620       0x34 /opt/devkitpro/libogc/lib/wii/libwiiuse.a(wpad.o)
 .text.WPAD_ScanPads
                0x80008654       0x7c /opt/devkitpro/libogc/lib/wii/libwiiuse.a(wpad.o)
                0x80008654                WPAD_ScanPads
 .text.WPAD_ButtonsDown
                0x800086d0       0x28 /opt/devkitpro/libogc/lib/wii/libwiiuse.a(wpad.o)
                0x800086d0                WPAD_ButtonsDown
 .text.motion_plus_disconnected
                0x800086f8       0x10 /opt/devkitpro/libogc/lib/wii/libwiiuse.a(motion_plus.o)
                0x800086f8                motion_plus_disconnected
 .text.motion_plus_event
                0x80008708       0x64 /opt/devkitpro/libogc/lib/wii/libwiiuse.a(motion_plus.o)
                0x80008708                motion_plus_event
 .text.calculate_gforce
                0x8000876c      0x114 /opt/devkitpro/libogc/lib/wii/libwiiuse.a(dynamics.o)
                0x8000876c                calculate_gforce
 .text.calc_joystick_state
                0x80008880      0x208 /opt/devkitpro/libogc/lib/wii/libwiiuse.a(dynamics.o)
                0x80008880                calc_joystick_state
 .text.apply_smoothing
                0x80008a88      0x110 /opt/devkitpro/libogc/lib/wii/libwiiuse.a(dynamics.o)
                0x80008a88                apply_smoothing
 .text.calculate_orientation
                0x80008b98      0x360 /opt/devkitpro/libogc/lib/wii/libwiiuse.a(dynamics.o)
                0x80008b98                calculate_orientation
 .text.calc_balanceboard_state
                0x80008ef8      0x3a4 /opt/devkitpro/libogc/lib/wii/libwiiuse.a(dynamics.o)
                0x80008ef8                calc_balanceboard_state
 .text.wiiuse_handshake
                0x8000929c      0x24c /opt/devkitpro/libogc/lib/wii/libwiiuse.a(io.o)
                0x8000929c                wiiuse_handshake
 .text.wiiuse_handshake_expansion
                0x800094e8      0x214 /opt/devkitpro/libogc/lib/wii/libwiiuse.a(io.o)
                0x800094e8                wiiuse_handshake_expansion
 .text.wiiuse_handshake_expansion_start
                0x800096fc       0x5c /opt/devkitpro/libogc/lib/wii/libwiiuse.a(io.o)
                0x800096fc                wiiuse_handshake_expansion_start
 .text.wiiuse_disable_expansion
                0x80009758      0x1b0 /opt/devkitpro/libogc/lib/wii/libwiiuse.a(io.o)
                0x80009758                wiiuse_disable_expansion
 .text.__wiiuse_accept_step2
                0x80009908       0x5c /opt/devkitpro/libogc/lib/wii/libwiiuse.a(io_wii.o)
 .text.__wiiuse_connected
                0x80009964       0xac /opt/devkitpro/libogc/lib/wii/libwiiuse.a(io_wii.o)
 .text.__wiiuse_disconnected
                0x80009a10       0xc8 /opt/devkitpro/libogc/lib/wii/libwiiuse.a(io_wii.o)
 .text.__wiiuse_receive
                0x80009ad8       0xc4 /opt/devkitpro/libogc/lib/wii/libwiiuse.a(io_wii.o)
 .text.__wiiuse_connect_step2
                0x80009b9c       0x5c /opt/devkitpro/libogc/lib/wii/libwiiuse.a(io_wii.o)
 .text.__wiiuse_sensorbar_enable
                0x80009bf8       0x50 /opt/devkitpro/libogc/lib/wii/libwiiuse.a(io_wii.o)
                0x80009bf8                __wiiuse_sensorbar_enable
 .text.wiiuse_accept
                0x80009c48      0x15c /opt/devkitpro/libogc/lib/wii/libwiiuse.a(io_wii.o)
                0x80009c48                wiiuse_accept
 .text.wiiuse_connect
                0x80009da4      0x15c /opt/devkitpro/libogc/lib/wii/libwiiuse.a(io_wii.o)
                0x80009da4                wiiuse_connect
 .text.wiiuse_disconnect
                0x80009f00       0x50 /opt/devkitpro/libogc/lib/wii/libwiiuse.a(io_wii.o)
                0x80009f00                wiiuse_disconnect
 .text.wiiuse_init_cmd_queue
                0x80009f50       0xa4 /opt/devkitpro/libogc/lib/wii/libwiiuse.a(io_wii.o)
                0x80009f50                wiiuse_init_cmd_queue
 .text.wiiuse_io_write
                0x80009ff4       0x1c /opt/devkitpro/libogc/lib/wii/libwiiuse.a(io_wii.o)
                0x80009ff4                wiiuse_io_write
 .text.rotate_dots
                0x8000a010      0x134 /opt/devkitpro/libogc/lib/wii/libwiiuse.a(ir.o)
 .text.wiiuse_set_ir_mode
                0x8000a144       0x5c /opt/devkitpro/libogc/lib/wii/libwiiuse.a(ir.o)
                0x8000a144                wiiuse_set_ir_mode
 .text.wiiuse_set_ir
                0x8000a1a0      0x26c /opt/devkitpro/libogc/lib/wii/libwiiuse.a(ir.o)
                0x8000a1a0                wiiuse_set_ir
 .text.wiiuse_set_ir_position
                0x8000a40c       0x80 /opt/devkitpro/libogc/lib/wii/libwiiuse.a(ir.o)
                0x8000a40c                wiiuse_set_ir_position
 .text.wiiuse_set_aspect_ratio
                0x8000a48c       0xac /opt/devkitpro/libogc/lib/wii/libwiiuse.a(ir.o)
                0x8000a48c                wiiuse_set_aspect_ratio
 .text.wiiuse_set_ir_sensitivity
                0x8000a538      0x190 /opt/devkitpro/libogc/lib/wii/libwiiuse.a(ir.o)
                0x8000a538                wiiuse_set_ir_sensitivity
 .text.calculate_basic_ir
                0x8000a6c8       0xe8 /opt/devkitpro/libogc/lib/wii/libwiiuse.a(ir.o)
                0x8000a6c8                calculate_basic_ir
 .text.calculate_extended_ir
                0x8000a7b0       0x64 /opt/devkitpro/libogc/lib/wii/libwiiuse.a(ir.o)
                0x8000a7b0                calculate_extended_ir
 .text.find_sensorbar
                0x8000a814      0xb00 /opt/devkitpro/libogc/lib/wii/libwiiuse.a(ir.o)
                0x8000a814                find_sensorbar
 .text.apply_ir_smoothing
                0x8000b314      0x120 /opt/devkitpro/libogc/lib/wii/libwiiuse.a(ir.o)
                0x8000b314                apply_ir_smoothing
 .text.interpret_ir_data
                0x8000b434      0x3d0 /opt/devkitpro/libogc/lib/wii/libwiiuse.a(ir.o)
                0x8000b434                interpret_ir_data
 .text.nunchuk_handshake
                0x8000b804      0x390 /opt/devkitpro/libogc/lib/wii/libwiiuse.a(nunchuk.o)
                0x8000b804                nunchuk_handshake
 .text.nunchuk_disconnected
                0x8000bb94        0xc /opt/devkitpro/libogc/lib/wii/libwiiuse.a(nunchuk.o)
                0x8000bb94                nunchuk_disconnected
 .text.nunchuk_event
                0x8000bba0       0xe8 /opt/devkitpro/libogc/lib/wii/libwiiuse.a(nunchuk.o)
                0x8000bba0                nunchuk_event
 .text.wii_board_handshake
                0x8000bc88      0x28c /opt/devkitpro/libogc/lib/wii/libwiiuse.a(wiiboard.o)
                0x8000bc88                wii_board_handshake
 .text.wii_board_disconnected
                0x8000bf14        0xc /opt/devkitpro/libogc/lib/wii/libwiiuse.a(wiiboard.o)
                0x8000bf14                wii_board_disconnected
 .text.wii_board_event
                0x8000bf20       0x24 /opt/devkitpro/libogc/lib/wii/libwiiuse.a(wiiboard.o)
                0x8000bf20                wii_board_event
 .text.wiiuse_send_next_command
                0x8000bf44       0x58 /opt/devkitpro/libogc/lib/wii/libwiiuse.a(wiiuse.o)
                0x8000bf44                wiiuse_send_next_command
 .text.wiiuse_init
                0x8000bf9c      0x1fc /opt/devkitpro/libogc/lib/wii/libwiiuse.a(wiiuse.o)
                0x8000bf9c                wiiuse_init
 .text.wiiuse_set_flags
                0x8000c198       0x28 /opt/devkitpro/libogc/lib/wii/libwiiuse.a(wiiuse.o)
                0x8000c198                wiiuse_set_flags
 .text.wiiuse_read_data
                0x8000c1c0      0x120 /opt/devkitpro/libogc/lib/wii/libwiiuse.a(wiiuse.o)
                0x8000c1c0                wiiuse_read_data
 .text.wiiuse_write_data
                0x8000c2e0      0x158 /opt/devkitpro/libogc/lib/wii/libwiiuse.a(wiiuse.o)
                0x8000c2e0                wiiuse_write_data
 .text.wiiuse_sendcmd
                0x8000c438      0x13c /opt/devkitpro/libogc/lib/wii/libwiiuse.a(wiiuse.o)
                0x8000c438                wiiuse_sendcmd
 .text.wiiuse_set_leds
                0x8000c574       0x50 /opt/devkitpro/libogc/lib/wii/libwiiuse.a(wiiuse.o)
                0x8000c574                wiiuse_set_leds
 .text.wiiuse_set_report_type
                0x8000c5c4       0xb4 /opt/devkitpro/libogc/lib/wii/libwiiuse.a(wiiuse.o)
                0x8000c5c4                wiiuse_set_report_type
 .text.wiiuse_status
                0x8000c678       0x4c /opt/devkitpro/libogc/lib/wii/libwiiuse.a(wiiuse.o)
                0x8000c678                wiiuse_status
 .text.wiiuse_motion_sensing
                0x8000c6c4       0x84 /opt/devkitpro/libogc/lib/wii/libwiiuse.a(wiiuse.o)
                0x8000c6c4                wiiuse_motion_sensing
 .text.wiiuse_set_speaker
                0x8000c748      0x258 /opt/devkitpro/libogc/lib/wii/libwiiuse.a(speaker.o)
                0x8000c748                wiiuse_set_speaker
 .text.classic_ctrl_pressed_buttons
                0x8000c9a0       0x4c /opt/devkitpro/libogc/lib/wii/libwiiuse.a(classic.o)
 .text.classic_ctrl_handshake
                0x8000c9ec      0x460 /opt/devkitpro/libogc/lib/wii/libwiiuse.a(classic.o)
                0x8000c9ec                classic_ctrl_handshake
 .text.classic_ctrl_disconnected
                0x8000ce4c        0xc /opt/devkitpro/libogc/lib/wii/libwiiuse.a(classic.o)
                0x8000ce4c                classic_ctrl_disconnected
 .text.classic_ctrl_event
                0x8000ce58      0x19c /opt/devkitpro/libogc/lib/wii/libwiiuse.a(classic.o)
                0x8000ce58                classic_ctrl_event
 .text.handle_expansion
                0x8000cff4       0x54 /opt/devkitpro/libogc/lib/wii/libwiiuse.a(events.o)
 .text.parse_event
                0x8000d048      0x73c /opt/devkitpro/libogc/lib/wii/libwiiuse.a(events.o)
                0x8000d048                parse_event
 .text.guitar_hero_3_handshake
                0x8000d784       0x5c /opt/devkitpro/libogc/lib/wii/libwiiuse.a(guitar_hero_3.o)
                0x8000d784                guitar_hero_3_handshake
 .text.guitar_hero_3_disconnected
                0x8000d7e0        0xc /opt/devkitpro/libogc/lib/wii/libwiiuse.a(guitar_hero_3.o)
                0x8000d7e0                guitar_hero_3_disconnected
 .text.guitar_hero_3_event
                0x8000d7ec       0x60 /opt/devkitpro/libogc/lib/wii/libwiiuse.a(guitar_hero_3.o)
                0x8000d7ec                guitar_hero_3_event
 .text.acl_wlp_completed
                0x8000d84c        0x8 /opt/devkitpro/libogc/lib/wii/libbte.a(bte.o)
                0x8000d84c                acl_wlp_completed
 .text.bt_alarmhandler
                0x8000d854        0x4 /opt/devkitpro/libogc/lib/wii/libbte.a(bte.o)
 .text.__bte_send_pending_request
                0x8000d858      0x108 /opt/devkitpro/libogc/lib/wii/libbte.a(bte.o)
 .text.acl_conn_complete
                0x8000d960       0x28 /opt/devkitpro/libogc/lib/wii/libbte.a(bte.o)
                0x8000d960                acl_conn_complete
 .text.acl_auth_complete
                0x8000d988       0x2c /opt/devkitpro/libogc/lib/wii/libbte.a(bte.o)
                0x8000d988                acl_auth_complete
 .text.pin_req  0x8000d9b4       0x8c /opt/devkitpro/libogc/lib/wii/libbte.a(bte.o)
                0x8000d9b4                pin_req
 .text.l2cap_connected
                0x8000da40       0xf0 /opt/devkitpro/libogc/lib/wii/libbte.a(bte.o)
                0x8000da40                l2cap_connected
 .text.l2cap_accepted
                0x8000db30       0xe8 /opt/devkitpro/libogc/lib/wii/libbte.a(bte.o)
                0x8000db30                l2cap_accepted
 .text.bte_inquiry_complete
                0x8000dc18      0x230 /opt/devkitpro/libogc/lib/wii/libbte.a(bte.o)
                0x8000dc18                bte_inquiry_complete
 .text.l2cap_disconnect_cfm
                0x8000de48      0x180 /opt/devkitpro/libogc/lib/wii/libbte.a(bte.o)
                0x8000de48                l2cap_disconnect_cfm
 .text.bte_process_input
                0x8000dfc8      0x120 /opt/devkitpro/libogc/lib/wii/libbte.a(bte.o)
 .text.l2cap_disconnected_ind
                0x8000e0e8      0x18c /opt/devkitpro/libogc/lib/wii/libbte.a(bte.o)
                0x8000e0e8                l2cap_disconnected_ind
 .text.__bte_shutdown_finished
                0x8000e274       0xe0 /opt/devkitpro/libogc/lib/wii/libbte.a(bte.o)
 .text.bte_hci_apply_patch_complete
                0x8000e354      0x168 /opt/devkitpro/libogc/lib/wii/libbte.a(bte.o)
                0x8000e354                bte_hci_apply_patch_complete
 .text.bte_hci_patch_complete
                0x8000e4bc      0x36c /opt/devkitpro/libogc/lib/wii/libbte.a(bte.o)
                0x8000e4bc                bte_hci_patch_complete
 .text.bte_read_remote_name_complete
                0x8000e828      0x178 /opt/devkitpro/libogc/lib/wii/libbte.a(bte.o)
                0x8000e828                bte_read_remote_name_complete
 .text.bte_hci_initcore_complete
                0x8000e9a0      0x250 /opt/devkitpro/libogc/lib/wii/libbte.a(bte.o)
                0x8000e9a0                bte_hci_initcore_complete
 .text.bte_read_stored_link_key_complete
                0x8000ebf0      0x270 /opt/devkitpro/libogc/lib/wii/libbte.a(bte.o)
                0x8000ebf0                bte_read_stored_link_key_complete
 .text.bte_set_evt_filter_complete
                0x8000ee60      0x1c4 /opt/devkitpro/libogc/lib/wii/libbte.a(bte.o)
                0x8000ee60                bte_set_evt_filter_complete
 .text.bte_hci_initcore_complete2
                0x8000f024      0x218 /opt/devkitpro/libogc/lib/wii/libbte.a(bte.o)
 .text.bte_hci_initsub_complete
                0x8000f23c      0x268 /opt/devkitpro/libogc/lib/wii/libbte.a(bte.o)
                0x8000f23c                bte_hci_initsub_complete
 .text.BTE_Init
                0x8000f4a4      0x148 /opt/devkitpro/libogc/lib/wii/libbte.a(bte.o)
                0x8000f4a4                BTE_Init
 .text.BTE_Close
                0x8000f5ec       0x58 /opt/devkitpro/libogc/lib/wii/libbte.a(bte.o)
                0x8000f5ec                BTE_Close
 .text.BTE_Shutdown
                0x8000f644       0xfc /opt/devkitpro/libogc/lib/wii/libbte.a(bte.o)
                0x8000f644                BTE_Shutdown
 .text.BTE_InitCore
                0x8000f740       0x74 /opt/devkitpro/libogc/lib/wii/libbte.a(bte.o)
                0x8000f740                BTE_InitCore
 .text.BTE_ApplyPatch
                0x8000f7b4       0x8c /opt/devkitpro/libogc/lib/wii/libbte.a(bte.o)
                0x8000f7b4                BTE_ApplyPatch
 .text.BTE_InitSub
                0x8000f840       0x78 /opt/devkitpro/libogc/lib/wii/libbte.a(bte.o)
                0x8000f840                BTE_InitSub
 .text.BTE_ReadStoredLinkKey
                0x8000f8b8       0x78 /opt/devkitpro/libogc/lib/wii/libbte.a(bte.o)
                0x8000f8b8                BTE_ReadStoredLinkKey
 .text.BTE_SetEvtFilter
                0x8000f930       0xa0 /opt/devkitpro/libogc/lib/wii/libbte.a(bte.o)
                0x8000f930                BTE_SetEvtFilter
 .text.BTE_ReadRemoteName
                0x8000f9d0       0x74 /opt/devkitpro/libogc/lib/wii/libbte.a(bte.o)
                0x8000f9d0                BTE_ReadRemoteName
 .text.BTE_LinkKeyRequestReply
                0x8000fa44       0x84 /opt/devkitpro/libogc/lib/wii/libbte.a(bte.o)
                0x8000fa44                BTE_LinkKeyRequestReply
 .text.BTE_LinkKeyRequestNegativeReply
                0x8000fac8       0x74 /opt/devkitpro/libogc/lib/wii/libbte.a(bte.o)
                0x8000fac8                BTE_LinkKeyRequestNegativeReply
 .text.BTE_GetPairMode
                0x8000fb3c        0xc /opt/devkitpro/libogc/lib/wii/libbte.a(bte.o)
                0x8000fb3c                BTE_GetPairMode
 .text.BTE_SetDisconnectCallback
                0x8000fb48        0x4 /opt/devkitpro/libogc/lib/wii/libbte.a(bte.o)
                0x8000fb48                BTE_SetDisconnectCallback
 .text.BTE_SetHostSyncButtonCallback
                0x8000fb4c       0x44 /opt/devkitpro/libogc/lib/wii/libbte.a(bte.o)
                0x8000fb4c                BTE_SetHostSyncButtonCallback
 .text.BTE_SetConnectionRequestCallback
                0x8000fb90       0x44 /opt/devkitpro/libogc/lib/wii/libbte.a(bte.o)
                0x8000fb90                BTE_SetConnectionRequestCallback
 .text.BTE_SetLinkKeyRequestCallback
                0x8000fbd4       0x44 /opt/devkitpro/libogc/lib/wii/libbte.a(bte.o)
                0x8000fbd4                BTE_SetLinkKeyRequestCallback
 .text.BTE_SetLinkKeyNotificationCallback
                0x8000fc18       0x44 /opt/devkitpro/libogc/lib/wii/libbte.a(bte.o)
                0x8000fc18                BTE_SetLinkKeyNotificationCallback
 .text.BTE_WriteStoredLinkKey
                0x8000fc5c       0x84 /opt/devkitpro/libogc/lib/wii/libbte.a(bte.o)
                0x8000fc5c                BTE_WriteStoredLinkKey
 .text.BTE_ClearStoredLinkKeys
                0x8000fce0       0x68 /opt/devkitpro/libogc/lib/wii/libbte.a(bte.o)
                0x8000fce0                BTE_ClearStoredLinkKeys
 .text.bte_new  0x8000fd48       0x54 /opt/devkitpro/libogc/lib/wii/libbte.a(bte.o)
                0x8000fd48                bte_new
 .text.bte_free
                0x8000fd9c       0x38 /opt/devkitpro/libogc/lib/wii/libbte.a(bte.o)
                0x8000fd9c                bte_free
 .text.BTE_Inquiry
                0x8000fdd4       0xbc /opt/devkitpro/libogc/lib/wii/libbte.a(bte.o)
                0x8000fdd4                BTE_Inquiry
 .text.bte_disconnect
                0x8000fe90       0xc0 /opt/devkitpro/libogc/lib/wii/libbte.a(bte.o)
                0x8000fe90                bte_disconnect
 .text.bte_connectasync
                0x8000ff50      0x11c /opt/devkitpro/libogc/lib/wii/libbte.a(bte.o)
                0x8000ff50                bte_connectasync
 .text.bte_connectasync_step2
                0x8001006c       0xd4 /opt/devkitpro/libogc/lib/wii/libbte.a(bte.o)
                0x8001006c                bte_connectasync_step2
 .text.bte_listenasync
                0x80010140      0x108 /opt/devkitpro/libogc/lib/wii/libbte.a(bte.o)
                0x80010140                bte_listenasync
 .text.bte_listenasync_step2
                0x80010248       0xd0 /opt/devkitpro/libogc/lib/wii/libbte.a(bte.o)
                0x80010248                bte_listenasync_step2
 .text.bte_senddata
                0x80010318      0x104 /opt/devkitpro/libogc/lib/wii/libbte.a(bte.o)
                0x80010318                bte_senddata
 .text.bte_arg  0x8001041c       0x24 /opt/devkitpro/libogc/lib/wii/libbte.a(bte.o)
                0x8001041c                bte_arg
 .text.bte_received
                0x80010440       0x24 /opt/devkitpro/libogc/lib/wii/libbte.a(bte.o)
                0x80010440                bte_received
 .text.bte_disconnected
                0x80010464       0x24 /opt/devkitpro/libogc/lib/wii/libbte.a(bte.o)
                0x80010464                bte_disconnected
 .text.hci_get_link
                0x80010488       0x84 /opt/devkitpro/libogc/lib/wii/libbte.a(hci.o)
 .text.hci_init
                0x8001050c       0x7c /opt/devkitpro/libogc/lib/wii/libbte.a(hci.o)
                0x8001050c                hci_init
 .text.hci_close
                0x80010588      0x124 /opt/devkitpro/libogc/lib/wii/libbte.a(hci.o)
                0x80010588                hci_close
 .text.hci_reset_all
                0x800106ac       0xa8 /opt/devkitpro/libogc/lib/wii/libbte.a(hci.o)
                0x800106ac                hci_reset_all
 .text.hci_arg  0x80010754        0xc /opt/devkitpro/libogc/lib/wii/libbte.a(hci.o)
                0x80010754                hci_arg
 .text.hci_cmd_complete
                0x80010760        0xc /opt/devkitpro/libogc/lib/wii/libbte.a(hci.o)
                0x80010760                hci_cmd_complete
 .text.hci_pin_req
                0x8001076c        0xc /opt/devkitpro/libogc/lib/wii/libbte.a(hci.o)
                0x8001076c                hci_pin_req
 .text.hci_sync_btn
                0x80010778        0xc /opt/devkitpro/libogc/lib/wii/libbte.a(hci.o)
                0x80010778                hci_sync_btn
 .text.hci_remote_name_req_complete
                0x80010784        0xc /opt/devkitpro/libogc/lib/wii/libbte.a(hci.o)
                0x80010784                hci_remote_name_req_complete
 .text.hci_link_key_req
                0x80010790        0xc /opt/devkitpro/libogc/lib/wii/libbte.a(hci.o)
                0x80010790                hci_link_key_req
 .text.hci_link_key_not
                0x8001079c        0xc /opt/devkitpro/libogc/lib/wii/libbte.a(hci.o)
                0x8001079c                hci_link_key_not
 .text.hci_connection_complete
                0x800107a8        0xc /opt/devkitpro/libogc/lib/wii/libbte.a(hci.o)
                0x800107a8                hci_connection_complete
 .text.hci_auth_complete
                0x800107b4        0xc /opt/devkitpro/libogc/lib/wii/libbte.a(hci.o)
                0x800107b4                hci_auth_complete
 .text.hci_wlp_complete
                0x800107c0        0xc /opt/devkitpro/libogc/lib/wii/libbte.a(hci.o)
                0x800107c0                hci_wlp_complete
 .text.hci_conn_req
                0x800107cc        0xc /opt/devkitpro/libogc/lib/wii/libbte.a(hci.o)
                0x800107cc                hci_conn_req
 .text.hci_reset
                0x800107d8       0xa8 /opt/devkitpro/libogc/lib/wii/libbte.a(hci.o)
                0x800107d8                hci_reset
 .text.hci_read_buffer_size
                0x80010880       0xa8 /opt/devkitpro/libogc/lib/wii/libbte.a(hci.o)
                0x80010880                hci_read_buffer_size
 .text.hci_read_bd_addr
                0x80010928       0xa8 /opt/devkitpro/libogc/lib/wii/libbte.a(hci.o)
                0x80010928                hci_read_bd_addr
 .text.hci_read_local_version
                0x800109d0       0xa4 /opt/devkitpro/libogc/lib/wii/libbte.a(hci.o)
                0x800109d0                hci_read_local_version
 .text.hci_read_local_features
                0x80010a74       0xa8 /opt/devkitpro/libogc/lib/wii/libbte.a(hci.o)
                0x80010a74                hci_read_local_features
 .text.hci_read_stored_link_key
                0x80010b1c      0x10c /opt/devkitpro/libogc/lib/wii/libbte.a(hci.o)
                0x80010b1c                hci_read_stored_link_key
 .text.hci_set_event_filter
                0x80010c28      0x180 /opt/devkitpro/libogc/lib/wii/libbte.a(hci.o)
                0x80010c28                hci_set_event_filter
 .text.hci_write_page_timeout
                0x80010da8       0xc8 /opt/devkitpro/libogc/lib/wii/libbte.a(hci.o)
                0x80010da8                hci_write_page_timeout
 .text.hci_write_scan_enable
                0x80010e70       0xc0 /opt/devkitpro/libogc/lib/wii/libbte.a(hci.o)
                0x80010e70                hci_write_scan_enable
 .text.hci_inquiry
                0x80010f30      0x144 /opt/devkitpro/libogc/lib/wii/libbte.a(hci.o)
                0x80010f30                hci_inquiry
 .text.hci_accept_conn_request
                0x80011074       0xf0 /opt/devkitpro/libogc/lib/wii/libbte.a(hci.o)
                0x80011074                hci_accept_conn_request
 .text.hci_write_local_name
                0x80011164       0xec /opt/devkitpro/libogc/lib/wii/libbte.a(hci.o)
                0x80011164                hci_write_local_name
 .text.hci_write_pin_type
                0x80011250       0xc0 /opt/devkitpro/libogc/lib/wii/libbte.a(hci.o)
                0x80011250                hci_write_pin_type
 .text.hci_read_remote_name
                0x80011310      0x1a8 /opt/devkitpro/libogc/lib/wii/libbte.a(hci.o)
                0x80011310                hci_read_remote_name
 .text.hci_write_inquiry_mode
                0x800114b8       0xc0 /opt/devkitpro/libogc/lib/wii/libbte.a(hci.o)
                0x800114b8                hci_write_inquiry_mode
 .text.hci_write_page_scan_type
                0x80011578       0xc0 /opt/devkitpro/libogc/lib/wii/libbte.a(hci.o)
                0x80011578                hci_write_page_scan_type
 .text.hci_write_inquiry_scan_type
                0x80011638       0xc0 /opt/devkitpro/libogc/lib/wii/libbte.a(hci.o)
                0x80011638                hci_write_inquiry_scan_type
 .text.hci_vendor_specific_command
                0x800116f8      0x104 /opt/devkitpro/libogc/lib/wii/libbte.a(hci.o)
                0x800116f8                hci_vendor_specific_command
 .text.hci_auth_req
                0x800117fc       0xdc /opt/devkitpro/libogc/lib/wii/libbte.a(hci.o)
                0x800117fc                hci_auth_req
 .text.hci_write_link_policy_settings
                0x800118d8       0xf4 /opt/devkitpro/libogc/lib/wii/libbte.a(hci.o)
                0x800118d8                hci_write_link_policy_settings
 .text.hci_pin_code_request_reply
                0x800119cc      0x150 /opt/devkitpro/libogc/lib/wii/libbte.a(hci.o)
                0x800119cc                hci_pin_code_request_reply
 .text.hci_link_key_req_reply
                0x80011b1c      0x114 /opt/devkitpro/libogc/lib/wii/libbte.a(hci.o)
                0x80011b1c                hci_link_key_req_reply
 .text.hci_pin_code_request_neg_reply
                0x80011c30       0xd4 /opt/devkitpro/libogc/lib/wii/libbte.a(hci.o)
                0x80011c30                hci_pin_code_request_neg_reply
 .text.hci_link_key_req_neg_reply
                0x80011d04       0xd4 /opt/devkitpro/libogc/lib/wii/libbte.a(hci.o)
                0x80011d04                hci_link_key_req_neg_reply
 .text.hci_disconnect
                0x80011dd8       0xf8 /opt/devkitpro/libogc/lib/wii/libbte.a(hci.o)
                0x80011dd8                hci_disconnect
 .text.hci_reject_connection_request
                0x80011ed0       0xf0 /opt/devkitpro/libogc/lib/wii/libbte.a(hci.o)
                0x80011ed0                hci_reject_connection_request
 .text.hci_write_stored_link_key
                0x80011fc0      0x128 /opt/devkitpro/libogc/lib/wii/libbte.a(hci.o)
                0x80011fc0                hci_write_stored_link_key
 .text.hci_delete_stored_link_key
                0x800120e8      0x10c /opt/devkitpro/libogc/lib/wii/libbte.a(hci.o)
                0x800120e8                hci_delete_stored_link_key
 .text.hci_write_cod
                0x800121f4       0xd8 /opt/devkitpro/libogc/lib/wii/libbte.a(hci.o)
                0x800121f4                hci_write_cod
 .text.hci_host_buffer_size
                0x800122cc       0xf8 /opt/devkitpro/libogc/lib/wii/libbte.a(hci.o)
                0x800122cc                hci_host_buffer_size
 .text.hci_host_num_comp_packets
                0x800123c4      0x100 /opt/devkitpro/libogc/lib/wii/libbte.a(hci.o)
                0x800123c4                hci_host_num_comp_packets
 .text.lp_pdu_maxsize
                0x800124c4        0xc /opt/devkitpro/libogc/lib/wii/libbte.a(hci.o)
                0x800124c4                lp_pdu_maxsize
 .text.hci_get_bd_addr
                0x800124d0       0x50 /opt/devkitpro/libogc/lib/wii/libbte.a(hci.o)
                0x800124d0                hci_get_bd_addr
 .text.lp_is_connected
                0x80012520       0x28 /opt/devkitpro/libogc/lib/wii/libbte.a(hci.o)
                0x80012520                lp_is_connected
 .text.lp_acl_write
                0x80012548      0x144 /opt/devkitpro/libogc/lib/wii/libbte.a(hci.o)
                0x80012548                lp_acl_write
 .text.lp_write_flush_timeout
                0x8001268c       0xf4 /opt/devkitpro/libogc/lib/wii/libbte.a(hci.o)
                0x8001268c                lp_write_flush_timeout
 .text.lp_connect_req
                0x80012780      0x274 /opt/devkitpro/libogc/lib/wii/libbte.a(hci.o)
                0x80012780                lp_connect_req
 .text.hci_event_handler
                0x800129f4      0xdf0 /opt/devkitpro/libogc/lib/wii/libbte.a(hci.o)
                0x800129f4                hci_event_handler
 .text.hci_acldata_handler
                0x800137e4       0xec /opt/devkitpro/libogc/lib/wii/libbte.a(hci.o)
                0x800137e4                hci_acldata_handler
 .text.l2cap_init
                0x800138d0       0x60 /opt/devkitpro/libogc/lib/wii/libbte.a(l2cap.o)
                0x800138d0                l2cap_init
 .text.l2cap_write
                0x80013930      0x1a0 /opt/devkitpro/libogc/lib/wii/libbte.a(l2cap.o)
                0x80013930                l2cap_write
 .text.l2cap_new
                0x80013ad0       0x60 /opt/devkitpro/libogc/lib/wii/libbte.a(l2cap.o)
                0x80013ad0                l2cap_new
 .text.l2cap_close
                0x80013b30      0x1b4 /opt/devkitpro/libogc/lib/wii/libbte.a(l2cap.o)
                0x80013b30                l2cap_close
 .text.l2cap_reset_all
                0x80013ce4      0x134 /opt/devkitpro/libogc/lib/wii/libbte.a(l2cap.o)
                0x80013ce4                l2cap_reset_all
 .text.l2cap_signal
                0x80013e18      0x204 /opt/devkitpro/libogc/lib/wii/libbte.a(l2cap.o)
                0x80013e18                l2cap_signal
 .text.l2ca_connect_req
                0x8001401c      0x1b8 /opt/devkitpro/libogc/lib/wii/libbte.a(l2cap.o)
                0x8001401c                l2ca_connect_req
 .text.l2ca_config_req
                0x800141d4      0x128 /opt/devkitpro/libogc/lib/wii/libbte.a(l2cap.o)
                0x800141d4                l2ca_config_req
 .text.l2ca_disconnect_req
                0x800142fc       0xbc /opt/devkitpro/libogc/lib/wii/libbte.a(l2cap.o)
                0x800142fc                l2ca_disconnect_req
 .text.l2cap_tmr
                0x800143b8      0x260 /opt/devkitpro/libogc/lib/wii/libbte.a(l2cap.o)
                0x800143b8                l2cap_tmr
 .text.l2cap_process_sig
                0x80014618     0x1168 /opt/devkitpro/libogc/lib/wii/libbte.a(l2cap.o)
                0x80014618                l2cap_process_sig
 .text.l2cap_input
                0x80015780      0x5c0 /opt/devkitpro/libogc/lib/wii/libbte.a(l2cap.o)
                0x80015780                l2cap_input
 .text.l2ca_datawrite
                0x80015d40      0x10c /opt/devkitpro/libogc/lib/wii/libbte.a(l2cap.o)
                0x80015d40                l2ca_datawrite
 .text.lp_connect_cfm
                0x80015e4c      0x160 /opt/devkitpro/libogc/lib/wii/libbte.a(l2cap.o)
                0x80015e4c                lp_connect_cfm
 .text.lp_connect_ind
                0x80015fac        0x4 /opt/devkitpro/libogc/lib/wii/libbte.a(l2cap.o)
                0x80015fac                lp_connect_ind
 .text.lp_disconnect_ind
                0x80015fb0      0x1b0 /opt/devkitpro/libogc/lib/wii/libbte.a(l2cap.o)
                0x80015fb0                lp_disconnect_ind
 .text.l2cap_disconnect_bb
                0x80016160       0x10 /opt/devkitpro/libogc/lib/wii/libbte.a(l2cap.o)
                0x80016160                l2cap_disconnect_bb
 .text.l2cap_arg
                0x80016170        0x8 /opt/devkitpro/libogc/lib/wii/libbte.a(l2cap.o)
                0x80016170                l2cap_arg
 .text.l2cap_connect_ind
                0x80016178       0xec /opt/devkitpro/libogc/lib/wii/libbte.a(l2cap.o)
                0x80016178                l2cap_connect_ind
 .text.l2cap_disconnect_ind
                0x80016264        0x8 /opt/devkitpro/libogc/lib/wii/libbte.a(l2cap.o)
                0x80016264                l2cap_disconnect_ind
 .text.l2cap_recv
                0x8001626c        0x8 /opt/devkitpro/libogc/lib/wii/libbte.a(l2cap.o)
                0x8001626c                l2cap_recv
 .text.btmemb_init
                0x80016274       0x24 /opt/devkitpro/libogc/lib/wii/libbte.a(btmemb.o)
                0x80016274                btmemb_init
 .text.btmemb_alloc
                0x80016298       0x88 /opt/devkitpro/libogc/lib/wii/libbte.a(btmemb.o)
                0x80016298                btmemb_alloc
 .text.btmemb_free
                0x80016320       0xcc /opt/devkitpro/libogc/lib/wii/libbte.a(btmemb.o)
                0x80016320                btmemb_free
 .text.plug_holes
                0x800163ec       0xac /opt/devkitpro/libogc/lib/wii/libbte.a(btmemr.o)
 .text.btmemr_init
                0x80016498       0x90 /opt/devkitpro/libogc/lib/wii/libbte.a(btmemr.o)
                0x80016498                btmemr_init
 .text.btmemr_malloc
                0x80016528      0x168 /opt/devkitpro/libogc/lib/wii/libbte.a(btmemr.o)
                0x80016528                btmemr_malloc
 .text.btmemr_free
                0x80016690       0x90 /opt/devkitpro/libogc/lib/wii/libbte.a(btmemr.o)
                0x80016690                btmemr_free
 .text.btmemr_realloc
                0x80016720      0x10c /opt/devkitpro/libogc/lib/wii/libbte.a(btmemr.o)
                0x80016720                btmemr_realloc
 .text.btpbuf_init
                0x8001682c       0x28 /opt/devkitpro/libogc/lib/wii/libbte.a(btpbuf.o)
                0x8001682c                btpbuf_init
 .text.btpbuf_free
                0x80016854       0xfc /opt/devkitpro/libogc/lib/wii/libbte.a(btpbuf.o)
                0x80016854                btpbuf_free
 .text.btpbuf_alloc
                0x80016950      0x270 /opt/devkitpro/libogc/lib/wii/libbte.a(btpbuf.o)
                0x80016950                btpbuf_alloc
 .text.btpbuf_realloc
                0x80016bc0      0x120 /opt/devkitpro/libogc/lib/wii/libbte.a(btpbuf.o)
                0x80016bc0                btpbuf_realloc
 .text.btpbuf_header
                0x80016ce0       0x84 /opt/devkitpro/libogc/lib/wii/libbte.a(btpbuf.o)
                0x80016ce0                btpbuf_header
 .text.btpbuf_ref
                0x80016d64       0x34 /opt/devkitpro/libogc/lib/wii/libbte.a(btpbuf.o)
                0x80016d64                btpbuf_ref
 .text.btpbuf_chain
                0x80016d98       0x88 /opt/devkitpro/libogc/lib/wii/libbte.a(btpbuf.o)
                0x80016d98                btpbuf_chain
 .text.btpbuf_dechain
                0x80016e20       0x7c /opt/devkitpro/libogc/lib/wii/libbte.a(btpbuf.o)
                0x80016e20                btpbuf_dechain
 .text.btpbuf_take
                0x80016e9c      0x13c /opt/devkitpro/libogc/lib/wii/libbte.a(btpbuf.o)
                0x80016e9c                btpbuf_take
 .text.__writebulkmsgCB
                0x80016fd8       0x3c /opt/devkitpro/libogc/lib/wii/libbte.a(physbusif.o)
 .text.__writectrlmsgCB
                0x80017014       0x3c /opt/devkitpro/libogc/lib/wii/libbte.a(physbusif.o)
 .text.__issue_intrread.part.0
                0x80017050       0x80 /opt/devkitpro/libogc/lib/wii/libbte.a(physbusif.o)
 .text.__readintrdataCB
                0x800170d0      0x134 /opt/devkitpro/libogc/lib/wii/libbte.a(physbusif.o)
 .text.__issue_bulkread.part.0
                0x80017204       0x80 /opt/devkitpro/libogc/lib/wii/libbte.a(physbusif.o)
 .text.__readbulkdataCB
                0x80017284      0x134 /opt/devkitpro/libogc/lib/wii/libbte.a(physbusif.o)
 .text.physbusif_init
                0x800173b8      0x1ec /opt/devkitpro/libogc/lib/wii/libbte.a(physbusif.o)
                0x800173b8                physbusif_init
 .text.physbusif_close
                0x800175a4       0x20 /opt/devkitpro/libogc/lib/wii/libbte.a(physbusif.o)
                0x800175a4                physbusif_close
 .text.physbusif_shutdown
                0x800175c4       0x18 /opt/devkitpro/libogc/lib/wii/libbte.a(physbusif.o)
                0x800175c4                physbusif_shutdown
 .text.physbusif_reset_all
                0x800175dc        0x4 /opt/devkitpro/libogc/lib/wii/libbte.a(physbusif.o)
                0x800175dc                physbusif_reset_all
 .text.physbusif_output
                0x800175e0      0x1f4 /opt/devkitpro/libogc/lib/wii/libbte.a(physbusif.o)
                0x800175e0                physbusif_output
 .text.atanf    0x800177d4      0x278 /opt/devkitpro/devkitPPC/lib/gcc/powerpc-eabi/15.2.0/../../../../powerpc-eabi/lib/libm.a(libm_a-sf_atan.o)
                0x800177d4                atanf
 .text.atan2    0x80017a4c        0x4 /opt/devkitpro/devkitPPC/lib/gcc/powerpc-eabi/15.2.0/../../../../powerpc-eabi/lib/libm.a(libm_a-w_atan2.o)
                0x80017a4c                atan2
 .text.fabsf    0x80017a50       0x20 /opt/devkitpro/devkitPPC/lib/gcc/powerpc-eabi/15.2.0/../../../../powerpc-eabi/lib/libm.a(libm_a-sf_fabs.o)
                0x80017a50                fabsf
 .text.sqrtf    0x80017a70       0x70 /opt/devkitpro/devkitPPC/lib/gcc/powerpc-eabi/15.2.0/../../../../powerpc-eabi/lib/libm.a(libm_a-wf_sqrt.o)
                0x80017a70                sqrtf
 .text.hypotf   0x80017ae0       0x8c /opt/devkitpro/devkitPPC/lib/gcc/powerpc-eabi/15.2.0/../../../../powerpc-eabi/lib/libm.a(libm_a-wf_hypot.o)
                0x80017ae0                hypotf
 .text.atan2f   0x80017b6c        0x4 /opt/devkitpro/devkitPPC/lib/gcc/powerpc-eabi/15.2.0/../../../../powerpc-eabi/lib/libm.a(libm_a-wf_atan2.o)
                0x80017b6c                atan2f
 .text.__ieee754_hypotf
                0x80017b70      0x210 /opt/devkitpro/devkitPPC/lib/gcc/powerpc-eabi/15.2.0/../../../../powerpc-eabi/lib/libm.a(libm_a-ef_hypot.o)
                0x80017b70                __ieee754_hypotf
 .text.sincos   0x80017d80       0x58 /opt/devkitpro/devkitPPC/lib/gcc/powerpc-eabi/15.2.0/../../../../powerpc-eabi/lib/libm.a(libm_a-w_sincos.o)
                0x80017d80                sincos
 .text.__ieee754_atan2
                0x80017dd8      0x280 /opt/devkitpro/devkitPPC/lib/gcc/powerpc-eabi/15.2.0/../../../../powerpc-eabi/lib/libm.a(libm_a-e_atan2.o)
                0x80017dd8                __ieee754_atan2
 .text.finitef  0x80018058       0x28 /opt/devkitpro/devkitPPC/lib/gcc/powerpc-eabi/15.2.0/../../../../powerpc-eabi/lib/libm.a(libm_a-sf_finite.o)
                0x80018058                finitef
 .text.sincosf  0x80018080       0x58 /opt/devkitpro/devkitPPC/lib/gcc/powerpc-eabi/15.2.0/../../../../powerpc-eabi/lib/libm.a(libm_a-wf_sincos.o)
                0x80018080                sincosf
 .text.atan     0x800180d8      0x290 /opt/devkitpro/devkitPPC/lib/gcc/powerpc-eabi/15.2.0/../../../../powerpc-eabi/lib/libm.a(libm_a-s_atan.o)
                0x800180d8                atan
 .text.__ieee754_sqrtf
                0x80018368      0x160 /opt/devkitpro/devkitPPC/lib/gcc/powerpc-eabi/15.2.0/../../../../powerpc-eabi/lib/libm.a(libm_a-ef_sqrt.o)
                0x80018368                __ieee754_sqrtf
 .text.__ieee754_atan2f
                0x800184c8      0x248 /opt/devkitpro/devkitPPC/lib/gcc/powerpc-eabi/15.2.0/../../../../powerpc-eabi/lib/libm.a(libm_a-ef_atan2.o)
                0x800184c8                __ieee754_atan2f
 .text.sin      0x80018710       0xd4 /opt/devkitpro/devkitPPC/lib/gcc/powerpc-eabi/15.2.0/../../../../powerpc-eabi/lib/libm.a(libm_a-s_sin.o)
                0x80018710                sin
 .text.fabs     0x800187e4       0x28 /opt/devkitpro/devkitPPC/lib/gcc/powerpc-eabi/15.2.0/../../../../powerpc-eabi/lib/libm.a(libm_a-s_fabs.o)
                0x800187e4                fabs
 .text.__ieee754_rem_pio2
                0x8001880c      0x420 /opt/devkitpro/devkitPPC/lib/gcc/powerpc-eabi/15.2.0/../../../../powerpc-eabi/lib/libm.a(libm_a-e_rem_pio2.o)
                0x8001880c                __ieee754_rem_pio2
 .text.__kernel_rem_pio2
                0x80018c2c      0xf48 /opt/devkitpro/devkitPPC/lib/gcc/powerpc-eabi/15.2.0/../../../../powerpc-eabi/lib/libm.a(libm_a-k_rem_pio2.o)
                0x80018c2c                __kernel_rem_pio2
 .text.scalbn   0x80019b74      0x198 /opt/devkitpro/devkitPPC/lib/gcc/powerpc-eabi/15.2.0/../../../../powerpc-eabi/lib/libm.a(libm_a-s_scalbn.o)
                0x80019b74                scalbn
 .text.cosf     0x80019d0c       0xd4 /opt/devkitpro/devkitPPC/lib/gcc/powerpc-eabi/15.2.0/../../../../powerpc-eabi/lib/libm.a(libm_a-sf_cos.o)
                0x80019d0c                cosf
 .text.__kernel_sin
                0x80019de0       0xcc /opt/devkitpro/devkitPPC/lib/gcc/powerpc-eabi/15.2.0/../../../../powerpc-eabi/lib/libm.a(libm_a-k_sin.o)
                0x80019de0                __kernel_sin
 .text.cos      0x80019eac       0xd0 /opt/devkitpro/devkitPPC/lib/gcc/powerpc-eabi/15.2.0/../../../../powerpc-eabi/lib/libm.a(libm_a-s_cos.o)
                0x80019eac                cos
 .text.__kernel_cosf
                0x80019f7c      0x180 /opt/devkitpro/devkitPPC/lib/gcc/powerpc-eabi/15.2.0/../../../../powerpc-eabi/lib/libm.a(libm_a-kf_cos.o)
                0x80019f7c                __kernel_cosf
 .text.sinf     0x8001a0fc       0xd8 /opt/devkitpro/devkitPPC/lib/gcc/powerpc-eabi/15.2.0/../../../../powerpc-eabi/lib/libm.a(libm_a-sf_sin.o)
                0x8001a0fc                sinf
 .text.floor    0x8001a1d4      0x188 /opt/devkitpro/devkitPPC/lib/gcc/powerpc-eabi/15.2.0/../../../../powerpc-eabi/lib/libm.a(libm_a-s_floor.o)
                0x8001a1d4                floor
 .text.__kernel_cos
                0x8001a35c      0x188 /opt/devkitpro/devkitPPC/lib/gcc/powerpc-eabi/15.2.0/../../../../powerpc-eabi/lib/libm.a(libm_a-k_cos.o)
                0x8001a35c                __kernel_cos
 .text.__kernel_sinf
                0x8001a4e4       0xcc /opt/devkitpro/devkitPPC/lib/gcc/powerpc-eabi/15.2.0/../../../../powerpc-eabi/lib/libm.a(libm_a-kf_sin.o)
                0x8001a4e4                __kernel_sinf
 .text.__ieee754_rem_pio2f
                0x8001a5b0      0x418 /opt/devkitpro/devkitPPC/lib/gcc/powerpc-eabi/15.2.0/../../../../powerpc-eabi/lib/libm.a(libm_a-ef_rem_pio2.o)
                0x8001a5b0                __ieee754_rem_pio2f
 .text.__kernel_rem_pio2f
                0x8001a9c8      0xf70 /opt/devkitpro/devkitPPC/lib/gcc/powerpc-eabi/15.2.0/../../../../powerpc-eabi/lib/libm.a(libm_a-kf_rem_pio2.o)
                0x8001a9c8                __kernel_rem_pio2f
 .text.floorf   0x8001b938      0x10c /opt/devkitpro/devkitPPC/lib/gcc/powerpc-eabi/15.2.0/../../../../powerpc-eabi/lib/libm.a(libm_a-sf_floor.o)
                0x8001b938                floorf
 .text.scalbnf  0x8001ba44      0x18c /opt/devkitpro/devkitPPC/lib/gcc/powerpc-eabi/15.2.0/../../../../powerpc-eabi/lib/libm.a(libm_a-sf_scalbn.o)
                0x8001ba44                scalbnf
 .text.player   0x8001bbd0       0xa0 /opt/devkitpro/libogc/lib/wii/libmodplay.a(gcmodplay.o)
 .text.SndBufStart
                0x8001bc70      0x1e0 /opt/devkitpro/libogc/lib/wii/libmodplay.a(gcmodplay.o)
 .text.__aesndvoicecallback
                0x8001be50       0x54 /opt/devkitpro/libogc/lib/wii/libmodplay.a(gcmodplay.o)
 .text.mixCallback
                0x8001bea4       0x50 /opt/devkitpro/libogc/lib/wii/libmodplay.a(gcmodplay.o)
 .text.updateWaveFormat.isra.0
                0x8001bef4      0x1b0 /opt/devkitpro/libogc/lib/wii/libmodplay.a(gcmodplay.o)
 .text.MODPlay_Init
                0x8001c0a4      0x10c /opt/devkitpro/libogc/lib/wii/libmodplay.a(gcmodplay.o)
                0x8001c0a4                MODPlay_Init
 .text.MODPlay_SetMOD
                0x8001c1b0       0xe0 /opt/devkitpro/libogc/lib/wii/libmodplay.a(gcmodplay.o)
                0x8001c1b0                MODPlay_SetMOD
 .text.MODPlay_Start
                0x8001c290       0x80 /opt/devkitpro/libogc/lib/wii/libmodplay.a(gcmodplay.o)
                0x8001c290                MODPlay_Start
 .text.MODPlay_SetVolume
                0x8001c310       0x50 /opt/devkitpro/libogc/lib/wii/libmodplay.a(gcmodplay.o)
                0x8001c310                MODPlay_SetVolume
 .text.MOD_AllocSFXChannels
                0x8001c360       0x60 /opt/devkitpro/libogc/lib/wii/libmodplay.a(modplay.o)
                0x8001c360                MOD_AllocSFXChannels
 .text.MOD_Free
                0x8001c3c0       0x68 /opt/devkitpro/libogc/lib/wii/libmodplay.a(modplay.o)
                0x8001c3c0                MOD_Free
 .text.MOD_SetMOD
                0x8001c428      0x4a8 /opt/devkitpro/libogc/lib/wii/libmodplay.a(modplay.o)
                0x8001c428                MOD_SetMOD
 .text.triggerNote
                0x8001c8d0      0x188 /opt/devkitpro/libogc/lib/wii/libmodplay.a(modplay.o)
                0x8001c8d0                triggerNote
 .text.effect_handler
                0x8001ca58      0x600 /opt/devkitpro/libogc/lib/wii/libmodplay.a(modplay.o)
                0x8001ca58                effect_handler
 .text.process  0x8001d058      0x8a4 /opt/devkitpro/libogc/lib/wii/libmodplay.a(modplay.o)
                0x8001d058                process
 .text.MOD_Start
                0x8001d8fc      0x368 /opt/devkitpro/libogc/lib/wii/libmodplay.a(modplay.o)
                0x8001d8fc                MOD_Start
 .text.MOD_Player
                0x8001dc64      0x240 /opt/devkitpro/libogc/lib/wii/libmodplay.a(modplay.o)
                0x8001dc64                MOD_Player
 .text.mix_mono_16bit
                0x8001dea4      0xb88 /opt/devkitpro/libogc/lib/wii/libmodplay.a(mixer.o)
                0x8001dea4                mix_mono_16bit
 .text.mix_stereo_16bit
                0x8001ea2c      0x4f8 /opt/devkitpro/libogc/lib/wii/libmodplay.a(mixer.o)
                0x8001ea2c                mix_stereo_16bit
 .text.__dsp_resumecallback
                0x8001ef24        0x4 /opt/devkitpro/libogc/lib/wii/libaesnd.a(aesndlib.o)
 .text.__dsp_donecallback
                0x8001ef28       0x14 /opt/devkitpro/libogc/lib/wii/libaesnd.a(aesndlib.o)
 .text.__dsp_initcallback
                0x8001ef3c       0x5c /opt/devkitpro/libogc/lib/wii/libaesnd.a(aesndlib.o)
 .text.__aesndfillbuffer.constprop.0
                0x8001ef98       0xf4 /opt/devkitpro/libogc/lib/wii/libaesnd.a(aesndlib.o)
 .text.__dsp_requestcallback
                0x8001f08c      0x56c /opt/devkitpro/libogc/lib/wii/libaesnd.a(aesndlib.o)
 .text.__audio_dma_callback
                0x8001f5f8      0x2dc /opt/devkitpro/libogc/lib/wii/libaesnd.a(aesndlib.o)
 .text.AESND_Init
                0x8001f8d4      0x29c /opt/devkitpro/libogc/lib/wii/libaesnd.a(aesndlib.o)
                0x8001f8d4                AESND_Init
 .text.AESND_AllocateVoiceWithArg
                0x8001fb70       0xc0 /opt/devkitpro/libogc/lib/wii/libaesnd.a(aesndlib.o)
                0x8001fb70                AESND_AllocateVoiceWithArg
 .text.AESND_SetVoiceBuffer
                0x8001fc30       0x30 /opt/devkitpro/libogc/lib/wii/libaesnd.a(aesndlib.o)
                0x8001fc30                AESND_SetVoiceBuffer
 .text.AESND_SetVoiceFormat
                0x8001fc60       0x84 /opt/devkitpro/libogc/lib/wii/libaesnd.a(aesndlib.o)
                0x8001fc60                AESND_SetVoiceFormat
 .text.AESND_SetVoiceVolume
                0x8001fce4       0x28 /opt/devkitpro/libogc/lib/wii/libaesnd.a(aesndlib.o)
                0x8001fce4                AESND_SetVoiceVolume
 .text.AESND_SetVoiceFrequency
                0x8001fd0c       0xa0 /opt/devkitpro/libogc/lib/wii/libaesnd.a(aesndlib.o)
                0x8001fd0c                AESND_SetVoiceFrequency
 .text.AESND_SetVoiceStream
                0x8001fdac       0x40 /opt/devkitpro/libogc/lib/wii/libaesnd.a(aesndlib.o)
                0x8001fdac                AESND_SetVoiceStream
 .text.AESND_SetVoiceStop
                0x8001fdec       0x40 /opt/devkitpro/libogc/lib/wii/libaesnd.a(aesndlib.o)
                0x8001fdec                AESND_SetVoiceStop
 .text.DEBUGPrint
                0x8001fe2c        0x4 /opt/devkitpro/libogc/lib/wii/libogc.a(common_crt0.o)
                0x8001fe2c                DEBUGPrint
 .text.__eabi   0x8001fe30        0x4 /opt/devkitpro/libogc/lib/wii/libogc.a(common_crt0.o)
                0x8001fe30                __eabi
 .text.PPCEarlyInit
                0x8001fe34       0x24 /opt/devkitpro/libogc/lib/wii/libogc.a(early_init.o)
                0x8001fe34                PPCEarlyInit
 .text.PPCEarlyInitImpl
                0x8001fe58      0x1a4 /opt/devkitpro/libogc/lib/wii/libogc.a(early_init.o)
 .text.PPCDCacheFlushAsync
                0x8001fffc       0x28 /opt/devkitpro/libogc/lib/wii/libogc.a(cache.o)
                0x8001fffc                PPCDCacheFlushAsync
 .text.PPCDCacheInvalidate
                0x80020024       0x28 /opt/devkitpro/libogc/lib/wii/libogc.a(cache.o)
                0x80020024                PPCDCacheInvalidate
 .text.PPCICacheInvalidate
                0x8002004c       0x28 /opt/devkitpro/libogc/lib/wii/libogc.a(cache.o)
                0x8002004c                PPCICacheInvalidate
 .text.PPCExcptDefaultPanicFn
                0x80020074       0xac /opt/devkitpro/libogc/lib/wii/libogc.a(exception.o)
 .text.PPCExcptInit
                0x80020120      0x140 /opt/devkitpro/libogc/lib/wii/libogc.a(exception.o)
                0x80020120                PPCExcptInit
 .text.PPCExcptEntryGeneral
                0x80020260       0x60 /opt/devkitpro/libogc/lib/wii/libogc.a(exception_asm.o)
                0x80020264                PPCExcptEntryGeneral
 .text.PPCExcptEntryFpu
                0x800202c0       0x90 /opt/devkitpro/libogc/lib/wii/libogc.a(exception_asm.o)
                0x800202c4                PPCExcptEntryFpu
 .text.PPCExcptFpuHandler
                0x80020350      0x260 /opt/devkitpro/libogc/lib/wii/libogc.a(exception_asm.o)
 .text.PPCExcptDefaultScHandler
                0x800205b0       0x3c /opt/devkitpro/libogc/lib/wii/libogc.a(exception_asm.o)
                0x800205b0                PPCExcptDefaultScHandler
 .text.PPCExcptDefaultHandler
                0x800205ec      0x13c /opt/devkitpro/libogc/lib/wii/libogc.a(exception_asm.o)
                0x800205ec                PPCExcptDefaultHandler
 .text.KIrqInit
                0x80020728       0x94 /opt/devkitpro/libogc/lib/wii/libogc.a(interrupt.o)
                0x80020728                KIrqInit
 .text.KIrqDispatch
                0x800207bc      0x260 /opt/devkitpro/libogc/lib/wii/libogc.a(interrupt.o)
                0x800207bc                KIrqDispatch
 .text.KIrqEnable
                0x80020a1c      0x248 /opt/devkitpro/libogc/lib/wii/libogc.a(interrupt.o)
                0x80020a1c                KIrqEnable
 .text.KIrqDisable
                0x80020c64      0x244 /opt/devkitpro/libogc/lib/wii/libogc.a(interrupt.o)
                0x80020c64                KIrqDisable
 .text.KIrqGet  0x80020ea8       0x14 /opt/devkitpro/libogc/lib/wii/libogc.a(interrupt.o)
                0x80020ea8                KIrqGet
 .text.KIrqSet  0x80020ebc       0x3c /opt/devkitpro/libogc/lib/wii/libogc.a(interrupt.o)
                0x80020ebc                KIrqSet
 .text.PPCExcptIrqHandler
                0x80020ef8      0x144 /opt/devkitpro/libogc/lib/wii/libogc.a(interrupt_asm.o)
                0x80020ef8                PPCExcptIrqHandler
 .text.__PPCContextPrepareToJump
                0x8002103c       0x4c /opt/devkitpro/libogc/lib/wii/libogc.a(interrupt_asm.o)
                0x8002103c                __PPCContextPrepareToJump
 .text.__PPCContextJump
                0x80021088        0x8 /opt/devkitpro/libogc/lib/wii/libogc.a(interrupt_asm.o)
                0x80021088                __PPCContextJump
 .text.KThreadIdleMain
                0x80021090        0x4 /opt/devkitpro/libogc/lib/wii/libogc.a(thread.o)
 .text.__getreent
                0x80021094       0x24 /opt/devkitpro/libogc/lib/wii/libogc.a(thread.o)
                0x80021094                __getreent
 .text.KThreadInit
                0x800210b8      0x100 /opt/devkitpro/libogc/lib/wii/libogc.a(thread.o)
                0x800210b8                KThreadInit
 .text.KThreadPrepare
                0x800211b8      0x1e8 /opt/devkitpro/libogc/lib/wii/libogc.a(thread.o)
                0x800211b8                KThreadPrepare
 .text.KThreadSwitchTo
                0x800213a0       0x88 /opt/devkitpro/libogc/lib/wii/libogc.a(thread.o)
                0x800213a0                KThreadSwitchTo
 .text.KThreadResume
                0x80021428       0x78 /opt/devkitpro/libogc/lib/wii/libogc.a(thread.o)
                0x80021428                KThreadResume
 .text.KThreadSuspend
                0x800214a0       0x90 /opt/devkitpro/libogc/lib/wii/libogc.a(thread.o)
                0x800214a0                KThreadSuspend
 .text.KThrQueueBlock
                0x80021530      0x108 /opt/devkitpro/libogc/lib/wii/libogc.a(thread.o)
                0x80021530                KThrQueueBlock
 .text.KThreadJoin
                0x80021638       0x88 /opt/devkitpro/libogc/lib/wii/libogc.a(thread.o)
                0x80021638                KThreadJoin
 .text.KThrQueueUnblockOneByValue
                0x800216c0       0xcc /opt/devkitpro/libogc/lib/wii/libogc.a(thread.o)
                0x800216c0                KThrQueueUnblockOneByValue
 .text.KThrQueueUnblockAllByValue
                0x8002178c      0x14c /opt/devkitpro/libogc/lib/wii/libogc.a(thread.o)
                0x8002178c                KThrQueueUnblockAllByValue
 .text.KThreadExit
                0x800218d8       0xc4 /opt/devkitpro/libogc/lib/wii/libogc.a(thread.o)
                0x800218d8                KThreadExit
 .text.KThreadUpdateDynamicPrio
                0x8002199c      0x1f4 /opt/devkitpro/libogc/lib/wii/libogc.a(sync.o)
                0x8002199c                KThreadUpdateDynamicPrio
 .text.KThreadRemoveWaiter
                0x80021b90      0x178 /opt/devkitpro/libogc/lib/wii/libogc.a(sync.o)
 .text.KMutexLock
                0x80021d08      0x194 /opt/devkitpro/libogc/lib/wii/libogc.a(sync.o)
                0x80021d08                KMutexLock
 .text.KMutexUnlock
                0x80021e9c      0x104 /opt/devkitpro/libogc/lib/wii/libogc.a(sync.o)
                0x80021e9c                KMutexUnlock
 .text.KTickTaskReschedule
                0x80021fa0       0x6c /opt/devkitpro/libogc/lib/wii/libogc.a(tick.o)
 .text.KTickTaskRun
                0x8002200c      0x128 /opt/devkitpro/libogc/lib/wii/libogc.a(tick.o)
                0x8002200c                KTickTaskRun
 .text.KTickTaskStart
                0x80022134      0x168 /opt/devkitpro/libogc/lib/wii/libogc.a(tick.o)
                0x80022134                KTickTaskStart
 .text.KTickTaskStop
                0x8002229c       0xc4 /opt/devkitpro/libogc/lib/wii/libogc.a(tick.o)
                0x8002229c                KTickTaskStop
 .text.__syscall_lock_acquire
                0x80022360        0x4 /opt/devkitpro/libogc/lib/wii/libogc.a(newlib_syscalls.o)
                0x80022360                __syscall_lock_acquire
 .text.__syscall_lock_release
                0x80022364        0x4 /opt/devkitpro/libogc/lib/wii/libogc.a(newlib_syscalls.o)
                0x80022364                __syscall_lock_release
 .text.__syscall_lock_acquire_recursive
                0x80022368       0x50 /opt/devkitpro/libogc/lib/wii/libogc.a(newlib_syscalls.o)
                0x80022368                __syscall_lock_acquire_recursive
 .text.__syscall_lock_release_recursive
                0x800223b8       0x18 /opt/devkitpro/libogc/lib/wii/libogc.a(newlib_syscalls.o)
                0x800223b8                __syscall_lock_release_recursive
 .text.lwpc_alarm_cb
                0x800223d0       0x10 /opt/devkitpro/libogc/lib/wii/libogc.a(lwpc_alarm.o)
 .text.SYS_CreateAlarm
                0x800223e0       0x74 /opt/devkitpro/libogc/lib/wii/libogc.a(lwpc_alarm.o)
                0x800223e0                SYS_CreateAlarm
 .text.SYS_SetAlarm
                0x80022454      0x120 /opt/devkitpro/libogc/lib/wii/libogc.a(lwpc_alarm.o)
                0x80022454                SYS_SetAlarm
 .text.SYS_SetPeriodicAlarm
                0x80022574      0x1b8 /opt/devkitpro/libogc/lib/wii/libogc.a(lwpc_alarm.o)
                0x80022574                SYS_SetPeriodicAlarm
 .text.SYS_RemoveAlarm
                0x8002272c       0x4c /opt/devkitpro/libogc/lib/wii/libogc.a(lwpc_alarm.o)
                0x8002272c                SYS_RemoveAlarm
 .text.SYS_CancelAlarm
                0x80022778       0x34 /opt/devkitpro/libogc/lib/wii/libogc.a(lwpc_alarm.o)
                0x80022778                SYS_CancelAlarm
 .text.LWP_InitQueue
                0x800227ac       0xdc /opt/devkitpro/libogc/lib/wii/libogc.a(lwpc_queue.o)
                0x800227ac                LWP_InitQueue
 .text.LWP_CloseQueue
                0x80022888       0x90 /opt/devkitpro/libogc/lib/wii/libogc.a(lwpc_queue.o)
                0x80022888                LWP_CloseQueue
 .text.LWP_ThreadSleep
                0x80022918       0x44 /opt/devkitpro/libogc/lib/wii/libogc.a(lwpc_queue.o)
                0x80022918                LWP_ThreadSleep
 .text.LWP_ThreadSignal
                0x8002295c       0x1c /opt/devkitpro/libogc/lib/wii/libogc.a(lwpc_queue.o)
                0x8002295c                LWP_ThreadSignal
 .text.LWP_ThreadBroadcast
                0x80022978       0x1c /opt/devkitpro/libogc/lib/wii/libogc.a(lwpc_queue.o)
                0x80022978                LWP_ThreadBroadcast
 .text.LWP_CreateThread
                0x80022994      0x114 /opt/devkitpro/libogc/lib/wii/libogc.a(lwpc_thread.o)
                0x80022994                LWP_CreateThread
 .text.LWP_SuspendThread
                0x80022aa8       0x40 /opt/devkitpro/libogc/lib/wii/libogc.a(lwpc_thread.o)
                0x80022aa8                LWP_SuspendThread
 .text.LWP_ResumeThread
                0x80022ae8       0x40 /opt/devkitpro/libogc/lib/wii/libogc.a(lwpc_thread.o)
                0x80022ae8                LWP_ResumeThread
 .text.LWP_GetSelf
                0x80022b28        0xc /opt/devkitpro/libogc/lib/wii/libogc.a(lwpc_thread.o)
                0x80022b28                LWP_GetSelf
 .text.LWP_JoinThread
                0x80022b34       0x6c /opt/devkitpro/libogc/lib/wii/libogc.a(lwpc_thread.o)
                0x80022b34                LWP_JoinThread
 .text.LWP_SemInit
                0x80022ba0      0x120 /opt/devkitpro/libogc/lib/wii/libogc.a(lwpc_sem.o)
                0x80022ba0                LWP_SemInit
 .text.LWP_SemDestroy
                0x80022cc0       0xa0 /opt/devkitpro/libogc/lib/wii/libogc.a(lwpc_sem.o)
                0x80022cc0                LWP_SemDestroy
 .text.LWP_SemWait
                0x80022d60       0xa8 /opt/devkitpro/libogc/lib/wii/libogc.a(lwpc_sem.o)
                0x80022d60                LWP_SemWait
 .text.LWP_SemPost
                0x80022e08       0xa0 /opt/devkitpro/libogc/lib/wii/libogc.a(lwpc_sem.o)
                0x80022e08                LWP_SemPost
 .text.RGB8_to_YCbCr
                0x80022ea8      0x144 /opt/devkitpro/libogc/lib/wii/libogc.a(console.o)
 .text.__console_drawc.part.0
                0x80022fec      0x278 /opt/devkitpro/libogc/lib/wii/libogc.a(console.o)
 .text.__console_clear
                0x80023264      0x190 /opt/devkitpro/libogc/lib/wii/libogc.a(console.o)
 .text.__set_default_console
                0x800233f4      0x108 /opt/devkitpro/libogc/lib/wii/libogc.a(console.o)
 .text.__console_clear_line
                0x800234fc      0x174 /opt/devkitpro/libogc/lib/wii/libogc.a(console.o)
 .text.__console_init
                0x80023670       0x54 /opt/devkitpro/libogc/lib/wii/libogc.a(console.o)
                0x80023670                __console_init
 .text.newRow   0x800236c4      0x134 /opt/devkitpro/libogc/lib/wii/libogc.a(console.o)
                0x800236c4                newRow
 .text.consolePrintChar.part.0
                0x800237f8      0x228 /opt/devkitpro/libogc/lib/wii/libogc.a(console.o)
 .text.__console_write
                0x80023a20      0xec8 /opt/devkitpro/libogc/lib/wii/libogc.a(console.o)
                0x80023a20                __console_write
 .text.CON_Init
                0x800248e8       0xe4 /opt/devkitpro/libogc/lib/wii/libogc.a(console.o)
                0x800248e8                CON_Init
 .text.CON_EnableGecko
                0x800249cc       0xf8 /opt/devkitpro/libogc/lib/wii/libogc.a(console.o)
                0x800249cc                CON_EnableGecko
 .text.__lwp_queue_initialize
                0x80024ac4       0x98 /opt/devkitpro/libogc/lib/wii/libogc.a(lwp_queue.o)
                0x80024ac4                __lwp_queue_initialize
 .text.__lwp_queue_get
                0x80024b5c       0x60 /opt/devkitpro/libogc/lib/wii/libogc.a(lwp_queue.o)
                0x80024b5c                __lwp_queue_get
 .text.__lwp_queue_append
                0x80024bbc       0x38 /opt/devkitpro/libogc/lib/wii/libogc.a(lwp_queue.o)
                0x80024bbc                __lwp_queue_append
 .text.__lwp_wkspace_init
                0x80024bf4       0xa4 /opt/devkitpro/libogc/lib/wii/libogc.a(lwp_wkspace.o)
                0x80024bf4                __lwp_wkspace_init
 .text.__lwp_heap_init
                0x80024c98       0x90 /opt/devkitpro/libogc/lib/wii/libogc.a(lwp_heap.o)
                0x80024c98                __lwp_heap_init
 .text.__lwp_heap_allocate
                0x80024d28      0x14c /opt/devkitpro/libogc/lib/wii/libogc.a(lwp_heap.o)
                0x80024d28                __lwp_heap_allocate
 .text.__lwp_heap_free
                0x80024e74      0x174 /opt/devkitpro/libogc/lib/wii/libogc.a(lwp_heap.o)
                0x80024e74                __lwp_heap_free
 .text.__VISendI2CData.constprop.0.isra.0
                0x80024fe8      0x3c8 /opt/devkitpro/libogc/lib/wii/libogc.a(video.o)
 .text.__setFbbRegs.constprop.0
                0x800253b0      0x190 /opt/devkitpro/libogc/lib/wii/libogc.a(video.o)
 .text.__VISetYUVSEL
                0x80025540       0xb8 /opt/devkitpro/libogc/lib/wii/libogc.a(video.o)
 .text.__VIClearFramebuffer
                0x800255f8       0x48 /opt/devkitpro/libogc/lib/wii/libogc.a(video.o)
                0x800255f8                __VIClearFramebuffer
 .text.VIDEO_Configure
                0x80025640      0x5cc /opt/devkitpro/libogc/lib/wii/libogc.a(video.o)
                0x80025640                VIDEO_Configure
 .text.VIDEO_WaitVSync
                0x80025c0c       0x68 /opt/devkitpro/libogc/lib/wii/libogc.a(video.o)
                0x80025c0c                VIDEO_WaitVSync
 .text.VIDEO_SetFramebuffer
                0x80025c74       0xc4 /opt/devkitpro/libogc/lib/wii/libogc.a(video.o)
                0x80025c74                VIDEO_SetFramebuffer
 .text.VIDEO_SetNextFramebuffer
                0x80025d38       0x54 /opt/devkitpro/libogc/lib/wii/libogc.a(video.o)
                0x80025d38                VIDEO_SetNextFramebuffer
 .text.VIDEO_Flush
                0x80025d8c       0xe8 /opt/devkitpro/libogc/lib/wii/libogc.a(video.o)
                0x80025d8c                VIDEO_Flush
 .text.VIDEO_SetBlack
                0x80025e74      0x150 /opt/devkitpro/libogc/lib/wii/libogc.a(video.o)
                0x80025e74                VIDEO_SetBlack
 .text.VIDEO_GetCurrentTvMode
                0x80025fc4       0x64 /opt/devkitpro/libogc/lib/wii/libogc.a(video.o)
                0x80025fc4                VIDEO_GetCurrentTvMode
 .text.__VIRetraceHandler
                0x80026028      0x284 /opt/devkitpro/libogc/lib/wii/libogc.a(video.o)
 .text.__VISetupEncoder
                0x800262ac      0x288 /opt/devkitpro/libogc/lib/wii/libogc.a(video.o)
 .text.VIDEO_Init
                0x80026534      0x3c4 /opt/devkitpro/libogc/lib/wii/libogc.a(video.o)
                0x80026534                VIDEO_Init
 .text.VIDEO_GetPreferredMode
                0x800268f8      0x108 /opt/devkitpro/libogc/lib/wii/libogc.a(video.o)
                0x800268f8                VIDEO_GetPreferredMode
 .text.VIDEO_GetCurrentLine
                0x80026a00       0x94 /opt/devkitpro/libogc/lib/wii/libogc.a(video.o)
                0x80026a00                VIDEO_GetCurrentLine
 .text.VIDEO_GetFrameBufferSize
                0x80026a94       0x34 /opt/devkitpro/libogc/lib/wii/libogc.a(video.o)
                0x80026a94                VIDEO_GetFrameBufferSize
 .text.VIDEO_ClearFrameBuffer
                0x80026ac8       0x78 /opt/devkitpro/libogc/lib/wii/libogc.a(video.o)
                0x80026ac8                VIDEO_ClearFrameBuffer
 .text.__call_resetfuncs
                0x80026b40       0xdc /opt/devkitpro/libogc/lib/wii/libogc.a(system.o)
 .text.__MEMInterruptHandler
                0x80026c1c       0x14 /opt/devkitpro/libogc/lib/wii/libogc.a(system.o)
 .text.__RSWDefaultHandler
                0x80026c30        0x4 /opt/devkitpro/libogc/lib/wii/libogc.a(system.o)
 .text.__POWDefaultHandler
                0x80026c34        0x4 /opt/devkitpro/libogc/lib/wii/libogc.a(system.o)
 .text.__getrtc
                0x80026c38      0x14c /opt/devkitpro/libogc/lib/wii/libogc.a(system.o)
 .text.__sram_write
                0x80026d84      0x144 /opt/devkitpro/libogc/lib/wii/libogc.a(system.o)
 .text.__sram_writecallback
                0x80026ec8       0x54 /opt/devkitpro/libogc/lib/wii/libogc.a(system.o)
 .text.__mem_onreset
                0x80026f1c       0x48 /opt/devkitpro/libogc/lib/wii/libogc.a(system.o)
 .text.__unlocksram
                0x80026f64      0x120 /opt/devkitpro/libogc/lib/wii/libogc.a(system.o)
 .text.__syscall_malloc_lock
                0x80027084       0x4c /opt/devkitpro/libogc/lib/wii/libogc.a(system.o)
                0x80027084                __syscall_malloc_lock
 .text.__syscall_malloc_unlock
                0x800270d0       0x1c /opt/devkitpro/libogc/lib/wii/libogc.a(system.o)
                0x800270d0                __syscall_malloc_unlock
 .text.__SYS_GetRTC
                0x800270ec       0x98 /opt/devkitpro/libogc/lib/wii/libogc.a(system.o)
                0x800270ec                __SYS_GetRTC
 .text.__SYS_SetBootTime
                0x80027184       0xe0 /opt/devkitpro/libogc/lib/wii/libogc.a(system.o)
                0x80027184                __SYS_SetBootTime
 .text.__SYS_GetIPCBufferLo
                0x80027264        0x8 /opt/devkitpro/libogc/lib/wii/libogc.a(system.o)
                0x80027264                __SYS_GetIPCBufferLo
 .text.__SYS_GetIPCBufferHi
                0x8002726c        0x8 /opt/devkitpro/libogc/lib/wii/libogc.a(system.o)
                0x8002726c                __SYS_GetIPCBufferHi
 .text.SYS_DoPowerCB
                0x80027274       0xdc /opt/devkitpro/libogc/lib/wii/libogc.a(system.o)
                0x80027274                SYS_DoPowerCB
 .text.__STMEventHandler
                0x80027350       0xf8 /opt/devkitpro/libogc/lib/wii/libogc.a(system.o)
 .text.__SYS_DisablePowerButton
                0x80027448       0x38 /opt/devkitpro/libogc/lib/wii/libogc.a(system.o)
                0x80027448                __SYS_DisablePowerButton
 .text.__SYS_PreInit
                0x80027480        0x4 /opt/devkitpro/libogc/lib/wii/libogc.a(system.o)
                0x80027480                __SYS_PreInit
 .text.__SYS_InstallPanicHandler
                0x80027484       0x10 /opt/devkitpro/libogc/lib/wii/libogc.a(system.o)
                0x80027484                __SYS_InstallPanicHandler
 .text.SYS_PreMain
                0x80027494       0x7c /opt/devkitpro/libogc/lib/wii/libogc.a(system.o)
                0x80027494                SYS_PreMain
 .text.SYS_ResetButtonDown
                0x80027510       0x18 /opt/devkitpro/libogc/lib/wii/libogc.a(system.o)
                0x80027510                SYS_ResetButtonDown
 .text.SYS_ResetSystem
                0x80027528      0x214 /opt/devkitpro/libogc/lib/wii/libogc.a(system.o)
                0x80027528                SYS_ResetSystem
 .text.__reload
                0x8002773c       0x80 /opt/devkitpro/libogc/lib/wii/libogc.a(system.o)
                0x8002773c                __reload
 .text.__syscall_exit
                0x800277bc       0x9c /opt/devkitpro/libogc/lib/wii/libogc.a(system.o)
                0x800277bc                __syscall_exit
 .text.SYS_RegisterResetFunc
                0x80027858       0x6c /opt/devkitpro/libogc/lib/wii/libogc.a(system.o)
                0x80027858                SYS_RegisterResetFunc
 .text.SYS_SetArena1Lo
                0x800278c4       0x24 /opt/devkitpro/libogc/lib/wii/libogc.a(system.o)
                0x800278c4                SYS_SetArena1Lo
 .text.SYS_GetArena1Lo
                0x800278e8       0x24 /opt/devkitpro/libogc/lib/wii/libogc.a(system.o)
                0x800278e8                SYS_GetArena1Lo
 .text.SYS_GetArena1Hi
                0x8002790c       0x24 /opt/devkitpro/libogc/lib/wii/libogc.a(system.o)
                0x8002790c                SYS_GetArena1Hi
 .text.SYS_SetArena2Lo
                0x80027930       0x24 /opt/devkitpro/libogc/lib/wii/libogc.a(system.o)
                0x80027930                SYS_SetArena2Lo
 .text.SYS_GetArena2Lo
                0x80027954       0x24 /opt/devkitpro/libogc/lib/wii/libogc.a(system.o)
                0x80027954                SYS_GetArena2Lo
 .text.SYS_SetArena2Hi
                0x80027978       0x24 /opt/devkitpro/libogc/lib/wii/libogc.a(system.o)
                0x80027978                SYS_SetArena2Hi
 .text.SYS_GetArena2Hi
                0x8002799c       0x24 /opt/devkitpro/libogc/lib/wii/libogc.a(system.o)
                0x8002799c                SYS_GetArena2Hi
 .text.SYS_AllocateFramebuffer
                0x800279c0       0x28 /opt/devkitpro/libogc/lib/wii/libogc.a(system.o)
                0x800279c0                SYS_AllocateFramebuffer
 .text.SYS_GetWirelessID
                0x800279e8       0x78 /opt/devkitpro/libogc/lib/wii/libogc.a(system.o)
                0x800279e8                SYS_GetWirelessID
 .text.SYS_SetWirelessID
                0x80027a60       0x84 /opt/devkitpro/libogc/lib/wii/libogc.a(system.o)
                0x80027a60                SYS_SetWirelessID
 .text.SYS_SetGBSMode
                0x80027ae4       0x9c /opt/devkitpro/libogc/lib/wii/libogc.a(system.o)
                0x80027ae4                SYS_SetGBSMode
 .text.__sram_init
                0x80027b80      0x1b0 /opt/devkitpro/libogc/lib/wii/libogc.a(system.o)
                0x80027b80                __sram_init
 .text.SYS_Init
                0x80027d30      0x4a4 /opt/devkitpro/libogc/lib/wii/libogc.a(system.o)
                0x80027d30                SYS_Init
 .text.SYS_GetHollywoodRevision
                0x800281d4       0x3c /opt/devkitpro/libogc/lib/wii/libogc.a(system.o)
                0x800281d4                SYS_GetHollywoodRevision
 .text.SYS_Time
                0x80028210       0x54 /opt/devkitpro/libogc/lib/wii/libogc.a(system.o)
                0x80028210                SYS_Time
 .text.__GX_InitRevBits
                0x80028264       0x9c /opt/devkitpro/libogc/lib/wii/libogc.a(gx.o)
 .text.__GX_WaitAbort
                0x80028300       0x68 /opt/devkitpro/libogc/lib/wii/libogc.a(gx.o)
 .text.__GXTokenInterruptHandler
                0x80028368       0x6c /opt/devkitpro/libogc/lib/wii/libogc.a(gx.o)
 .text.__GXDefTexRegionCallback
                0x800283d4       0x7c /opt/devkitpro/libogc/lib/wii/libogc.a(gx.o)
 .text.__GXDefTlutRegionCallback
                0x80028450       0x18 /opt/devkitpro/libogc/lib/wii/libogc.a(gx.o)
 .text.__SetSURegs
                0x80028468       0x90 /opt/devkitpro/libogc/lib/wii/libogc.a(gx.o)
 .text.__SETVCDATTR
                0x800284f8      0x230 /opt/devkitpro/libogc/lib/wii/libogc.a(gx.o)
 .text.__SETVCDFMT
                0x80028728      0x4cc /opt/devkitpro/libogc/lib/wii/libogc.a(gx.o)
 .text.__GXCPInterruptHandler
                0x80028bf4      0x160 /opt/devkitpro/libogc/lib/wii/libogc.a(gx.o)
 .text.__GXFinishInterruptHandler
                0x80028d54       0x58 /opt/devkitpro/libogc/lib/wii/libogc.a(gx.o)
 .text.GX_SetTexCoordGen2.part.0
                0x80028dac      0x278 /opt/devkitpro/libogc/lib/wii/libogc.a(gx.o)
 .text.__GX_SetDirtyState
                0x80029024      0x64c /opt/devkitpro/libogc/lib/wii/libogc.a(gx.o)
 .text.GX_SetCPUFifo
                0x80029670      0x224 /opt/devkitpro/libogc/lib/wii/libogc.a(gx.o)
                0x80029670                GX_SetCPUFifo
 .text.GX_SetGPFifo
                0x80029894      0x2a8 /opt/devkitpro/libogc/lib/wii/libogc.a(gx.o)
                0x80029894                GX_SetGPFifo
 .text.GX_Flush
                0x80029b3c       0x98 /opt/devkitpro/libogc/lib/wii/libogc.a(gx.o)
                0x80029b3c                GX_Flush
 .text.GX_AbortFrame
                0x80029bd4      0x294 /opt/devkitpro/libogc/lib/wii/libogc.a(gx.o)
                0x80029bd4                GX_AbortFrame
 .text.__gx_onreset
                0x80029e68       0x38 /opt/devkitpro/libogc/lib/wii/libogc.a(gx.o)
 .text.GX_DrawDone
                0x80029ea0       0xb0 /opt/devkitpro/libogc/lib/wii/libogc.a(gx.o)
                0x80029ea0                GX_DrawDone
 .text.GX_SetViewport
                0x80029f50       0x78 /opt/devkitpro/libogc/lib/wii/libogc.a(gx.o)
                0x80029f50                GX_SetViewport
 .text.GX_LoadProjectionMtx
                0x80029fc8       0xf0 /opt/devkitpro/libogc/lib/wii/libogc.a(gx.o)
                0x80029fc8                GX_LoadProjectionMtx
 .text.GX_SetCopyClear
                0x8002a0b8       0x4c /opt/devkitpro/libogc/lib/wii/libogc.a(gx.o)
                0x8002a0b8                GX_SetCopyClear
 .text.GX_SetDispCopyGamma
                0x8002a104       0x18 /opt/devkitpro/libogc/lib/wii/libogc.a(gx.o)
                0x8002a104                GX_SetDispCopyGamma
 .text.GX_SetCopyFilter
                0x8002a11c      0x25c /opt/devkitpro/libogc/lib/wii/libogc.a(gx.o)
                0x8002a11c                GX_SetCopyFilter
 .text.GX_SetDispCopyYScale
                0x8002a378       0xf8 /opt/devkitpro/libogc/lib/wii/libogc.a(gx.o)
                0x8002a378                GX_SetDispCopyYScale
 .text.GX_CopyDisp
                0x8002a470      0x124 /opt/devkitpro/libogc/lib/wii/libogc.a(gx.o)
                0x8002a470                GX_CopyDisp
 .text.GX_SetChanCtrl
                0x8002a594       0xec /opt/devkitpro/libogc/lib/wii/libogc.a(gx.o)
                0x8002a594                GX_SetChanCtrl
 .text.GX_SetChanAmbColor
                0x8002a680      0x14c /opt/devkitpro/libogc/lib/wii/libogc.a(gx.o)
                0x8002a680                GX_SetChanAmbColor
 .text.GX_SetChanMatColor
                0x8002a7cc      0x14c /opt/devkitpro/libogc/lib/wii/libogc.a(gx.o)
                0x8002a7cc                GX_SetChanMatColor
 .text.GX_SetArray
                0x8002a918       0x7c /opt/devkitpro/libogc/lib/wii/libogc.a(gx.o)
                0x8002a918                GX_SetArray
 .text.GX_SetVtxDesc
                0x8002a994       0x34 /opt/devkitpro/libogc/lib/wii/libogc.a(gx.o)
                0x8002a994                GX_SetVtxDesc
 .text.GX_SetVtxAttrFmt
                0x8002a9c8       0x54 /opt/devkitpro/libogc/lib/wii/libogc.a(gx.o)
                0x8002a9c8                GX_SetVtxAttrFmt
 .text.GX_Begin
                0x8002aa1c       0x6c /opt/devkitpro/libogc/lib/wii/libogc.a(gx.o)
                0x8002aa1c                GX_Begin
 .text.GX_SetTexCoordGen
                0x8002aa88       0x14 /opt/devkitpro/libogc/lib/wii/libogc.a(gx.o)
                0x8002aa88                GX_SetTexCoordGen
 .text.GX_LoadPosMtxImm
                0x8002aa9c       0x50 /opt/devkitpro/libogc/lib/wii/libogc.a(gx.o)
                0x8002aa9c                GX_LoadPosMtxImm
 .text.GX_LoadNrmMtxImm
                0x8002aaec       0x58 /opt/devkitpro/libogc/lib/wii/libogc.a(gx.o)
                0x8002aaec                GX_LoadNrmMtxImm
 .text.GX_SetCurrentMtx
                0x8002ab44       0x24 /opt/devkitpro/libogc/lib/wii/libogc.a(gx.o)
                0x8002ab44                GX_SetCurrentMtx
 .text.GX_SetNumTexGens
                0x8002ab68       0x28 /opt/devkitpro/libogc/lib/wii/libogc.a(gx.o)
                0x8002ab68                GX_SetNumTexGens
 .text.GX_SetZMode
                0x8002ab90       0x38 /opt/devkitpro/libogc/lib/wii/libogc.a(gx.o)
                0x8002ab90                GX_SetZMode
 .text.GX_InvalidateTexAll
                0x8002abc8       0x50 /opt/devkitpro/libogc/lib/wii/libogc.a(gx.o)
                0x8002abc8                GX_InvalidateTexAll
 .text.GX_SetBlendMode
                0x8002ac18       0xd4 /opt/devkitpro/libogc/lib/wii/libogc.a(gx.o)
                0x8002ac18                GX_SetBlendMode
 .text.GX_ClearVtxDesc
                0x8002acec       0x38 /opt/devkitpro/libogc/lib/wii/libogc.a(gx.o)
                0x8002acec                GX_ClearVtxDesc
 .text.GX_SetTevColorIn
                0x8002ad24       0x44 /opt/devkitpro/libogc/lib/wii/libogc.a(gx.o)
                0x8002ad24                GX_SetTevColorIn
 .text.GX_SetTevAlphaIn
                0x8002ad68       0x44 /opt/devkitpro/libogc/lib/wii/libogc.a(gx.o)
                0x8002ad68                GX_SetTevAlphaIn
 .text.GX_SetTevColorOp
                0x8002adac       0x98 /opt/devkitpro/libogc/lib/wii/libogc.a(gx.o)
                0x8002adac                GX_SetTevColorOp
 .text.GX_SetTevAlphaOp
                0x8002ae44       0x98 /opt/devkitpro/libogc/lib/wii/libogc.a(gx.o)
                0x8002ae44                GX_SetTevAlphaOp
 .text.GX_SetTevOp
                0x8002aedc      0x170 /opt/devkitpro/libogc/lib/wii/libogc.a(gx.o)
                0x8002aedc                GX_SetTevOp
 .text.GX_SetCullMode
                0x8002b04c       0x2c /opt/devkitpro/libogc/lib/wii/libogc.a(gx.o)
                0x8002b04c                GX_SetCullMode
 .text.GX_SetScissor
                0x8002b078       0x78 /opt/devkitpro/libogc/lib/wii/libogc.a(gx.o)
                0x8002b078                GX_SetScissor
 .text.GX_SetNumChans
                0x8002b0f0       0x28 /opt/devkitpro/libogc/lib/wii/libogc.a(gx.o)
                0x8002b0f0                GX_SetNumChans
 .text.GX_SetTevOrder
                0x8002b118      0x178 /opt/devkitpro/libogc/lib/wii/libogc.a(gx.o)
                0x8002b118                GX_SetTevOrder
 .text.GX_SetTevKColorSel
                0x8002b290       0x54 /opt/devkitpro/libogc/lib/wii/libogc.a(gx.o)
                0x8002b290                GX_SetTevKColorSel
 .text.GX_SetTevKAlphaSel
                0x8002b2e4       0x54 /opt/devkitpro/libogc/lib/wii/libogc.a(gx.o)
                0x8002b2e4                GX_SetTevKAlphaSel
 .text.GX_SetTevSwapModeTable
                0x8002b338       0x64 /opt/devkitpro/libogc/lib/wii/libogc.a(gx.o)
                0x8002b338                GX_SetTevSwapModeTable
 .text.GX_SetFog
                0x8002b39c      0x244 /opt/devkitpro/libogc/lib/wii/libogc.a(gx.o)
                0x8002b39c                GX_SetFog
 .text.GX_SetPixelFmt
                0x8002b5e0       0xe0 /opt/devkitpro/libogc/lib/wii/libogc.a(gx.o)
                0x8002b5e0                GX_SetPixelFmt
 .text.GX_SetFieldMode
                0x8002b6c0       0x58 /opt/devkitpro/libogc/lib/wii/libogc.a(gx.o)
                0x8002b6c0                GX_SetFieldMode
 .text.GX_InitLightPos
                0x8002b718       0x30 /opt/devkitpro/libogc/lib/wii/libogc.a(gx.o)
                0x8002b718                GX_InitLightPos
 .text.GX_InitLightColor
                0x8002b748        0xc /opt/devkitpro/libogc/lib/wii/libogc.a(gx.o)
                0x8002b748                GX_InitLightColor
 .text.GX_LoadLightObj
                0x8002b754       0xe4 /opt/devkitpro/libogc/lib/wii/libogc.a(gx.o)
                0x8002b754                GX_LoadLightObj
 .text.GX_InitLightDistAttn
                0x8002b838       0xe0 /opt/devkitpro/libogc/lib/wii/libogc.a(gx.o)
                0x8002b838                GX_InitLightDistAttn
 .text.GX_SetGPMetric
                0x8002b918      0x7fc /opt/devkitpro/libogc/lib/wii/libogc.a(gx.o)
                0x8002b918                GX_SetGPMetric
 .text.GX_Init  0x8002c114     0x1128 /opt/devkitpro/libogc/lib/wii/libogc.a(gx.o)
                0x8002c114                GX_Init
 .text.GX_GetYScaleFactor
                0x8002d23c      0x2c0 /opt/devkitpro/libogc/lib/wii/libogc.a(gx.o)
                0x8002d23c                GX_GetYScaleFactor
 .text.guPerspective
                0x8002d4fc       0xd8 /opt/devkitpro/libogc/lib/wii/libogc.a(gu.o)
                0x8002d4fc                guPerspective
 .text.guLookAt
                0x8002d5d4      0x13c /opt/devkitpro/libogc/lib/wii/libogc.a(gu.o)
                0x8002d5d4                guLookAt
 .text.ps_guMtxRotRad
                0x8002d710       0x58 /opt/devkitpro/libogc/lib/wii/libogc.a(gu.o)
                0x8002d710                ps_guMtxRotRad
 .text          0x8002d768      0x8dc /opt/devkitpro/libogc/lib/wii/libogc.a(gu_psasm.o)
                0x8002d768                ps_guMtxConcat
                0x8002d82c                ps_guMtxIdentity
                0x8002d858                ps_guMtxCopy
                0x8002d88c                ps_guMtxTranspose
                0x8002d8dc                ps_guMtxInverse
                0x8002d9d4                ps_guMtxInvXpose
                0x8002da9c                ps_guMtxScale
                0x8002dac4                ps_guMtxScaleApply
                0x8002db1c                ps_guMtxApplyScale
                0x8002db80                ps_guMtxTrans
                0x8002dbb4                ps_guMtxTransApply
                0x8002dc00                ps_guMtxApplyTrans
                0x8002dc7c                ps_guMtxRotTrig
                0x8002dd2c                __ps_guMtxRotAxisRadInternal
                0x8002ddec                ps_guMtxReflect
                0x8002de5c                ps_guVecAdd
                0x8002de80                ps_guVecSub
                0x8002dea4                ps_guVecScale
                0x8002dec0                ps_guVecNormalize
                0x8002df04                ps_guVecCross
                0x8002df40                ps_guVecDotProduct
                0x8002df60                ps_guVecMultiply
                0x8002dfb4                ps_guVecMultiplySR
                0x8002e024                ps_guQuatDotProduct
 .text.__AISRCINIT
                0x8002e044      0x1e4 /opt/devkitpro/libogc/lib/wii/libogc.a(audio.o)
 .text.__AIDHandler
                0x8002e228       0xd4 /opt/devkitpro/libogc/lib/wii/libogc.a(audio.o)
 .text.AUDIO_Init
                0x8002e2fc      0x13c /opt/devkitpro/libogc/lib/wii/libogc.a(audio.o)
                0x8002e2fc                AUDIO_Init
 .text.AUDIO_RegisterDMACallback
                0x8002e438       0x2c /opt/devkitpro/libogc/lib/wii/libogc.a(audio.o)
                0x8002e438                AUDIO_RegisterDMACallback
 .text.AUDIO_InitDMA
                0x8002e464       0x50 /opt/devkitpro/libogc/lib/wii/libogc.a(audio.o)
                0x8002e464                AUDIO_InitDMA
 .text.AUDIO_StartDMA
                0x8002e4b4       0x1c /opt/devkitpro/libogc/lib/wii/libogc.a(audio.o)
                0x8002e4b4                AUDIO_StartDMA
 .text.AUDIO_StopDMA
                0x8002e4d0       0x18 /opt/devkitpro/libogc/lib/wii/libogc.a(audio.o)
                0x8002e4d0                AUDIO_StopDMA
 .text.AUDIO_SetDSPSampleRate
                0x8002e4e8       0x88 /opt/devkitpro/libogc/lib/wii/libogc.a(audio.o)
                0x8002e4e8                AUDIO_SetDSPSampleRate
 .text.__dsp_exectask
                0x8002e570      0x264 /opt/devkitpro/libogc/lib/wii/libogc.a(dsp.o)
 .text.__dsp_inthandler
                0x8002e7d4       0x30 /opt/devkitpro/libogc/lib/wii/libogc.a(dsp.o)
 .text.__dsp_removetask
                0x8002e804       0x74 /opt/devkitpro/libogc/lib/wii/libogc.a(dsp.o)
 .text.__dsp_def_taskcb
                0x8002e878      0x404 /opt/devkitpro/libogc/lib/wii/libogc.a(dsp.o)
 .text.DSP_Init
                0x8002ec7c       0xd8 /opt/devkitpro/libogc/lib/wii/libogc.a(dsp.o)
                0x8002ec7c                DSP_Init
 .text.DSP_CheckMailTo
                0x8002ed54       0x14 /opt/devkitpro/libogc/lib/wii/libogc.a(dsp.o)
                0x8002ed54                DSP_CheckMailTo
 .text.DSP_SendMailTo
                0x8002ed68       0x18 /opt/devkitpro/libogc/lib/wii/libogc.a(dsp.o)
                0x8002ed68                DSP_SendMailTo
 .text.DSP_AddTask
                0x8002ed80      0x29c /opt/devkitpro/libogc/lib/wii/libogc.a(dsp.o)
                0x8002ed80                DSP_AddTask
 .text.__si_transfer
                0x8002f01c      0x1b8 /opt/devkitpro/libogc/lib/wii/libogc.a(si.o)
 .text.__si_alarmhandler
                0x8002f1d4       0xa0 /opt/devkitpro/libogc/lib/wii/libogc.a(si.o)
 .text.__si_completetransfer
                0x8002f274      0x1fc /opt/devkitpro/libogc/lib/wii/libogc.a(si.o)
 .text.__si_transfernext
                0x8002f470       0xd8 /opt/devkitpro/libogc/lib/wii/libogc.a(si.o)
 .text.SI_Busy  0x8002f548       0x18 /opt/devkitpro/libogc/lib/wii/libogc.a(si.o)
                0x8002f548                SI_Busy
 .text.SI_IsChanBusy
                0x8002f560       0x38 /opt/devkitpro/libogc/lib/wii/libogc.a(si.o)
                0x8002f560                SI_IsChanBusy
 .text.SI_EnablePolling
                0x8002f598       0x64 /opt/devkitpro/libogc/lib/wii/libogc.a(si.o)
                0x8002f598                SI_EnablePolling
 .text.SI_DisablePolling
                0x8002f5fc       0x44 /opt/devkitpro/libogc/lib/wii/libogc.a(si.o)
                0x8002f5fc                SI_DisablePolling
 .text.SI_SetSamplingRate
                0x8002f640      0x110 /opt/devkitpro/libogc/lib/wii/libogc.a(si.o)
                0x8002f640                SI_SetSamplingRate
 .text.SI_RefreshSamplingRate
                0x8002f750        0x8 /opt/devkitpro/libogc/lib/wii/libogc.a(si.o)
                0x8002f750                SI_RefreshSamplingRate
 .text.SI_GetStatus
                0x8002f758       0x6c /opt/devkitpro/libogc/lib/wii/libogc.a(si.o)
                0x8002f758                SI_GetStatus
 .text.SI_GetResponseRaw
                0x8002f7c4       0xd4 /opt/devkitpro/libogc/lib/wii/libogc.a(si.o)
                0x8002f7c4                SI_GetResponseRaw
 .text.SI_GetResponse
                0x8002f898       0xa4 /opt/devkitpro/libogc/lib/wii/libogc.a(si.o)
                0x8002f898                SI_GetResponse
 .text.SI_SetCommand
                0x8002f93c       0x10 /opt/devkitpro/libogc/lib/wii/libogc.a(si.o)
                0x8002f93c                SI_SetCommand
 .text.SI_Transfer
                0x8002f94c      0x2c0 /opt/devkitpro/libogc/lib/wii/libogc.a(si.o)
                0x8002f94c                SI_Transfer
 .text.__si_gettypecallback
                0x8002fc0c      0x2b8 /opt/devkitpro/libogc/lib/wii/libogc.a(si.o)
 .text.__si_interrupthandler
                0x8002fec4      0x278 /opt/devkitpro/libogc/lib/wii/libogc.a(si.o)
 .text.SI_GetType
                0x8003013c      0x1fc /opt/devkitpro/libogc/lib/wii/libogc.a(si.o)
                0x8003013c                SI_GetType
 .text.SI_GetTypeAsync
                0x80030338      0x134 /opt/devkitpro/libogc/lib/wii/libogc.a(si.o)
                0x80030338                SI_GetTypeAsync
 .text.SI_EnablePollingInterrupt
                0x8003046c       0x80 /opt/devkitpro/libogc/lib/wii/libogc.a(si.o)
                0x8003046c                SI_EnablePollingInterrupt
 .text.SI_UnregisterPollingHandler
                0x800304ec       0xd8 /opt/devkitpro/libogc/lib/wii/libogc.a(si.o)
                0x800304ec                SI_UnregisterPollingHandler
 .text.__si_init
                0x800305c4       0xe0 /opt/devkitpro/libogc/lib/wii/libogc.a(si.o)
                0x800305c4                __si_init
 .text.__ipc_sendrequest.part.0
                0x800306a4      0x110 /opt/devkitpro/libogc/lib/wii/libogc.a(ipc.o)
 .text.__ipc_syncrequest