Archive member included to satisfy reference by file (symbol)

/opt/devkitpro/libogc/lib/wii/libwiiuse.a(wpad.o)
                              main.o (WPAD_Init)
/opt/devkitpro/libogc/lib/wii/libwiiuse.a(motion_plus.o)
                              /opt/devkitpro/libogc/lib/wii/libwiiuse.a(wpad.o) (wiiuse_set_motion_plus)
/opt/devkitpro/libogc/lib/wii/libwiiuse.a(dynamics.o)
                              /opt/devkitpro/libogc/lib/wii/libwiiuse.a(wpad.o) (calculate_gforce)
/opt/devkitpro/libogc/lib/wii/libwiiuse.a(io.o)
                              /opt/devkitpro/libogc/lib/wii/libwiiuse.a(motion_plus.o) (wiiuse_disable_expansion)
/opt/devkitpro/libogc/lib/wii/libwiiuse.a(io_wii.o)
                              /opt/devkitpro/libogc/lib/wii/libwiiuse.a(wpad.o) (__wiiuse_sensorbar_enable)
/opt/devkitpro/libogc/lib/wii/libwiiuse.a(ir.o)
                              /opt/devkitpro/libogc/lib/wii/libwiiuse.a(motion_plus.o) (wiiuse_set_ir_mode)
/opt/devkitpro/libogc/lib/wii/libwiiuse.a(nunchuk.o)
                              /opt/devkitpro/libogc/lib/wii/libwiiuse.a(io.o) (nunchuk_handshake)
/opt/devkitpro/libogc/lib/wii/libwiiuse.a(wiiboard.o)
                              /opt/devkitpro/libogc/lib/wii/libwiiuse.a(io.o) (wii_board_handshake)
/opt/devkitpro/libogc/lib/wii/libwiiuse.a(wiiuse.o)
                              /opt/devkitpro/libogc/lib/wii/libwiiuse.a(wpad.o) (wiiuse_init)
/opt/devkitpro/libogc/lib/wii/libwiiuse.a(speaker.o)
                              /opt/devkitpro/libogc/lib/wii/libwiiuse.a(wpad.o) (wencdata)
/opt/devkitpro/libogc/lib/wii/libwiiuse.a(classic.o)
                              /opt/devkitpro/libogc/lib/wii/libwiiuse.a(io.o) (classic_ctrl_handshake)
/opt/devkitpro/libogc/lib/wii/libwiiuse.a(events.o)
                              /opt/devkitpro/libogc/lib/wii/libwiiuse.a(io_wii.o) (parse_event)
/opt/devkitpro/libogc/lib/wii/libwiiuse.a(guitar_hero_3.o)
                              /opt/devkitpro/libogc/lib/wii/libwiiuse.a(io.o) (guitar_hero_3_handshake)
/opt/devkitpro/libogc/lib/wii/libbte.a(bte.o)
                              /opt/devkitpro/libogc/lib/wii/libwiiuse.a(wpad.o) (BTE_Init)
/opt/devkitpro/libogc/lib/wii/libbte.a(hci.o)
                              /opt/devkitpro/libogc/lib/wii/libbte.a(bte.o) (hci_init)
/opt/devkitpro/libogc/lib/wii/libbte.a(l2cap.o)
                              /opt/devkitpro/libogc/lib/wii/libbte.a(bte.o) (l2cap_init)
/opt/devkitpro/libogc/lib/wii/libbte.a(btmemb.o)
                              /opt/devkitpro/libogc/lib/wii/libbte.a(bte.o) (btmemb_init)
/opt/devkitpro/libogc/lib/wii/libbte.a(btmemr.o)
                              /opt/devkitpro/libogc/lib/wii/libbte.a(hci.o) (btmemr_init)
/opt/devkitpro/libogc/lib/wii/libbte.a(btpbuf.o)
                              /opt/devkitpro/libogc/lib/wii/libbte.a(hci.o) (btpbuf_init)
/opt/devkitpro/libogc/lib/wii/libbte.a(physbusif.o)
                              /opt/devkitpro/libogc/lib/wii/libbte.a(bte.o) (physbusif_init)
/opt/devkitpro/devkitPPC/lib/gcc/powerpc-eabi/15.2.0/../../../../powerpc-eabi/lib/libm.a(libm_a-sf_atan.o)
                              /opt/devkitpro/libogc/lib/wii/libwiiuse.a(ir.o) (atanf)
/opt/devkitpro/devkitPPC/lib/gcc/powerpc-eabi/15.2.0/../../../../powerpc-eabi/lib/libm.a(libm_a-w_atan2.o)
                              /opt/devkitpro/libogc/lib/wii/libwiiuse.a(ir.o) (atan2)
/opt/devkitpro/devkitPPC/lib/gcc/powerpc-eabi/15.2.0/../../../../powerpc-eabi/lib/libm.a(libm_a-sf_fabs.o)
                              /opt/devkitpro/devkitPPC/lib/gcc/powerpc-eabi/15.2.0/../../../../powerpc-eabi/lib/libm.a(libm_a-sf_atan.o) (fabsf)
/opt/devkitpro/devkitPPC/lib/gcc/powerpc-eabi/15.2.0/../../../../powerpc-eabi/lib/libm.a(libm_a-wf_sqrt.o)
                              main.o (sqrtf)
/opt/devkitpro/devkitPPC/lib/gcc/powerpc-eabi/15.2.0/../../../../powerpc-eabi/lib/libm.a(libm_a-wf_hypot.o)
                              /opt/devkitpro/libogc/lib/wii/libwiiuse.a(dynamics.o) (hypotf)
/opt/devkitpro/devkitPPC/lib/gcc/powerpc-eabi/15.2.0/../../../../powerpc-eabi/lib/libm.a(libm_a-wf_atan2.o)
                              /opt/devkitpro/libogc/lib/wii/libwiiuse.a(dynamics.o) (atan2f)
/opt/devkitpro/devkitPPC/lib/gcc/powerpc-eabi/15.2.0/../../../../powerpc-eabi/lib/libm.a(libm_a-ef_hypot.o)
                              /opt/devkitpro/devkitPPC/lib/gcc/powerpc-eabi/15.2.0/../../../../powerpc-eabi/lib/libm.a(libm_a-wf_hypot.o) (__ieee754_hypotf)
/opt/devkitpro/devkitPPC/lib/gcc/powerpc-eabi/15.2.0/../../../../powerpc-eabi/lib/libm.a(libm_a-w_sincos.o)
                              /opt/devkitpro/libogc/lib/wii/libwiiuse.a(ir.o) (sincos)
/opt/devkitpro/devkitPPC/lib/gcc/powerpc-eabi/15.2.0/../../../../powerpc-eabi/lib/libm.a(libm_a-e_atan2.o)
                              /opt/devkitpro/devkitPPC/lib/gcc/powerpc-eabi/15.2.0/../../../../powerpc-eabi/lib/libm.a(libm_a-w_atan2.o) (__ieee754_atan2)
[...]
Memory Configuration

Name             Origin             Length             Attributes
*default*        0x00000000         0xffffffff

Linker script and memory map

                0x00003400                        . = 0x3400

.stub
 *(.stub)
                0x80003f00                        . = 0x80003f00
                0x90002000                        PROVIDE (__Arena2Lo = 0x90002000)
                0x933e0000                        PROVIDE (__Arena2Hi = 0x933e0000)
                0x933e0000                        PROVIDE (__ipcbufferLo = 0x933e0000)
                0x93400000                        PROVIDE (__ipcbufferHi = 0x93400000)
                0x00000000                        PROVIDE (__isIPL = 0x0)
                0x800000d0                        PROVIDE (__ppc_excpt_buf = 0x800000d0)
                0x80003000                        PROVIDE (__ppc_excpt_table = 0x80003000)

.init           0x80003f00       0xa4
 *(.crt0 .crt0.*)
 .crt0.__app_start
                0x80003f00       0xa4 /opt/devkitpro/libogc/lib/wii/libogc.a(common_crt0.o)
                0x80003f00                __app_start

.text           0x80003fb0    0x493a4
 *(SORT_NONE(.init))
 .init          0x80003fb0        0xc /opt/devkitpro/devkitPPC/lib/gcc/powerpc-eabi/15.2.0/ecrti.o
                0x80003fb0                __init
 .init          0x80003fbc        0x4 /opt/devkitpro/devkitPPC/lib/gcc/powerpc-eabi/15.2.0/crtbegin.o
 .init          0x80003fc0        0x4 /opt/devkitpro/devkitPPC/lib/gcc/powerpc-eabi/15.2.0/crtend.o
 .init          0x80003fc4       0x10 /opt/devkitpro/devkitPPC/lib/gcc/powerpc-eabi/15.2.0/ecrtn.o
 *(.text.unlikely .text.*_unlikely .text.unlikely.*)
 .text.unlikely.abort
                0x80003fd4       0x2c /opt/devkitpro/devkitPPC/lib/gcc/powerpc-eabi/15.2.0/../../../../powerpc-eabi/lib/libsysbase.a(libsysbase_libsysbase_a-abort.o)
                0x80003fd4                abort
 *(.text.exit .text.exit.*)
 .text.exit     0x80004000       0x3c /opt/devkitpro/devkitPPC/lib/gcc/powerpc-eabi/15.2.0/../../../../powerpc-eabi/lib/libc.a(libc_a-exit.o)
                0x80004000                exit
 *(.text.startup .text.startup.*)
 .text.startup.main
                0x8000403c      0x850 main.o
                0x8000403c                main
 .text.startup.register_fini
                0x8000488c        0xc /opt/devkitpro/devkitPPC/lib/gcc/powerpc-eabi/15.2.0/../../../../powerpc-eabi/lib/libc.a(libc_a-__call_atexit.o)
 *(.text.hot .text.hot.*)
 *(SORT_BY_NAME(.text.sorted.*))
 *(.text .iplt .stub .text.* .gnu.linkonce.t.*)
 .text.__do_global_dtors_aux
                0x80004898       0xcc /opt/devkitpro/devkitPPC/lib/gcc/powerpc-eabi/15.2.0/crtbegin.o
 .text.frame_dummy
                0x80004964       0x24 /opt/devkitpro/devkitPPC/lib/gcc/powerpc-eabi/15.2.0/crtbegin.o
 *fill*         0x80004988        0x0 00000000
 .iplt          0x80004988        0x0 /opt/devkitpro/devkitPPC/lib/gcc/powerpc-eabi/15.2.0/crtbegin.o
 .text.LilyCoolMalloc
                0x80004988       0x6c main.o
                0x80004988                LilyCoolMalloc
 .text.__wpad_setevtfilter_finished
                0x800049f4       0x60 /opt/devkitpro/libogc/lib/wii/libwiiuse.a(wpad.o)
 .text.__wpad_disconnectCB
                0x80004a54      0x1a8 /opt/devkitpro/libogc/lib/wii/libwiiuse.a(wpad.o)
                0x80004a54                __wpad_disconnectCB
 .text.__wpad_hostsyncbuttonCB
                0x80004bfc       0x7c /opt/devkitpro/libogc/lib/wii/libwiiuse.a(wpad.o)
 .text.GetActiveSlot
                0x80004c78       0x8c /opt/devkitpro/libogc/lib/wii/libwiiuse.a(wpad.o)
 .text.__wpad_assign_slot
                0x80004d04      0x160 /opt/devkitpro/libogc/lib/wii/libwiiuse.a(wpad.o)
                0x80004d04                __wpad_assign_slot
 .text.__wpad_register_new
                0x80004e64      0x460 /opt/devkitpro/libogc/lib/wii/libwiiuse.a(wpad.o)
                0x80004e64                __wpad_register_new
 .text.__wpad_def_powcb
                0x800052c4        0x4 /opt/devkitpro/libogc/lib/wii/libwiiuse.a(wpad.o)
 .text.__wpad_read_remote_name_finished
                0x800052c8      0x23c /opt/devkitpro/libogc/lib/wii/libwiiuse.a(wpad.o)
                0x800052c8                __wpad_read_remote_name_finished
 .text.__wpad_inquiry_finished
                0x80005504      0x124 /opt/devkitpro/libogc/lib/wii/libwiiuse.a(wpad.o)
                0x80005504                __wpad_inquiry_finished
 .text.__wpad_confsave_thread_func
                0x80005628       0x58 /opt/devkitpro/libogc/lib/wii/libwiiuse.a(wpad.o)
 .text.__initcore_finished
                0x80005680       0x90 /opt/devkitpro/libogc/lib/wii/libwiiuse.a(wpad.o)
 .text.__readlinkkey_finished
                0x80005710      0x124 /opt/devkitpro/libogc/lib/wii/libwiiuse.a(wpad.o)
 .text.__wpad_patch_finished
                0x80005834       0x7c /opt/devkitpro/libogc/lib/wii/libwiiuse.a(wpad.o)
 .text.__wpad_init_finished
                0x800058b0       0x88 /opt/devkitpro/libogc/lib/wii/libwiiuse.a(wpad.o)
 .text.__wpad_linkkeynotCB
                0x80005938      0x320 /opt/devkitpro/libogc/lib/wii/libwiiuse.a(wpad.o)
 .text.__wpad_linkkeyreqCB
                0x80005c58      0x16c /opt/devkitpro/libogc/lib/wii/libwiiuse.a(wpad.o)
 .text.__wpad_connreqCB
                0x80005dc4      0x2bc /opt/devkitpro/libogc/lib/wii/libwiiuse.a(wpad.o)
 .text.__wpad_setfmt
                0x80006080      0x14c /opt/devkitpro/libogc/lib/wii/libwiiuse.a(wpad.o)
 .text.__wpad_eventCB
                0x800061cc      0xbd8 /opt/devkitpro/libogc/lib/wii/libwiiuse.a(wpad.o)
 .text.__wpad_timeouthandler
                0x80006da4       0xd8 /opt/devkitpro/libogc/lib/wii/libwiiuse.a(wpad.o)
 .text.__WPADClearActiveList
                0x80006e7c      0x110 /opt/devkitpro/libogc/lib/wii/libwiiuse.a(wpad.o)
                0x80006e7c                __WPADClearActiveList
 .text.WPAD_WipeSavedControllers
                0x80006f8c      0x138 /opt/devkitpro/libogc/lib/wii/libwiiuse.a(wpad.o)
                0x80006f8c                WPAD_WipeSavedControllers
 .text.__wpad_def_hostsynccb
                0x800070c4       0x60 /opt/devkitpro/libogc/lib/wii/libwiiuse.a(wpad.o)
 .text.WPAD_ReadEvent
                0x80007124      0x684 /opt/devkitpro/libogc/lib/wii/libwiiuse.a(wpad.o)
                0x80007124                WPAD_ReadEvent
 .text.WPAD_ReadPending
                0x800077a8      0x1b4 /opt/devkitpro/libogc/lib/wii/libwiiuse.a(wpad.o)
                0x800077a8                WPAD_ReadPending
 .text.WPAD_Shutdown
                0x8000795c      0x13c /opt/devkitpro/libogc/lib/wii/libwiiuse.a(wpad.o)
                0x8000795c                WPAD_Shutdown
 .text.WPAD_Init
                0x80007a98      0x30c /opt/devkitpro/libogc/lib/wii/libwiiuse.a(wpad.o)
                0x80007a98                WPAD_Init
 .text.__wpad_onreset
                0x80007da4       0x34 /opt/devkitpro/libogc/lib/wii/libwiiuse.a(wpad.o)
 .text.WPAD_ScanPads
                0x80007dd8       0x7c /opt/devkitpro/libogc/lib/wii/libwiiuse.a(wpad.o)
                0x80007dd8                WPAD_ScanPads
 .text.WPAD_ButtonsDown
                0x80007e54       0x28 /opt/devkitpro/libogc/lib/wii/libwiiuse.a(wpad.o)
                0x80007e54                WPAD_ButtonsDown
 .text.motion_plus_disconnected
                0x80007e7c       0x10 /opt/devkitpro/libogc/lib/wii/libwiiuse.a(motion_plus.o)
                0x80007e7c                motion_plus_disconnected
 .text.motion_plus_event
                0x80007e8c       0x64 /opt/devkitpro/libogc/lib/wii/libwiiuse.a(motion_plus.o)
                0x80007e8c                motion_plus_event
 .text.calculate_gforce
                0x80007ef0      0x114 /opt/devkitpro/libogc/lib/wii/libwiiuse.a(dynamics.o)
                0x80007ef0                calculate_gforce
 .text.calc_joystick_state
                0x80008004      0x208 /opt/devkitpro/libogc/lib/wii/libwiiuse.a(dynamics.o)
                0x80008004                calc_joystick_state
 .text.apply_smoothing
                0x8000820c      0x110 /opt/devkitpro/libogc/lib/wii/libwiiuse.a(dynamics.o)
                0x8000820c                apply_smoothing
 .text.calculate_orientation
                0x8000831c      0x360 /opt/devkitpro/libogc/lib/wii/libwiiuse.a(dynamics.o)
                0x8000831c                calculate_orientation
 .text.calc_balanceboard_state
                0x8000867c      0x3a4 /opt/devkitpro/libogc/lib/wii/libwiiuse.a(dynamics.o)
                0x8000867c                calc_balanceboard_state
 .text.wiiuse_handshake
                0x80008a20      0x24c /opt/devkitpro/libogc/lib/wii/libwiiuse.a(io.o)
                0x80008a20                wiiuse_handshake
 .text.wiiuse_handshake_expansion
                0x80008c6c      0x214 /opt/devkitpro/libogc/lib/wii/libwiiuse.a(io.o)
                0x80008c6c                wiiuse_handshake_expansion
 .text.wiiuse_handshake_expansion_start
                0x80008e80       0x5c /opt/devkitpro/libogc/lib/wii/libwiiuse.a(io.o)
                0x80008e80                wiiuse_handshake_expansion_start
 .text.wiiuse_disable_expansion
                0x80008edc      0x1b0 /opt/devkitpro/libogc/lib/wii/libwiiuse.a(io.o)
                0x80008edc                wiiuse_disable_expansion
 .text.__wiiuse_accept_step2
                0x8000908c       0x5c /opt/devkitpro/libogc/lib/wii/libwiiuse.a(io_wii.o)
 .text.__wiiuse_connected
                0x800090e8       0xac /opt/devkitpro/libogc/lib/wii/libwiiuse.a(io_wii.o)
 .text.__wiiuse_disconnected
                0x80009194       0xc8 /opt/devkitpro/libogc/lib/wii/libwiiuse.a(io_wii.o)
 .text.__wiiuse_receive
                0x8000925c       0xc4 /opt/devkitpro/libogc/lib/wii/libwiiuse.a(io_wii.o)
 .text.__wiiuse_connect_step2
                0x80009320       0x5c /opt/devkitpro/libogc/lib/wii/libwiiuse.a(io_wii.o)
 .text.__wiiuse_sensorbar_enable
                0x8000937c       0x50 /opt/devkitpro/libogc/lib/wii/libwiiuse.a(io_wii.o)
                0x8000937c                __wiiuse_sensorbar_enable
 .text.wiiuse_accept
                0x800093cc      0x15c /opt/devkitpro/libogc/lib/wii/libwiiuse.a(io_wii.o)
                0x800093cc                wiiuse_accept
 .text.wiiuse_connect
                0x80009528      0x15c /opt/devkitpro/libogc/lib/wii/libwiiuse.a(io_wii.o)
                0x80009528                wiiuse_connect
 .text.wiiuse_disconnect
                0x80009684       0x50 /opt/devkitpro/libogc/lib/wii/libwiiuse.a(io_wii.o)
                0x80009684                wiiuse_disconnect
 .text.wiiuse_init_cmd_queue
                0x800096d4       0xa4 /opt/devkitpro/libogc/lib/wii/libwiiuse.a(io_wii.o)
                0x800096d4                wiiuse_init_cmd_queue
 .text.wiiuse_io_write
                0x80009778       0x1c /opt/devkitpro/libogc/lib/wii/libwiiuse.a(io_wii.o)
                0x80009778                wiiuse_io_write
 .text.rotate_dots
                0x80009794      0x134 /opt/devkitpro/libogc/lib/wii/libwiiuse.a(ir.o)
 .text.wiiuse_set_ir_mode
                0x800098c8       0x5c /opt/devkitpro/libogc/lib/wii/libwiiuse.a(ir.o)
                0x800098c8                wiiuse_set_ir_mode
 .text.wiiuse_set_ir
                0x80009924      0x26c /opt/devkitpro/libogc/lib/wii/libwiiuse.a(ir.o)
                0x80009924                wiiuse_set_ir
 .text.wiiuse_set_ir_position
                0x80009b90       0x80 /opt/devkitpro/libogc/lib/wii/libwiiuse.a(ir.o)
                0x80009b90                wiiuse_set_ir_position
 .text.wiiuse_set_aspect_ratio
                0x80009c10       0xac /opt/devkitpro/libogc/lib/wii/libwiiuse.a(ir.o)
                0x80009c10                wiiuse_set_aspect_ratio
 .text.wiiuse_set_ir_sensitivity
                0x80009cbc      0x190 /opt/devkitpro/libogc/lib/wii/libwiiuse.a(ir.o)
                0x80009cbc                wiiuse_set_ir_sensitivity
 .text.calculate_basic_ir
                0x80009e4c       0xe8 /opt/devkitpro/libogc/lib/wii/libwiiuse.a(ir.o)
                0x80009e4c                calculate_basic_ir
 .text.calculate_extended_ir
                0x80009f34       0x64 /opt/devkitpro/libogc/lib/wii/libwiiuse.a(ir.o)
                0x80009f34                calculate_extended_ir
 .text.find_sensorbar
                0x80009f98      0xb00 /opt/devkitpro/libogc/lib/wii/libwiiuse.a(ir.o)
                0x80009f98                find_sensorbar
 .text.apply_ir_smoothing
                0x8000aa98      0x120 /opt/devkitpro/libogc/lib/wii/libwiiuse.a(ir.o)
                0x8000aa98                apply_ir_smoothing
 .text.interpret_ir_data
                0x8000abb8      0x3d0 /opt/devkitpro/libogc/lib/wii/libwiiuse.a(ir.o)
                0x8000abb8                interpret_ir_data
 .text.nunchuk_handshake
                0x8000af88      0x390 /opt/devkitpro/libogc/lib/wii/libwiiuse.a(nunchuk.o)
                0x8000af88                nunchuk_handshake
 .text.nunchuk_disconnected
                0x8000b318        0xc /opt/devkitpro/libogc/lib/wii/libwiiuse.a(nunchuk.o)
                0x8000b318                nunchuk_disconnected
 .text.nunchuk_event
                0x8000b324       0xe8 /opt/devkitpro/libogc/lib/wii/libwiiuse.a(nunchuk.o)
                0x8000b324                nunchuk_event
 .text.wii_board_handshake
                0x8000b40c      0x28c /opt/devkitpro/libogc/lib/wii/libwiiuse.a(wiiboard.o)
                0x8000b40c                wii_board_handshake
 .text.wii_board_disconnected
                0x8000b698        0xc /opt/devkitpro/libogc/lib/wii/libwiiuse.a(wiiboard.o)
                0x8000b698                wii_board_disconnected
 .text.wii_board_event
                0x8000b6a4       0x24 /opt/devkitpro/libogc/lib/wii/libwiiuse.a(wiiboard.o)
                0x8000b6a4                wii_board_event
 .text.wiiuse_send_next_command
                0x8000b6c8       0x58 /opt/devkitpro/libogc/lib/wii/libwiiuse.a(wiiuse.o)
                0x8000b6c8                wiiuse_send_next_command
 .text.wiiuse_init
                0x8000b720      0x1fc /opt/devkitpro/libogc/lib/wii/libwiiuse.a(wiiuse.o)
                0x8000b720                wiiuse_init
 .text.wiiuse_set_flags
                0x8000b91c       0x28 /opt/devkitpro/libogc/lib/wii/libwiiuse.a(wiiuse.o)
                0x8000b91c                wiiuse_set_flags
 .text.wiiuse_read_data
                0x8000b944      0x120 /opt/devkitpro/libogc/lib/wii/libwiiuse.a(wiiuse.o)
                0x8000b944                wiiuse_read_data
 .text.wiiuse_write_data
                0x8000ba64      0x158 /opt/devkitpro/libogc/lib/wii/libwiiuse.a(wiiuse.o)
                0x8000ba64                wiiuse_write_data
 .text.wiiuse_sendcmd
                0x8000bbbc      0x13c /opt/devkitpro/libogc/lib/wii/libwiiuse.a(wiiuse.o)
                0x8000bbbc                wiiuse_sendcmd
 .text.wiiuse_set_leds
                0x8000bcf8       0x50 /opt/devkitpro/libogc/lib/wii/libwiiuse.a(wiiuse.o)
                0x8000bcf8                wiiuse_set_leds
 .text.wiiuse_set_report_type
                0x8000bd48       0xb4 /opt/devkitpro/libogc/lib/wii/libwiiuse.a(wiiuse.o)
                0x8000bd48                wiiuse_set_report_type
 .text.wiiuse_status
                0x8000bdfc       0x4c /opt/devkitpro/libogc/lib/wii/libwiiuse.a(wiiuse.o)
                0x8000bdfc                wiiuse_status
 .text.wiiuse_motion_sensing
                0x8000be48       0x84 /opt/devkitpro/libogc/lib/wii/libwiiuse.a(wiiuse.o)
                0x8000be48                wiiuse_motion_sensing
 .text.wiiuse_set_speaker
                0x8000becc      0x258 /opt/devkitpro/libogc/lib/wii/libwiiuse.a(speaker.o)
                0x8000becc                wiiuse_set_speaker
 .text.classic_ctrl_pressed_buttons
                0x8000c124       0x4c /opt/devkitpro/libogc/lib/wii/libwiiuse.a(classic.o)
 .text.classic_ctrl_handshake
                0x8000c170      0x460 /opt/devkitpro/libogc/lib/wii/libwiiuse.a(classic.o)
                0x8000c170                classic_ctrl_handshake
 .text.classic_ctrl_disconnected
                0x8000c5d0        0xc /opt/devkitpro/libogc/lib/wii/libwiiuse.a(classic.o)
                0x8000c5d0                classic_ctrl_disconnected
 .text.classic_ctrl_event
                0x8000c5dc      0x19c /opt/devkitpro/libogc/lib/wii/libwiiuse.a(classic.o)
                0x8000c5dc                classic_ctrl_event
 .text.handle_expansion
                0x8000c778       0x54 /opt/devkitpro/libogc/lib/wii/libwiiuse.a(events.o)
 .text.parse_event
                0x8000c7cc      0x73c /opt/devkitpro/libogc/lib/wii/libwiiuse.a(events.o)
                0x8000c7cc                parse_event
 .text.guitar_hero_3_handshake
                0x8000cf08       0x5c /opt/devkitpro/libogc/lib/wii/libwiiuse.a(guitar_hero_3.o)
                0x8000cf08                guitar_hero_3_handshake
 .text.guitar_hero_3_disconnected
                0x8000cf64        0xc /opt/devkitpro/libogc/lib/wii/libwiiuse.a(guitar_hero_3.o)
                0x8000cf64                guitar_hero_3_disconnected
 .text.guitar_hero_3_event
                0x8000cf70       0x60 /opt/devkitpro/libogc/lib/wii/libwiiuse.a(guitar_hero_3.o)
                0x8000cf70                guitar_hero_3_event
 .text.acl_wlp_completed
                0x8000cfd0        0x8 /opt/devkitpro/libogc/lib/wii/libbte.a(bte.o)
                0x8000cfd0                acl_wlp_completed
 .text.bt_alarmhandler
                0x8000cfd8        0x4 /opt/devkitpro/libogc/lib/wii/libbte.a(bte.o)
 .text.__bte_send_pending_request
                0x8000cfdc      0x108 /opt/devkitpro/libogc/lib/wii/libbte.a(bte.o)
 .text.acl_conn_complete
                0x8000d0e4       0x28 /opt/devkitpro/libogc/lib/wii/libbte.a(bte.o)
                0x8000d0e4                acl_conn_complete
 .text.acl_auth_complete
                0x8000d10c       0x2c /opt/devkitpro/libogc/lib/wii/libbte.a(bte.o)
                0x8000d10c                acl_auth_complete
 .text.pin_req  0x8000d138       0x8c /opt/devkitpro/libogc/lib/wii/libbte.a(bte.o)
                0x8000d138                pin_req
 .text.l2cap_connected
                0x8000d1c4       0xf0 /opt/devkitpro/libogc/lib/wii/libbte.a(bte.o)
                0x8000d1c4                l2cap_connected
 .text.l2cap_accepted
                0x8000d2b4       0xe8 /opt/devkitpro/libogc/lib/wii/libbte.a(bte.o)
                0x8000d2b4                l2cap_accepted
 .text.bte_inquiry_complete
                0x8000d39c      0x230 /opt/devkitpro/libogc/lib/wii/libbte.a(bte.o)
                0x8000d39c                bte_inquiry_complete
 .text.l2cap_disconnect_cfm
                0x8000d5cc      0x180 /opt/devkitpro/libogc/lib/wii/libbte.a(bte.o)
                0x8000d5cc                l2cap_disconnect_cfm
 .text.bte_process_input
                0x8000d74c      0x120 /opt/devkitpro/libogc/lib/wii/libbte.a(bte.o)
 .text.l2cap_disconnected_ind
                0x8000d86c      0x18c /opt/devkitpro/libogc/lib/wii/libbte.a(bte.o)
                0x8000d86c                l2cap_disconnected_ind
 .text.__bte_shutdown_finished
                0x8000d9f8       0xe0 /opt/devkitpro/libogc/lib/wii/libbte.a(bte.o)
 .text.bte_hci_apply_patch_complete
                0x8000dad8      0x168 /opt/devkitpro/libogc/lib/wii/libbte.a(bte.o)
                0x8000dad8                bte_hci_apply_patch_complete
 .text.bte_hci_patch_complete
                0x8000dc40      0x36c /opt/devkitpro/libogc/lib/wii/libbte.a(bte.o)
                0x8000dc40                bte_hci_patch_complete
 .text.bte_read_remote_name_complete
                0x8000dfac      0x178 /opt/devkitpro/libogc/lib/wii/libbte.a(bte.o)
                0x8000dfac                bte_read_remote_name_complete
 .text.bte_hci_initcore_complete
                0x8000e124      0x250 /opt/devkitpro/libogc/lib/wii/libbte.a(bte.o)
                0x8000e124                bte_hci_initcore_complete
 .text.bte_read_stored_link_key_complete
                0x8000e374      0x270 /opt/devkitpro/libogc/lib/wii/libbte.a(bte.o)
                0x8000e374                bte_read_stored_link_key_complete
 .text.bte_set_evt_filter_complete
                0x8000e5e4      0x1c4 /opt/devkitpro/libogc/lib/wii/libbte.a(bte.o)
                0x8000e5e4                bte_set_evt_filter_complete
 .text.bte_hci_initcore_complete2
                0x8000e7a8      0x218 /opt/devkitpro/libogc/lib/wii/libbte.a(bte.o)
 .text.bte_hci_initsub_complete
                0x8000e9c0      0x268 /opt/devkitpro/libogc/lib/wii/libbte.a(bte.o)
                0x8000e9c0                bte_hci_initsub_complete
 .text.BTE_Init
                0x8000ec28      0x148 /opt/devkitpro/libogc/lib/wii/libbte.a(bte.o)
                0x8000ec28                BTE_Init
 .text.BTE_Close
                0x8000ed70       0x58 /opt/devkitpro/libogc/lib/wii/libbte.a(bte.o)
                0x8000ed70                BTE_Close
 .text.BTE_Shutdown
                0x8000edc8       0xfc /opt/devkitpro/libogc/lib/wii/libbte.a(bte.o)
                0x8000edc8                BTE_Shutdown
 .text.BTE_InitCore
                0x8000eec4       0x74 /opt/devkitpro/libogc/lib/wii/libbte.a(bte.o)
                0x8000eec4                BTE_InitCore
 .text.BTE_ApplyPatch
                0x8000ef38       0x8c /opt/devkitpro/libogc/lib/wii/libbte.a(bte.o)
                0x8000ef38                BTE_ApplyPatch
 .text.BTE_InitSub
                0x8000efc4       0x78 /opt/devkitpro/libogc/lib/wii/libbte.a(bte.o)
                0x8000efc4                BTE_InitSub
 .text.BTE_ReadStoredLinkKey
                0x8000f03c       0x78 /opt/devkitpro/libogc/lib/wii/libbte.a(bte.o)
                0x8000f03c                BTE_ReadStoredLinkKey
 .text.BTE_SetEvtFilter
                0x8000f0b4       0xa0 /opt/devkitpro/libogc/lib/wii/libbte.a(bte.o)
                0x8000f0b4                BTE_SetEvtFilter
 .text.BTE_ReadRemoteName
                0x8000f154       0x74 /opt/devkitpro/libogc/lib/wii/libbte.a(bte.o)
                0x8000f154                BTE_ReadRemoteName
 .text.BTE_LinkKeyRequestReply
                0x8000f1c8       0x84 /opt/devkitpro/libogc/lib/wii/libbte.a(bte.o)
                0x8000f1c8                BTE_LinkKeyRequestReply
 .text.BTE_LinkKeyRequestNegativeReply
                0x8000f24c       0x74 /opt/devkitpro/libogc/lib/wii/libbte.a(bte.o)
                0x8000f24c                BTE_LinkKeyRequestNegativeReply
 .text.BTE_GetPairMode
                0x8000f2c0        0xc /opt/devkitpro/libogc/lib/wii/libbte.a(bte.o)
                0x8000f2c0                BTE_GetPairMode
 .text.BTE_SetDisconnectCallback
                0x8000f2cc        0x4 /opt/devkitpro/libogc/lib/wii/libbte.a(bte.o)
                0x8000f2cc                BTE_SetDisconnectCallback
 .text.BTE_SetHostSyncButtonCallback
                0x8000f2d0       0x44 /opt/devkitpro/libogc/lib/wii/libbte.a(bte.o)
                0x8000f2d0                BTE_SetHostSyncButtonCallback
 .text.BTE_SetConnectionRequestCallback
                0x8000f314       0x44 /opt/devkitpro/libogc/lib/wii/libbte.a(bte.o)
                0x8000f314                BTE_SetConnectionRequestCallback
 .text.BTE_SetLinkKeyRequestCallback
                0x8000f358       0x44 /opt/devkitpro/libogc/lib/wii/libbte.a(bte.o)
                0x8000f358                BTE_SetLinkKeyRequestCallback
 .text.BTE_SetLinkKeyNotificationCallback
                0x8000f39c       0x44 /opt/devkitpro/libogc/lib/wii/libbte.a(bte.o)
                0x8000f39c                BTE_SetLinkKeyNotificationCallback
 .text.BTE_WriteStoredLinkKey
                0x8000f3e0       0x84 /opt/devkitpro/libogc/lib/wii/libbte.a(bte.o)
                0x8000f3e0                BTE_WriteStoredLinkKey
 .text.BTE_ClearStoredLinkKeys
                0x8000f464       0x68 /opt/devkitpro/libogc/lib/wii/libbte.a(bte.o)
                0x8000f464                BTE_ClearStoredLinkKeys
 .text.bte_new  0x8000f4cc       0x54 /opt/devkitpro/libogc/lib/wii/libbte.a(bte.o)
                0x8000f4cc                bte_new
 .text.bte_free
                0x8000f520       0x38 /opt/devkitpro/libogc/lib/wii/libbte.a(bte.o)
                0x8000f520                bte_free
 .text.BTE_Inquiry
                0x8000f558       0xbc /opt/devkitpro/libogc/lib/wii/libbte.a(bte.o)
                0x8000f558                BTE_Inquiry
 .text.bte_disconnect
                0x8000f614       0xc0 /opt/devkitpro/libogc/lib/wii/libbte.a(bte.o)
                0x8000f614                bte_disconnect
 .text.bte_connectasync
                0x8000f6d4      0x11c /opt/devkitpro/libogc/lib/wii/libbte.a(bte.o)
                0x8000f6d4                bte_connectasync
 .text.bte_connectasync_step2
                0x8000f7f0       0xd4 /opt/devkitpro/libogc/lib/wii/libbte.a(bte.o)
                0x8000f7f0                bte_connectasync_step2
 .text.bte_listenasync
                0x8000f8c4      0x108 /opt/devkitpro/libogc/lib/wii/libbte.a(bte.o)
                0x8000f8c4                bte_listenasync
 .text.bte_listenasync_step2
                0x8000f9cc       0xd0 /opt/devkitpro/libogc/lib/wii/libbte.a(bte.o)
                0x8000f9cc                bte_listenasync_step2
 .text.bte_senddata
                0x8000fa9c      0x104 /opt/devkitpro/libogc/lib/wii/libbte.a(bte.o)
                0x8000fa9c                bte_senddata
 .text.bte_arg  0x8000fba0       0x24 /opt/devkitpro/libogc/lib/wii/libbte.a(bte.o)
                0x8000fba0                bte_arg
 .text.bte_received
                0x8000fbc4       0x24 /opt/devkitpro/libogc/lib/wii/libbte.a(bte.o)
                0x8000fbc4                bte_received
 .text.bte_disconnected
                0x8000fbe8       0x24 /opt/devkitpro/libogc/lib/wii/libbte.a(bte.o)
                0x8000fbe8                bte_disconnected
 .text.hci_get_link
                0x8000fc0c       0x84 /opt/devkitpro/libogc/lib/wii/libbte.a(hci.o)
 .text.hci_init
                0x8000fc90       0x7c /opt/devkitpro/libogc/lib/wii/libbte.a(hci.o)
                0x8000fc90                hci_init
 .text.hci_close
                0x8000fd0c      0x124 /opt/devkitpro/libogc/lib/wii/libbte.a(hci.o)
                0x8000fd0c                hci_close
 .text.hci_reset_all
                0x8000fe30       0xa8 /opt/devkitpro/libogc/lib/wii/libbte.a(hci.o)
                0x8000fe30                hci_reset_all
 .text.hci_arg  0x8000fed8        0xc /opt/devkitpro/libogc/lib/wii/libbte.a(hci.o)
                0x8000fed8                hci_arg
 .text.hci_cmd_complete
                0x8000fee4        0xc /opt/devkitpro/libogc/lib/wii/libbte.a(hci.o)
                0x8000fee4                hci_cmd_complete
 .text.hci_pin_req
                0x8000fef0        0xc /opt/devkitpro/libogc/lib/wii/libbte.a(hci.o)
                0x8000fef0                hci_pin_req
 .text.hci_sync_btn
                0x8000fefc        0xc /opt/devkitpro/libogc/lib/wii/libbte.a(hci.o)
                0x8000fefc                hci_sync_btn
 .text.hci_remote_name_req_complete
                0x8000ff08        0xc /opt/devkitpro/libogc/lib/wii/libbte.a(hci.o)
                0x8000ff08                hci_remote_name_req_complete
 .text.hci_link_key_req
                0x8000ff14        0xc /opt/devkitpro/libogc/lib/wii/libbte.a(hci.o)
                0x8000ff14                hci_link_key_req
 .text.hci_link_key_not
                0x8000ff20        0xc /opt/devkitpro/libogc/lib/wii/libbte.a(hci.o)
                0x8000ff20                hci_link_key_not
 .text.hci_connection_complete
                0x8000ff2c        0xc /opt/devkitpro/libogc/lib/wii/libbte.a(hci.o)
                0x8000ff2c                hci_connection_complete
 .text.hci_auth_complete
                0x8000ff38        0xc /opt/devkitpro/libogc/lib/wii/libbte.a(hci.o)
                0x8000ff38                hci_auth_complete
 .text.hci_wlp_complete
                0x8000ff44        0xc /opt/devkitpro/libogc/lib/wii/libbte.a(hci.o)
                0x8000ff44                hci_wlp_complete
 .text.hci_conn_req
                0x8000ff50        0xc /opt/devkitpro/libogc/lib/wii/libbte.a(hci.o)
                0x8000ff50                hci_conn_req
 .text.hci_reset
                0x8000ff5c       0xa8 /opt/devkitpro/libogc/lib/wii/libbte.a(hci.o)
                0x8000ff5c                hci_reset
 .text.hci_read_buffer_size
                0x80010004       0xa8 /opt/devkitpro/libogc/lib/wii/libbte.a(hci.o)
                0x80010004                hci_read_buffer_size
 .text.hci_read_bd_addr
                0x800100ac       0xa8 /opt/devkitpro/libogc/lib/wii/libbte.a(hci.o)
                0x800100ac                hci_read_bd_addr
 .text.hci_read_local_version
                0x80010154       0xa4 /opt/devkitpro/libogc/lib/wii/libbte.a(hci.o)
                0x80010154                hci_read_local_version
 .text.hci_read_local_features
                0x800101f8       0xa8 /opt/devkitpro/libogc/lib/wii/libbte.a(hci.o)
                0x800101f8                hci_read_local_features
 .text.hci_read_stored_link_key
                0x800102a0      0x10c /opt/devkitpro/libogc/lib/wii/libbte.a(hci.o)
                0x800102a0                hci_read_stored_link_key
 .text.hci_set_event_filter
                0x800103ac      0x180 /opt/devkitpro/libogc/lib/wii/libbte.a(hci.o)
                0x800103ac                hci_set_event_filter
 .text.hci_write_page_timeout
                0x8001052c       0xc8 /opt/devkitpro/libogc/lib/wii/libbte.a(hci.o)
                0x8001052c                hci_write_page_timeout
 .text.hci_write_scan_enable
                0x800105f4       0xc0 /opt/devkitpro/libogc/lib/wii/libbte.a(hci.o)
                0x800105f4                hci_write_scan_enable
 .text.hci_inquiry
                0x800106b4      0x144 /opt/devkitpro/libogc/lib/wii/libbte.a(hci.o)
                0x800106b4                hci_inquiry
 .text.hci_accept_conn_request
                0x800107f8       0xf0 /opt/devkitpro/libogc/lib/wii/libbte.a(hci.o)
                0x800107f8                hci_accept_conn_request
 .text.hci_write_local_name
                0x800108e8       0xec /opt/devkitpro/libogc/lib/wii/libbte.a(hci.o)
                0x800108e8                hci_write_local_name
 .text.hci_write_pin_type
                0x800109d4       0xc0 /opt/devkitpro/libogc/lib/wii/libbte.a(hci.o)
                0x800109d4                hci_write_pin_type
 .text.hci_read_remote_name
                0x80010a94      0x1a8 /opt/devkitpro/libogc/lib/wii/libbte.a(hci.o)
                0x80010a94                hci_read_remote_name
 .text.hci_write_inquiry_mode
                0x80010c3c       0xc0 /opt/devkitpro/libogc/lib/wii/libbte.a(hci.o)
                0x80010c3c                hci_write_inquiry_mode
 .text.hci_write_page_scan_type
                0x80010cfc       0xc0 /opt/devkitpro/libogc/lib/wii/libbte.a(hci.o)
                0x80010cfc                hci_write_page_scan_type
 .text.hci_write_inquiry_scan_type
                0x80010dbc       0xc0 /opt/devkitpro/libogc/lib/wii/libbte.a(hci.o)
                0x80010dbc                hci_write_inquiry_scan_type
 .text.hci_vendor_specific_command
                0x80010e7c      0x104 /opt/devkitpro/libogc/lib/wii/libbte.a(hci.o)
                0x80010e7c                hci_vendor_specific_command
 .text.hci_auth_req
                0x80010f80       0xdc /opt/devkitpro/libogc/lib/wii/libbte.a(hci.o)
                0x80010f80                hci_auth_req
 .text.hci_write_link_policy_settings
                0x8001105c       0xf4 /opt/devkitpro/libogc/lib/wii/libbte.a(hci.o)
                0x8001105c                hci_write_link_policy_settings
 .text.hci_pin_code_request_reply
                0x80011150      0x150 /opt/devkitpro/libogc/lib/wii/libbte.a(hci.o)
                0x80011150                hci_pin_code_request_reply
 .text.hci_link_key_req_reply
                0x800112a0      0x114 /opt/devkitpro/libogc/lib/wii/libbte.a(hci.o)
                0x800112a0                hci_link_key_req_reply
 .text.hci_pin_code_request_neg_reply
                0x800113b4       0xd4 /opt/devkitpro/libogc/lib/wii/libbte.a(hci.o)
                0x800113b4                hci_pin_code_request_neg_reply
 .text.hci_link_key_req_neg_reply
                0x80011488       0xd4 /opt/devkitpro/libogc/lib/wii/libbte.a(hci.o)
                0x80011488                hci_link_key_req_neg_reply
 .text.hci_disconnect
                0x8001155c       0xf8 /opt/devkitpro/libogc/lib/wii/libbte.a(hci.o)
                0x8001155c                hci_disconnect
 .text.hci_reject_connection_request
                0x80011654       0xf0 /opt/devkitpro/libogc/lib/wii/libbte.a(hci.o)
                0x80011654                hci_reject_connection_request
 .text.hci_write_stored_link_key
                0x80011744      0x128 /opt/devkitpro/libogc/lib/wii/libbte.a(hci.o)
                0x80011744                hci_write_stored_link_key
 .text.hci_delete_stored_link_key
                0x8001186c      0x10c /opt/devkitpro/libogc/lib/wii/libbte.a(hci.o)
                0x8001186c                hci_delete_stored_link_key
 .text.hci_write_cod
                0x80011978       0xd8 /opt/devkitpro/libogc/lib/wii/libbte.a(hci.o)
                0x80011978                hci_write_cod
 .text.hci_host_buffer_size
                0x80011a50       0xf8 /opt/devkitpro/libogc/lib/wii/libbte.a(hci.o)
                0x80011a50                hci_host_buffer_size
 .text.hci_host_num_comp_packets
                0x80011b48      0x100 /opt/devkitpro/libogc/lib/wii/libbte.a(hci.o)
                0x80011b48                hci_host_num_comp_packets
 .text.lp_pdu_maxsize
                0x80011c48        0xc /opt/devkitpro/libogc/lib/wii/libbte.a(hci.o)
                0x80011c48                lp_pdu_maxsize
 .text.hci_get_bd_addr
                0x80011c54       0x50 /opt/devkitpro/libogc/lib/wii/libbte.a(hci.o)
                0x80011c54                hci_get_bd_addr
 .text.lp_is_connected
                0x80011ca4       0x28 /opt/devkitpro/libogc/lib/wii/libbte.a(hci.o)
                0x80011ca4                lp_is_connected
 .text.lp_acl_write
                0x80011ccc      0x144 /opt/devkitpro/libogc/lib/wii/libbte.a(hci.o)
                0x80011ccc                lp_acl_write
 .text.lp_write_flush_timeout
                0x80011e10       0xf4 /opt/devkitpro/libogc/lib/wii/libbte.a(hci.o)
                0x80011e10                lp_write_flush_timeout
 .text.lp_connect_req
                0x80011f04      0x274 /opt/devkitpro/libogc/lib/wii/libbte.a(hci.o)
                0x80011f04                lp_connect_req
 .text.hci_event_handler
                0x80012178      0xdf0 /opt/devkitpro/libogc/lib/wii/libbte.a(hci.o)
                0x80012178                hci_event_handler
 .text.hci_acldata_handler
                0x80012f68       0xec /opt/devkitpro/libogc/lib/wii/libbte.a(hci.o)
                0x80012f68                hci_acldata_handler
 .text.l2cap_init
                0x80013054       0x60 /opt/devkitpro/libogc/lib/wii/libbte.a(l2cap.o)
                0x80013054                l2cap_init
 .text.l2cap_write
                0x800130b4      0x1a0 /opt/devkitpro/libogc/lib/wii/libbte.a(l2cap.o)
                0x800130b4                l2cap_write
 .text.l2cap_new
                0x80013254       0x60 /opt/devkitpro/libogc/lib/wii/libbte.a(l2cap.o)
                0x80013254                l2cap_new
 .text.l2cap_close
                0x800132b4      0x1b4 /opt/devkitpro/libogc/lib/wii/libbte.a(l2cap.o)
                0x800132b4                l2cap_close
 .text.l2cap_reset_all
                0x80013468      0x134 /opt/devkitpro/libogc/lib/wii/libbte.a(l2cap.o)
                0x80013468                l2cap_reset_all
 .text.l2cap_signal
                0x8001359c      0x204 /opt/devkitpro/libogc/lib/wii/libbte.a(l2cap.o)
                0x8001359c                l2cap_signal
 .text.l2ca_connect_req
                0x800137a0      0x1b8 /opt/devkitpro/libogc/lib/wii/libbte.a(l2cap.o)
                0x800137a0                l2ca_connect_req
 .text.l2ca_config_req
                0x80013958      0x128 /opt/devkitpro/libogc/lib/wii/libbte.a(l2cap.o)
                0x80013958                l2ca_config_req
 .text.l2ca_disconnect_req
                0x80013a80       0xbc /opt/devkitpro/libogc/lib/wii/libbte.a(l2cap.o)
                0x80013a80                l2ca_disconnect_req
 .text.l2cap_tmr
                0x80013b3c      0x260 /opt/devkitpro/libogc/lib/wii/libbte.a(l2cap.o)
                0x80013b3c                l2cap_tmr
 .text.l2cap_process_sig
                0x80013d9c     0x1168 /opt/devkitpro/libogc/lib/wii/libbte.a(l2cap.o)
                0x80013d9c                l2cap_process_sig
 .text.l2cap_input
                0x80014f04      0x5c0 /opt/devkitpro/libogc/lib/wii/libbte.a(l2cap.o)
                0x80014f04                l2cap_input
 .text.l2ca_datawrite
                0x800154c4      0x10c /opt/devkitpro/libogc/lib/wii/libbte.a(l2cap.o)
                0x800154c4                l2ca_datawrite
 .text.lp_connect_cfm
                0x800155d0      0x160 /opt/devkitpro/libogc/lib/wii/libbte.a(l2cap.o)
                0x800155d0                lp_connect_cfm
 .text.lp_connect_ind
                0x80015730        0x4 /opt/devkitpro/libogc/lib/wii/libbte.a(l2cap.o)
                0x80015730                lp_connect_ind
 .text.lp_disconnect_ind
                0x80015734      0x1b0 /opt/devkitpro/libogc/lib/wii/libbte.a(l2cap.o)
                0x80015734                lp_disconnect_ind
 .text.l2cap_disconnect_bb
                0x800158e4       0x10 /opt/devkitpro/libogc/lib/wii/libbte.a(l2cap.o)
                0x800158e4                l2cap_disconnect_bb
 .text.l2cap_arg
                0x800158f4        0x8 /opt/devkitpro/libogc/lib/wii/libbte.a(l2cap.o)
                0x800158f4                l2cap_arg
 .text.l2cap_connect_ind
                0x800158fc       0xec /opt/devkitpro/libogc/lib/wii/libbte.a(l2cap.o)
                0x800158fc                l2cap_connect_ind
 .text.l2cap_disconnect_ind
                0x800159e8        0x8 /opt/devkitpro/libogc/lib/wii/libbte.a(l2cap.o)
                0x800159e8                l2cap_disconnect_ind
 .text.l2cap_recv
                0x800159f0        0x8 /opt/devkitpro/libogc/lib/wii/libbte.a(l2cap.o)
                0x800159f0                l2cap_recv
 .text.btmemb_init
                0x800159f8       0x24 /opt/devkitpro/libogc/lib/wii/libbte.a(btmemb.o)
                0x800159f8                btmemb_init
 .text.btmemb_alloc
                0x80015a1c       0x88 /opt/devkitpro/libogc/lib/wii/libbte.a(btmemb.o)
                0x80015a1c                btmemb_alloc
 .text.btmemb_free
                0x80015aa4       0xcc /opt/devkitpro/libogc/lib/wii/libbte.a(btmemb.o)
                0x80015aa4                btmemb_free
 .text.plug_holes
                0x80015b70       0xac /opt/devkitpro/libogc/lib/wii/libbte.a(btmemr.o)
 .text.btmemr_init
                0x80015c1c       0x90 /opt/devkitpro/libogc/lib/wii/libbte.a(btmemr.o)
                0x80015c1c                btmemr_init
 .text.btmemr_malloc
                0x80015cac      0x168 /opt/devkitpro/libogc/lib/wii/libbte.a(btmemr.o)
                0x80015cac                btmemr_malloc
 .text.btmemr_free
                0x80015e14       0x90 /opt/devkitpro/libogc/lib/wii/libbte.a(btmemr.o)
                0x80015e14                btmemr_free
 .text.btmemr_realloc
                0x80015ea4      0x10c /opt/devkitpro/libogc/lib/wii/libbte.a(btmemr.o)
                0x80015ea4                btmemr_realloc
 .text.btpbuf_init
                0x80015fb0       0x28 /opt/devkitpro/libogc/lib/wii/libbte.a(btpbuf.o)
                0x80015fb0                btpbuf_init
 .text.btpbuf_free
                0x80015fd8       0xfc /opt/devkitpro/libogc/lib/wii/libbte.a(btpbuf.o)
                0x80015fd8                btpbuf_free
 .text.btpbuf_alloc
                0x800160d4      0x270 /opt/devkitpro/libogc/lib/wii/libbte.a(btpbuf.o)
                0x800160d4                btpbuf_alloc
 .text.btpbuf_realloc
                0x80016344      0x120 /opt/devkitpro/libogc/lib/wii/libbte.a(btpbuf.o)
                0x80016344                btpbuf_realloc
 .text.btpbuf_header
                0x80016464       0x84 /opt/devkitpro/libogc/lib/wii/libbte.a(btpbuf.o)
                0x80016464                btpbuf_header
 .text.btpbuf_ref
                0x800164e8       0x34 /opt/devkitpro/libogc/lib/wii/libbte.a(btpbuf.o)
                0x800164e8                btpbuf_ref
 .text.btpbuf_chain
                0x8001651c       0x88 /opt/devkitpro/libogc/lib/wii/libbte.a(btpbuf.o)
                0x8001651c                btpbuf_chain
 .text.btpbuf_dechain
                0x800165a4       0x7c /opt/devkitpro/libogc/lib/wii/libbte.a(btpbuf.o)
                0x800165a4                btpbuf_dechain
 .text.btpbuf_take
                0x80016620      0x13c /opt/devkitpro/libogc/lib/wii/libbte.a(btpbuf.o)
                0x80016620                btpbuf_take
 .text.__writebulkmsgCB
                0x8001675c       0x3c /opt/devkitpro/libogc/lib/wii/libbte.a(physbusif.o)
 .text.__writectrlmsgCB
                0x80016798       0x3c /opt/devkitpro/libogc/lib/wii/libbte.a(physbusif.o)
 .text.__issue_intrread.part.0
                0x800167d4       0x80 /opt/devkitpro/libogc/lib/wii/libbte.a(physbusif.o)
 .text.__readintrdataCB
                0x80016854      0x134 /opt/devkitpro/libogc/lib/wii/libbte.a(physbusif.o)
 .text.__issue_bulkread.part.0
                0x80016988       0x80 /opt/devkitpro/libogc/lib/wii/libbte.a(physbusif.o)
 .text.__readbulkdataCB
                0x80016a08      0x134 /opt/devkitpro/libogc/lib/wii/libbte.a(physbusif.o)
 .text.physbusif_init
                0x80016b3c      0x1ec /opt/devkitpro/libogc/lib/wii/libbte.a(physbusif.o)
                0x80016b3c                physbusif_init
 .text.physbusif_close
                0x80016d28       0x20 /opt/devkitpro/libogc/lib/wii/libbte.a(physbusif.o)
                0x80016d28                physbusif_close
 .text.physbusif_shutdown
                0x80016d48       0x18 /opt/devkitpro/libogc/lib/wii/libbte.a(physbusif.o)
                0x80016d48                physbusif_shutdown
 .text.physbusif_reset_all
                0x80016d60        0x4 /opt/devkitpro/libogc/lib/wii/libbte.a(physbusif.o)
                0x80016d60                physbusif_reset_all
 .text.physbusif_output
                0x80016d64      0x1f4 /opt/devkitpro/libogc/lib/wii/libbte.a(physbusif.o)
                0x80016d64                physbusif_output
 .text.atanf    0x80016f58      0x278 /opt/devkitpro/devkitPPC/lib/gcc/powerpc-eabi/15.2.0/../../../../powerpc-eabi/lib/libm.a(libm_a-sf_atan.o)
                0x80016f58                atanf
 .text.atan2    0x800171d0        0x4 /opt/devkitpro/devkitPPC/lib/gcc/powerpc-eabi/15.2.0/../../../../powerpc-eabi/lib/libm.a(libm_a-w_atan2.o)
                0x800171d0                atan2
 .text.fabsf    0x800171d4       0x20 /opt/devkitpro/devkitPPC/lib/gcc/powerpc-eabi/15.2.0/../../../../powerpc-eabi/lib/libm.a(libm_a-sf_fabs.o)
                0x800171d4                fabsf
 .text.sqrtf    0x800171f4       0x70 /opt/devkitpro/devkitPPC/lib/gcc/powerpc-eabi/15.2.0/../../../../powerpc-eabi/lib/libm.a(libm_a-wf_sqrt.o)
                0x800171f4                sqrtf
 .text.hypotf   0x80017264       0x8c /opt/devkitpro/devkitPPC/lib/gcc/powerpc-eabi/15.2.0/../../../../powerpc-eabi/lib/libm.a(libm_a-wf_hypot.o)
                0x80017264                hypotf
 .text.atan2f   0x800172f0        0x4 /opt/devkitpro/devkitPPC/lib/gcc/powerpc-eabi/15.2.0/../../../../powerpc-eabi/lib/libm.a(libm_a-wf_atan2.o)
                0x800172f0                atan2f
 .text.__ieee754_hypotf
                0x800172f4      0x210 /opt/devkitpro/devkitPPC/lib/gcc/powerpc-eabi/15.2.0/../../../../powerpc-eabi/lib/libm.a(libm_a-ef_hypot.o)
                0x800172f4                __ieee754_hypotf
 .text.sincos   0x80017504       0x58 /opt/devkitpro/devkitPPC/lib/gcc/powerpc-eabi/15.2.0/../../../../powerpc-eabi/lib/libm.a(libm_a-w_sincos.o)
                0x80017504                sincos
 .text.__ieee754_atan2
                0x8001755c      0x280 /opt/devkitpro/devkitPPC/lib/gcc/powerpc-eabi/15.2.0/../../../../powerpc-eabi/lib/libm.a(libm_a-e_atan2.o)
                0x8001755c                __ieee754_atan2
 .text.finitef  0x800177dc       0x28 /opt/devkitpro/devkitPPC/lib/gcc/powerpc-eabi/15.2.0/../../../../powerpc-eabi/lib/libm.a(libm_a-sf_finite.o)
                0x800177dc                finitef
 .text.sincosf  0x80017804       0x58 /opt/devkitpro/devkitPPC/lib/gcc/powerpc-eabi/15.2.0/../../../../powerpc-eabi/lib/libm.a(libm_a-wf_sincos.o)
                0x80017804                sincosf
 .text.atan     0x8001785c      0x290 /opt/devkitpro/devkitPPC/lib/gcc/powerpc-eabi/15.2.0/../../../../powerpc-eabi/lib/libm.a(libm_a-s_atan.o)
                0x8001785c                atan
 .text.__ieee754_sqrtf
                0x80017aec      0x160 /opt/devkitpro/devkitPPC/lib/gcc/powerpc-eabi/15.2.0/../../../../powerpc-eabi/lib/libm.a(libm_a-ef_sqrt.o)
                0x80017aec                __ieee754_sqrtf
 .text.__ieee754_atan2f
                0x80017c4c      0x248 /opt/devkitpro/devkitPPC/lib/gcc/powerpc-eabi/15.2.0/../../../../powerpc-eabi/lib/libm.a(libm_a-ef_atan2.o)
                0x80017c4c                __ieee754_atan2f
 .text.sin      0x80017e94       0xd4 /opt/devkitpro/devkitPPC/lib/gcc/powerpc-eabi/15.2.0/../../../../powerpc-eabi/lib/libm.a(libm_a-s_sin.o)
                0x80017e94                sin
 .text.fabs     0x80017f68       0x28 /opt/devkitpro/devkitPPC/lib/gcc/powerpc-eabi/15.2.0/../../../../powerpc-eabi/lib/libm.a(libm_a-s_fabs.o)
                0x80017f68                fabs
 .text.__ieee754_rem_pio2
                0x80017f90      0x420 /opt/devkitpro/devkitPPC/lib/gcc/powerpc-eabi/15.2.0/../../../../powerpc-eabi/lib/libm.a(libm_a-e_rem_pio2.o)
                0x80017f90                __ieee754_rem_pio2
 .text.__kernel_rem_pio2
                0x800183b0      0xf48 /opt/devkitpro/devkitPPC/lib/gcc/powerpc-eabi/15.2.0/../../../../powerpc-eabi/lib/libm.a(libm_a-k_rem_pio2.o)
                0x800183b0                __kernel_rem_pio2
 .text.scalbn   0x800192f8      0x198 /opt/devkitpro/devkitPPC/lib/gcc/powerpc-eabi/15.2.0/../../../../powerpc-eabi/lib/libm.a(libm_a-s_scalbn.o)
                0x800192f8                scalbn
 .text.cosf     0x80019490       0xd4 /opt/devkitpro/devkitPPC/lib/gcc/powerpc-eabi/15.2.0/../../../../powerpc-eabi/lib/libm.a(libm_a-sf_cos.o)
                0x80019490                cosf
 .text.__kernel_sin
                0x80019564       0xcc /opt/devkitpro/devkitPPC/lib/gcc/powerpc-eabi/15.2.0/../../../../powerpc-eabi/lib/libm.a(libm_a-k_sin.o)
                0x80019564                __kernel_sin
 .text.cos      0x80019630       0xd0 /opt/devkitpro/devkitPPC/lib/gcc/powerpc-eabi/15.2.0/../../../../powerpc-eabi/lib/libm.a(libm_a-s_cos.o)
                0x80019630                cos
 .text.__kernel_cosf
                0x80019700      0x180 /opt/devkitpro/devkitPPC/lib/gcc/powerpc-eabi/15.2.0/../../../../powerpc-eabi/lib/libm.a(libm_a-kf_cos.o)
                0x80019700                __kernel_cosf
 .text.sinf     0x80019880       0xd8 /opt/devkitpro/devkitPPC/lib/gcc/powerpc-eabi/15.2.0/../../../../powerpc-eabi/lib/libm.a(libm_a-sf_sin.o)
                0x80019880                sinf
 .text.floor    0x80019958      0x188 /opt/devkitpro/devkitPPC/lib/gcc/powerpc-eabi/15.2.0/../../../../powerpc-eabi/lib/libm.a(libm_a-s_floor.o)
                0x80019958                floor
 .text.__kernel_cos
                0x80019ae0      0x188 /opt/devkitpro/devkitPPC/lib/gcc/powerpc-eabi/15.2.0/../../../../powerpc-eabi/lib/libm.a(libm_a-k_cos.o)
                0x80019ae0                __kernel_cos
 .text.__kernel_sinf
                0x80019c68       0xcc /opt/devkitpro/devkitPPC/lib/gcc/powerpc-eabi/15.2.0/../../../../powerpc-eabi/lib/libm.a(libm_a-kf_sin.o)
                0x80019c68                __kernel_sinf
 .text.__ieee754_rem_pio2f
                0x80019d34      0x418 /opt/devkitpro/devkitPPC/lib/gcc/powerpc-eabi/15.2.0/../../../../powerpc-eabi/lib/libm.a(libm_a-ef_rem_pio2.o)
                0x80019d34                __ieee754_rem_pio2f
 .text.__kernel_rem_pio2f
                0x8001a14c      0xf70 /opt/devkitpro/devkitPPC/lib/gcc/powerpc-eabi/15.2.0/../../../../powerpc-eabi/lib/libm.a(libm_a-kf_rem_pio2.o)
                0x8001a14c                __kernel_rem_pio2f
 .text.floorf   0x8001b0bc      0x10c /opt/devkitpro/devkitPPC/lib/gcc/powerpc-eabi/15.2.0/../../../../powerpc-eabi/lib/libm.a(libm_a-sf_floor.o)
                0x8001b0bc                floorf
 .text.scalbnf  0x8001b1c8      0x18c /opt/devkitpro/devkitPPC/lib/gcc/powerpc-eabi/15.2.0/../../../../powerpc-eabi/lib/libm.a(libm_a-sf_scalbn.o)
                0x8001b1c8                scalbnf
 .text.player   0x8001b354       0xa0 /opt/devkitpro/libogc/lib/wii/libmodplay.a(gcmodplay.o)
 .text.SndBufStart
                0x8001b3f4      0x1e0 /opt/devkitpro/libogc/lib/wii/libmodplay.a(gcmodplay.o)
 .text.__aesndvoicecallback
                0x8001b5d4       0x54 /opt/devkitpro/libogc/lib/wii/libmodplay.a(gcmodplay.o)
 .text.mixCallback
                0x8001b628       0x50 /opt/devkitpro/libogc/lib/wii/libmodplay.a(gcmodplay.o)
 .text.updateWaveFormat.isra.0
                0x8001b678      0x1b0 /opt/devkitpro/libogc/lib/wii/libmodplay.a(gcmodplay.o)
 .text.MODPlay_Init
                0x8001b828      0x10c /opt/devkitpro/libogc/lib/wii/libmodplay.a(gcmodplay.o)
                0x8001b828                MODPlay_Init
 .text.MODPlay_SetMOD
                0x8001b934       0xe0 /opt/devkitpro/libogc/lib/wii/libmodplay.a(gcmodplay.o)
                0x8001b934                MODPlay_SetMOD
 .text.MODPlay_Start
                0x8001ba14       0x80 /opt/devkitpro/libogc/lib/wii/libmodplay.a(gcmodplay.o)
                0x8001ba14                MODPlay_Start
 .text.MODPlay_SetVolume
                0x8001ba94       0x50 /opt/devkitpro/libogc/lib/wii/libmodplay.a(gcmodplay.o)
                0x8001ba94                MODPlay_SetVolume
 .text.MOD_AllocSFXChannels
                0x8001bae4       0x60 /opt/devkitpro/libogc/lib/wii/libmodplay.a(modplay.o)
                0x8001bae4                MOD_AllocSFXChannels
 .text.MOD_Free
                0x8001bb44       0x68 /opt/devkitpro/libogc/lib/wii/libmodplay.a(modplay.o)
                0x8001bb44                MOD_Free
 .text.MOD_SetMOD
                0x8001bbac      0x4a8 /opt/devkitpro/libogc/lib/wii/libmodplay.a(modplay.o)
                0x8001bbac                MOD_SetMOD
 .text.triggerNote
                0x8001c054      0x188 /opt/devkitpro/libogc/lib/wii/libmodplay.a(modplay.o)
                0x8001c054                triggerNote
 .text.effect_handler
                0x8001c1dc      0x600 /opt/devkitpro/libogc/lib/wii/libmodplay.a(modplay.o)
                0x8001c1dc                effect_handler
 .text.process  0x8001c7dc      0x8a4 /opt/devkitpro/libogc/lib/wii/libmodplay.a(modplay.o)
                0x8001c7dc                process
 .text.MOD_Start
                0x8001d080      0x368 /opt/devkitpro/libogc/lib/wii/libmodplay.a(modplay.o)
                0x8001d080                MOD_Start
 .text.MOD_Player
                0x8001d3e8      0x240 /opt/devkitpro/libogc/lib/wii/libmodplay.a(modplay.o)
                0x8001d3e8                MOD_Player
 .text.mix_mono_16bit
                0x8001d628      0xb88 /opt/devkitpro/libogc/lib/wii/libmodplay.a(mixer.o)
                0x8001d628                mix_mono_16bit
 .text.mix_stereo_16bit
                0x8001e1b0      0x4f8 /opt/devkitpro/libogc/lib/wii/libmodplay.a(mixer.o)
                0x8001e1b0                mix_stereo_16bit
 .text.__dsp_resumecallback
                0x8001e6a8        0x4 /opt/devkitpro/libogc/lib/wii/libaesnd.a(aesndlib.o)
 .text.__dsp_donecallback
                0x8001e6ac       0x14 /opt/devkitpro/libogc/lib/wii/libaesnd.a(aesndlib.o)
 .text.__dsp_initcallback
                0x8001e6c0       0x5c /opt/devkitpro/libogc/lib/wii/libaesnd.a(aesndlib.o)
 .text.__aesndfillbuffer.constprop.0
                0x8001e71c       0xf4 /opt/devkitpro/libogc/lib/wii/libaesnd.a(aesndlib.o)
 .text.__dsp_requestcallback
                0x8001e810      0x56c /opt/devkitpro/libogc/lib/wii/libaesnd.a(aesndlib.o)
 .text.__audio_dma_callback
                0x8001ed7c      0x2dc /opt/devkitpro/libogc/lib/wii/libaesnd.a(aesndlib.o)
 .text.AESND_Init
                0x8001f058      0x29c /opt/devkitpro/libogc/lib/wii/libaesnd.a(aesndlib.o)
                0x8001f058                AESND_Init
 .text.AESND_AllocateVoiceWithArg
                0x8001f2f4       0xc0 /opt/devkitpro/libogc/lib/wii/libaesnd.a(aesndlib.o)
                0x8001f2f4                AESND_AllocateVoiceWithArg
 .text.AESND_SetVoiceBuffer
                0x8001f3b4       0x30 /opt/devkitpro/libogc/lib/wii/libaesnd.a(aesndlib.o)
                0x8001f3b4                AESND_SetVoiceBuffer
 .text.AESND_SetVoiceFormat
                0x8001f3e4       0x84 /opt/devkitpro/libogc/lib/wii/libaesnd.a(aesndlib.o)
                0x8001f3e4                AESND_SetVoiceFormat
 .text.AESND_SetVoiceVolume
                0x8001f468       0x28 /opt/devkitpro/libogc/lib/wii/libaesnd.a(aesndlib.o)
                0x8001f468                AESND_SetVoiceVolume
 .text.AESND_SetVoiceFrequency
                0x8001f490       0xa0 /opt/devkitpro/libogc/lib/wii/libaesnd.a(aesndlib.o)
                0x8001f490                AESND_SetVoiceFrequency
 .text.AESND_SetVoiceStream
                0x8001f530       0x40 /opt/devkitpro/libogc/lib/wii/libaesnd.a(aesndlib.o)
                0x8001f530                AESND_SetVoiceStream
 .text.AESND_SetVoiceStop
                0x8001f570       0x40 /opt/devkitpro/libogc/lib/wii/libaesnd.a(aesndlib.o)
                0x8001f570                AESND_SetVoiceStop
 .text.DEBUGPrint
                0x8001f5b0        0x4 /opt/devkitpro/libogc/lib/wii/libogc.a(common_crt0.o)
                0x8001f5b0                DEBUGPrint
 .text.__eabi   0x8001f5b4        0x4 /opt/devkitpro/libogc/lib/wii/libogc.a(common_crt0.o)
                0x8001f5b4                __eabi
 .text.PPCEarlyInit
                0x8001f5b8       0x24 /opt/devkitpro/libogc/lib/wii/libogc.a(early_init.o)
                0x8001f5b8                PPCEarlyInit
 .text.PPCEarlyInitImpl
                0x8001f5dc      0x1a4 /opt/devkitpro/libogc/lib/wii/libogc.a(early_init.o)
 .text.PPCDCacheFlushAsync
                0x8001f780       0x28 /opt/devkitpro/libogc/lib/wii/libogc.a(cache.o)
                0x8001f780                PPCDCacheFlushAsync
 .text.PPCDCacheInvalidate
                0x8001f7a8       0x28 /opt/devkitpro/libogc/lib/wii/libogc.a(cache.o)
                0x8001f7a8                PPCDCacheInvalidate
 .text.PPCICacheInvalidate
                0x8001f7d0       0x28 /opt/devkitpro/libogc/lib/wii/libogc.a(cache.o)
                0x8001f7d0                PPCICacheInvalidate
 .text.PPCExcptDefaultPanicFn
                0x8001f7f8       0xac /opt/devkitpro/libogc/lib/wii/libogc.a(exception.o)
 .text.PPCExcptInit
                0x8001f8a4      0x140 /opt/devkitpro/libogc/lib/wii/libogc.a(exception.o)
                0x8001f8a4                PPCExcptInit
 .text.PPCExcptEntryGeneral
                0x8001f9e4       0x60 /opt/devkitpro/libogc/lib/wii/libogc.a(exception_asm.o)
                0x8001f9e8                PPCExcptEntryGeneral
 .text.PPCExcptEntryFpu
                0x8001fa44       0x90 /opt/devkitpro/libogc/lib/wii/libogc.a(exception_asm.o)
                0x8001fa48                PPCExcptEntryFpu
 .text.PPCExcptFpuHandler
                0x8001fad4      0x260 /opt/devkitpro/libogc/lib/wii/libogc.a(exception_asm.o)
 .text.PPCExcptDefaultScHandler
                0x8001fd34       0x3c /opt/devkitpro/libogc/lib/wii/libogc.a(exception_asm.o)
                0x8001fd34                PPCExcptDefaultScHandler
 .text.PPCExcptDefaultHandler
                0x8001fd70      0x13c /opt/devkitpro/libogc/lib/wii/libogc.a(exception_asm.o)
                0x8001fd70                PPCExcptDefaultHandler
 .text.KIrqInit
                0x8001feac       0x94 /opt/devkitpro/libogc/lib/wii/libogc.a(interrupt.o)
                0x8001feac                KIrqInit
 .text.KIrqDispatch
                0x8001ff40      0x260 /opt/devkitpro/libogc/lib/wii/libogc.a(interrupt.o)
                0x8001ff40                KIrqDispatch
 .text.KIrqEnable
                0x800201a0      0x248 /opt/devkitpro/libogc/lib/wii/libogc.a(interrupt.o)
                0x800201a0                KIrqEnable
 .text.KIrqDisable
                0x800203e8      0x244 /opt/devkitpro/libogc/lib/wii/libogc.a(interrupt.o)
                0x800203e8                KIrqDisable
 .text.KIrqGet  0x8002062c       0x14 /opt/devkitpro/libogc/lib/wii/libogc.a(interrupt.o)
                0x8002062c                KIrqGet
 .text.KIrqSet  0x80020640       0x3c /opt/devkitpro/libogc/lib/wii/libogc.a(interrupt.o)
                0x80020640                KIrqSet
 .text.PPCExcptIrqHandler
                0x8002067c      0x144 /opt/devkitpro/libogc/lib/wii/libogc.a(interrupt_asm.o)
                0x8002067c                PPCExcptIrqHandler
 .text.__PPCContextPrepareToJump
                0x800207c0       0x4c /opt/devkitpro/libogc/lib/wii/libogc.a(interrupt_asm.o)
                0x800207c0                __PPCContextPrepareToJump
 .text.__PPCContextJump
                0x8002080c        0x8 /opt/devkitpro/libogc/lib/wii/libogc.a(interrupt_asm.o)
                0x8002080c                __PPCContextJump
 .text.KThreadIdleMain
                0x80020814        0x4 /opt/devkitpro/libogc/lib/wii/libogc.a(thread.o)
 .text.__getreent
                0x80020818       0x24 /opt/devkitpro/libogc/lib/wii/libogc.a(thread.o)
                0x80020818                __getreent
 .text.KThreadInit
                0x8002083c      0x100 /opt/devkitpro/libogc/lib/wii/libogc.a(thread.o)
                0x8002083c                KThreadInit
 .text.KThreadPrepare
                0x8002093c      0x1e8 /opt/devkitpro/libogc/lib/wii/libogc.a(thread.o)
                0x8002093c                KThreadPrepare
 .text.KThreadSwitchTo
                0x80020b24       0x88 /opt/devkitpro/libogc/lib/wii/libogc.a(thread.o)
                0x80020b24                KThreadSwitchTo
 .text.KThreadResume
                0x80020bac       0x78 /opt/devkitpro/libogc/lib/wii/libogc.a(thread.o)
                0x80020bac                KThreadResume
 .text.KThreadSuspend
                0x80020c24       0x90 /opt/devkitpro/libogc/lib/wii/libogc.a(thread.o)
                0x80020c24                KThreadSuspend
 .text.KThrQueueBlock
                0x80020cb4      0x108 /opt/devkitpro/libogc/lib/wii/libogc.a(thread.o)
                0x80020cb4                KThrQueueBlock
 .text.KThreadJoin
                0x80020dbc       0x88 /opt/devkitpro/libogc/lib/wii/libogc.a(thread.o)
                0x80020dbc                KThreadJoin
 .text.KThrQueueUnblockOneByValue
                0x80020e44       0xcc /opt/devkitpro/libogc/lib/wii/libogc.a(thread.o)
                0x80020e44                KThrQueueUnblockOneByValue
 .text.KThrQueueUnblockAllByValue
                0x80020f10      0x14c /opt/devkitpro/libogc/lib/wii/libogc.a(thread.o)
                0x80020f10                KThrQueueUnblockAllByValue
 .text.KThreadExit
                0x8002105c       0xc4 /opt/devkitpro/libogc/lib/wii/libogc.a(thread.o)
                0x8002105c                KThreadExit
 .text.KThreadUpdateDynamicPrio
                0x80021120      0x1f4 /opt/devkitpro/libogc/lib/wii/libogc.a(sync.o)
                0x80021120                KThreadUpdateDynamicPrio
 .text.KThreadRemoveWaiter
                0x80021314      0x178 /opt/devkitpro/libogc/lib/wii/libogc.a(sync.o)
 .text.KMutexLock
                0x8002148c      0x194 /opt/devkitpro/libogc/lib/wii/libogc.a(sync.o)
                0x8002148c                KMutexLock
 .text.KMutexUnlock
                0x80021620      0x104 /opt/devkitpro/libogc/lib/wii/libogc.a(sync.o)
                0x80021620                KMutexUnlock
 .text.KTickTaskReschedule
                0x80021724       0x6c /opt/devkitpro/libogc/lib/wii/libogc.a(tick.o)
 .text.KTickTaskRun
                0x80021790      0x128 /opt/devkitpro/libogc/lib/wii/libogc.a(tick.o)
                0x80021790                KTickTaskRun
 .text.KTickTaskStart
                0x800218b8      0x168 /opt/devkitpro/libogc/lib/wii/libogc.a(tick.o)
                0x800218b8                KTickTaskStart
 .text.KTickTaskStop
                0x80021a20       0xc4 /opt/devkitpro/libogc/lib/wii/libogc.a(tick.o)
                0x80021a20                KTickTaskStop
 .text.__syscall_lock_acquire
                0x80021ae4        0x4 /opt/devkitpro/libogc/lib/wii/libogc.a(newlib_syscalls.o)
                0x80021ae4                __syscall_lock_acquire
 .text.__syscall_lock_release
                0x80021ae8        0x4 /opt/devkitpro/libogc/lib/wii/libogc.a(newlib_syscalls.o)
                0x80021ae8                __syscall_lock_release
 .text.__syscall_lock_acquire_recursive
                0x80021aec       0x50 /opt/devkitpro/libogc/lib/wii/libogc.a(newlib_syscalls.o)
                0x80021aec                __syscall_lock_acquire_recursive
 .text.__syscall_lock_release_recursive
                0x80021b3c       0x18 /opt/devkitpro/libogc/lib/wii/libogc.a(newlib_syscalls.o)
                0x80021b3c                __syscall_lock_release_recursive
 .text.lwpc_alarm_cb
                0x80021b54       0x10 /opt/devkitpro/libogc/lib/wii/libogc.a(lwpc_alarm.o)
 .text.SYS_CreateAlarm
                0x80021b64       0x74 /opt/devkitpro/libogc/lib/wii/libogc.a(lwpc_alarm.o)
                0x80021b64                SYS_CreateAlarm
 .text.SYS_SetAlarm
                0x80021bd8      0x120 /opt/devkitpro/libogc/lib/wii/libogc.a(lwpc_alarm.o)
                0x80021bd8                SYS_SetAlarm
 .text.SYS_SetPeriodicAlarm
                0x80021cf8      0x1b8 /opt/devkitpro/libogc/lib/wii/libogc.a(lwpc_alarm.o)
                0x80021cf8                SYS_SetPeriodicAlarm
 .text.SYS_RemoveAlarm
                0x80021eb0       0x4c /opt/devkitpro/libogc/lib/wii/libogc.a(lwpc_alarm.o)
                0x80021eb0                SYS_RemoveAlarm
 .text.SYS_CancelAlarm
                0x80021efc       0x34 /opt/devkitpro/libogc/lib/wii/libogc.a(lwpc_alarm.o)
                0x80021efc                SYS_CancelAlarm
 .text.LWP_InitQueue
                0x80021f30       0xdc /opt/devkitpro/libogc/lib/wii/libogc.a(lwpc_queue.o)
                0x80021f30                LWP_InitQueue
 .text.LWP_CloseQueue
                0x8002200c       0x90 /opt/devkitpro/libogc/lib/wii/libogc.a(lwpc_queue.o)
                0x8002200c                LWP_CloseQueue
 .text.LWP_ThreadSleep
                0x8002209c       0x44 /opt/devkitpro/libogc/lib/wii/libogc.a(lwpc_queue.o)
                0x8002209c                LWP_ThreadSleep
 .text.LWP_ThreadSignal
                0x800220e0       0x1c /opt/devkitpro/libogc/lib/wii/libogc.a(lwpc_queue.o)
                0x800220e0                LWP_ThreadSignal
 .text.LWP_ThreadBroadcast
                0x800220fc       0x1c /opt/devkitpro/libogc/lib/wii/libogc.a(lwpc_queue.o)
                0x800220fc                LWP_ThreadBroadcast
 .text.LWP_CreateThread
                0x80022118      0x114 /opt/devkitpro/libogc/lib/wii/libogc.a(lwpc_thread.o)
                0x80022118                LWP_CreateThread
 .text.LWP_SuspendThread
                0x8002222c       0x40 /opt/devkitpro/libogc/lib/wii/libogc.a(lwpc_thread.o)
                0x8002222c                LWP_SuspendThread
 .text.LWP_ResumeThread
                0x8002226c       0x40 /opt/devkitpro/libogc/lib/wii/libogc.a(lwpc_thread.o)
                0x8002226c                LWP_ResumeThread
 .text.LWP_GetSelf
                0x800222ac        0xc /opt/devkitpro/libogc/lib/wii/libogc.a(lwpc_thread.o)
                0x800222ac                LWP_GetSelf
 .text.LWP_JoinThread
                0x800222b8       0x6c /opt/devkitpro/libogc/lib/wii/libogc.a(lwpc_thread.o)
                0x800222b8                LWP_JoinThread
 .text.LWP_SemInit
                0x80022324      0x120 /opt/devkitpro/libogc/lib/wii/libogc.a(lwpc_sem.o)
                0x80022324                LWP_SemInit
 .text.LWP_SemDestroy
                0x80022444       0xa0 /opt/devkitpro/libogc/lib/wii/libogc.a(lwpc_sem.o)
                0x80022444                LWP_SemDestroy
 .text.LWP_SemWait
                0x800224e4       0xa8 /opt/devkitpro/libogc/lib/wii/libogc.a(lwpc_sem.o)
                0x800224e4                LWP_SemWait
 .text.LWP_SemPost
                0x8002258c       0xa0 /opt/devkitpro/libogc/lib/wii/libogc.a(lwpc_sem.o)
                0x8002258c                LWP_SemPost
 .text.RGB8_to_YCbCr
                0x8002262c      0x144 /opt/devkitpro/libogc/lib/wii/libogc.a(console.o)
 .text.__console_drawc.part.0
                0x80022770      0x278 /opt/devkitpro/libogc/lib/wii/libogc.a(console.o)
 .text.__console_clear
                0x800229e8      0x190 /opt/devkitpro/libogc/lib/wii/libogc.a(console.o)
 .text.__set_default_console
                0x80022b78      0x108 /opt/devkitpro/libogc/lib/wii/libogc.a(console.o)
 .text.__console_clear_line
                0x80022c80      0x174 /opt/devkitpro/libogc/lib/wii/libogc.a(console.o)
 .text.__console_init
                0x80022df4       0x54 /opt/devkitpro/libogc/lib/wii/libogc.a(console.o)
                0x80022df4                __console_init
 .text.newRow   0x80022e48      0x134 /opt/devkitpro/libogc/lib/wii/libogc.a(console.o)
                0x80022e48                newRow
 .text.consolePrintChar.part.0
                0x80022f7c      0x228 /opt/devkitpro/libogc/lib/wii/libogc.a(console.o)
 .text.__console_write
                0x800231a4      0xec8 /opt/devkitpro/libogc/lib/wii/libogc.a(console.o)
                0x800231a4                __console_write
 .text.CON_Init
                0x8002406c       0xe4 /opt/devkitpro/libogc/lib/wii/libogc.a(console.o)
                0x8002406c                CON_Init
 .text.CON_EnableGecko
                0x80024150       0xf8 /opt/devkitpro/libogc/lib/wii/libogc.a(console.o)
                0x80024150                CON_EnableGecko
 .text.__lwp_queue_initialize
                0x80024248       0x98 /opt/devkitpro/libogc/lib/wii/libogc.a(lwp_queue.o)
                0x80024248                __lwp_queue_initialize
 .text.__lwp_queue_get
                0x800242e0       0x60 /opt/devkitpro/libogc/lib/wii/libogc.a(lwp_queue.o)
                0x800242e0                __lwp_queue_get
 .text.__lwp_queue_append
                0x80024340       0x38 /opt/devkitpro/libogc/lib/wii/libogc.a(lwp_queue.o)
                0x80024340                __lwp_queue_append
 .text.__lwp_wkspace_init
                0x80024378       0xa4 /opt/devkitpro/libogc/lib/wii/libogc.a(lwp_wkspace.o)
                0x80024378                __lwp_wkspace_init
 .text.__lwp_heap_init
                0x8002441c       0x90 /opt/devkitpro/libogc/lib/wii/libogc.a(lwp_heap.o)
                0x8002441c                __lwp_heap_init
 .text.__lwp_heap_allocate
                0x800244ac      0x14c /opt/devkitpro/libogc/lib/wii/libogc.a(lwp_heap.o)
                0x800244ac                __lwp_heap_allocate
 .text.__lwp_heap_free
                0x800245f8      0x174 /opt/devkitpro/libogc/lib/wii/libogc.a(lwp_heap.o)
                0x800245f8                __lwp_heap_free
 .text.__VISendI2CData.constprop.0.isra.0
                0x8002476c      0x3c8 /opt/devkitpro/libogc/lib/wii/libogc.a(video.o)
 .text.__setFbbRegs.constprop.0
                0x80024b34      0x190 /opt/devkitpro/libogc/lib/wii/libogc.a(video.o)
 .text.__VISetYUVSEL
                0x80024cc4       0xb8 /opt/devkitpro/libogc/lib/wii/libogc.a(video.o)
 .text.__VIClearFramebuffer
                0x80024d7c       0x48 /opt/devkitpro/libogc/lib/wii/libogc.a(video.o)
                0x80024d7c                __VIClearFramebuffer
 .text.VIDEO_Configure
                0x80024dc4      0x5cc /opt/devkitpro/libogc/lib/wii/libogc.a(video.o)
                0x80024dc4                VIDEO_Configure
 .text.VIDEO_WaitVSync
                0x80025390       0x68 /opt/devkitpro/libogc/lib/wii/libogc.a(video.o)
                0x80025390                VIDEO_WaitVSync
 .text.VIDEO_SetFramebuffer
                0x800253f8       0xc4 /opt/devkitpro/libogc/lib/wii/libogc.a(video.o)
                0x800253f8                VIDEO_SetFramebuffer
 .text.VIDEO_SetNextFramebuffer
                0x800254bc       0x54 /opt/devkitpro/libogc/lib/wii/libogc.a(video.o)
                0x800254bc                VIDEO_SetNextFramebuffer
 .text.VIDEO_Flush
                0x80025510       0xe8 /opt/devkitpro/libogc/lib/wii/libogc.a(video.o)
                0x80025510                VIDEO_Flush
 .text.VIDEO_SetBlack
                0x800255f8      0x150 /opt/devkitpro/libogc/lib/wii/libogc.a(video.o)
                0x800255f8                VIDEO_SetBlack
 .text.VIDEO_GetCurrentTvMode
                0x80025748       0x64 /opt/devkitpro/libogc/lib/wii/libogc.a(video.o)
                0x80025748                VIDEO_GetCurrentTvMode
 .text.__VIRetraceHandler
                0x800257ac      0x284 /opt/devkitpro/libogc/lib/wii/libogc.a(video.o)
 .text.__VISetupEncoder
                0x80025a30      0x288 /opt/devkitpro/libogc/lib/wii/libogc.a(video.o)
 .text.VIDEO_Init
                0x80025cb8      0x3c4 /opt/devkitpro/libogc/lib/wii/libogc.a(video.o)
                0x80025cb8                VIDEO_Init
 .text.VIDEO_GetPreferredMode
                0x8002607c      0x108 /opt/devkitpro/libogc/lib/wii/libogc.a(video.o)
                0x8002607c                VIDEO_GetPreferredMode
 .text.VIDEO_GetCurrentLine
                0x80026184       0x94 /opt/devkitpro/libogc/lib/wii/libogc.a(video.o)
                0x80026184                VIDEO_GetCurrentLine
 .text.VIDEO_GetFrameBufferSize
                0x80026218       0x34 /opt/devkitpro/libogc/lib/wii/libogc.a(video.o)
                0x80026218                VIDEO_GetFrameBufferSize
 .text.VIDEO_ClearFrameBuffer
                0x8002624c       0x78 /opt/devkitpro/libogc/lib/wii/libogc.a(video.o)
                0x8002624c                VIDEO_ClearFrameBuffer
 .text.__call_resetfuncs
                0x800262c4       0xdc /opt/devkitpro/libogc/lib/wii/libogc.a(system.o)
 .text.__MEMInterruptHandler
                0x800263a0       0x14 /opt/devkitpro/libogc/lib/wii/libogc.a(system.o)
 .text.__RSWDefaultHandler
                0x800263b4        0x4 /opt/devkitpro/libogc/lib/wii/libogc.a(system.o)
 .text.__POWDefaultHandler
                0x800263b8        0x4 /opt/devkitpro/libogc/lib/wii/libogc.a(system.o)
 .text.__getrtc
                0x800263bc      0x14c /opt/devkitpro/libogc/lib/wii/libogc.a(system.o)
 .text.__sram_write
                0x80026508      0x144 /opt/devkitpro/libogc/lib/wii/libogc.a(system.o)
 .text.__sram_writecallback
                0x8002664c       0x54 /opt/devkitpro/libogc/lib/wii/libogc.a(system.o)
 .text.__mem_onreset
                0x800266a0       0x48 /opt/devkitpro/libogc/lib/wii/libogc.a(system.o)
 .text.__unlocksram
                0x800266e8      0x120 /opt/devkitpro/libogc/lib/wii/libogc.a(system.o)
 .text.__syscall_malloc_lock
                0x80026808       0x4c /opt/devkitpro/libogc/lib/wii/libogc.a(system.o)
                0x80026808                __syscall_malloc_lock
 .text.__syscall_malloc_unlock
                0x80026854       0x1c /opt/devkitpro/libogc/lib/wii/libogc.a(system.o)
                0x80026854                __syscall_malloc_unlock
 .text.__SYS_GetRTC
                0x80026870       0x98 /opt/devkitpro/libogc/lib/wii/libogc.a(system.o)
                0x80026870                __SYS_GetRTC
 .text.__SYS_SetBootTime
                0x80026908       0xe0 /opt/devkitpro/libogc/lib/wii/libogc.a(system.o)
                0x80026908                __SYS_SetBootTime
 .text.__SYS_GetIPCBufferLo
                0x800269e8        0x8 /opt/devkitpro/libogc/lib/wii/libogc.a(system.o)
                0x800269e8                __SYS_GetIPCBufferLo
 .text.__SYS_GetIPCBufferHi
                0x800269f0        0x8 /opt/devkitpro/libogc/lib/wii/libogc.a(system.o)
                0x800269f0                __SYS_GetIPCBufferHi
 .text.SYS_DoPowerCB
                0x800269f8       0xdc /opt/devkitpro/libogc/lib/wii/libogc.a(system.o)
                0x800269f8                SYS_DoPowerCB
 .text.__STMEventHandler
                0x80026ad4       0xf8 /opt/devkitpro/libogc/lib/wii/libogc.a(system.o)
 .text.__SYS_DisablePowerButton
                0x80026bcc       0x38 /opt/devkitpro/libogc/lib/wii/libogc.a(system.o)
                0x80026bcc                __SYS_DisablePowerButton
 .text.__SYS_PreInit
                0x80026c04        0x4 /opt/devkitpro/libogc/lib/wii/libogc.a(system.o)
                0x80026c04                __SYS_PreInit
 .text.__SYS_InstallPanicHandler
                0x80026c08       0x10 /opt/devkitpro/libogc/lib/wii/libogc.a(system.o)
                0x80026c08                __SYS_InstallPanicHandler
 .text.SYS_PreMain
                0x80026c18       0x7c /opt/devkitpro/libogc/lib/wii/libogc.a(system.o)
                0x80026c18                SYS_PreMain
 .text.SYS_ResetButtonDown
                0x80026c94       0x18 /opt/devkitpro/libogc/lib/wii/libogc.a(system.o)
                0x80026c94                SYS_ResetButtonDown
 .text.SYS_ResetSystem
                0x80026cac      0x214 /opt/devkitpro/libogc/lib/wii/libogc.a(system.o)
                0x80026cac                SYS_ResetSystem
 .text.__reload
                0x80026ec0       0x80 /opt/devkitpro/libogc/lib/wii/libogc.a(system.o)
                0x80026ec0                __reload
 .text.__syscall_exit
                0x80026f40       0x9c /opt/devkitpro/libogc/lib/wii/libogc.a(system.o)
                0x80026f40                __syscall_exit
 .text.SYS_RegisterResetFunc
                0x80026fdc       0x6c /opt/devkitpro/libogc/lib/wii/libogc.a(system.o)
                0x80026fdc                SYS_RegisterResetFunc
 .text.SYS_SetArena1Lo
                0x80027048       0x24 /opt/devkitpro/libogc/lib/wii/libogc.a(system.o)
                0x80027048                SYS_SetArena1Lo
 .text.SYS_GetArena1Lo
                0x8002706c       0x24 /opt/devkitpro/libogc/lib/wii/libogc.a(system.o)
                0x8002706c                SYS_GetArena1Lo
 .text.SYS_GetArena1Hi
                0x80027090       0x24 /opt/devkitpro/libogc/lib/wii/libogc.a(system.o)
                0x80027090                SYS_GetArena1Hi
 .text.SYS_SetArena2Lo
                0x800270b4       0x24 /opt/devkitpro/libogc/lib/wii/libogc.a(system.o)
                0x800270b4                SYS_SetArena2Lo
 .text.SYS_GetArena2Lo
                0x800270d8       0x24 /opt/devkitpro/libogc/lib/wii/libogc.a(system.o)
                0x800270d8                SYS_GetArena2Lo
 .text.SYS_SetArena2Hi
                0x800270fc       0x24 /opt/devkitpro/libogc/lib/wii/libogc.a(system.o)
                0x800270fc                SYS_SetArena2Hi
 .text.SYS_GetArena2Hi
                0x80027120       0x24 /opt/devkitpro/libogc/lib/wii/libogc.a(system.o)
                0x80027120                SYS_GetArena2Hi
 .text.SYS_AllocateFramebuffer
                0x80027144       0x28 /opt/devkitpro/libogc/lib/wii/libogc.a(system.o)
                0x80027144                SYS_AllocateFramebuffer
 .text.SYS_GetWirelessID
                0x8002716c       0x78 /opt/devkitpro/libogc/lib/wii/libogc.a(system.o)
                0x8002716c                SYS_GetWirelessID
 .text.SYS_SetWirelessID
                0x800271e4       0x84 /opt/devkitpro/libogc/lib/wii/libogc.a(system.o)
                0x800271e4                SYS_SetWirelessID
 .text.SYS_SetGBSMode
                0x80027268       0x9c /opt/devkitpro/libogc/lib/wii/libogc.a(system.o)
                0x80027268                SYS_SetGBSMode
 .text.__sram_init
                0x80027304      0x1b0 /opt/devkitpro/libogc/lib/wii/libogc.a(system.o)
                0x80027304                __sram_init
 .text.SYS_Init
                0x800274b4      0x4a4 /opt/devkitpro/libogc/lib/wii/libogc.a(system.o)
                0x800274b4                SYS_Init
 .text.SYS_GetHollywoodRevision
                0x80027958       0x3c /opt/devkitpro/libogc/lib/wii/libogc.a(system.o)
                0x80027958                SYS_GetHollywoodRevision
 .text.SYS_Time
                0x80027994       0x54 /opt/devkitpro/libogc/lib/wii/libogc.a(system.o)
                0x80027994                SYS_Time
 .text.__GX_InitRevBits
                0x800279e8       0x9c /opt/devkitpro/libogc/lib/wii/libogc.a(gx.o)
 .text.__GX_WaitAbort
                0x80027a84       0x68 /opt/devkitpro/libogc/lib/wii/libogc.a(gx.o)
 .text.__GXTokenInterruptHandler
                0x80027aec       0x6c /opt/devkitpro/libogc/lib/wii/libogc.a(gx.o)
 .text.__GXDefTexRegionCallback
                0x80027b58       0x7c /opt/devkitpro/libogc/lib/wii/libogc.a(gx.o)
 .text.__GXDefTlutRegionCallback
                0x80027bd4       0x18 /opt/devkitpro/libogc/lib/wii/libogc.a(gx.o)
 .text.__SetSURegs
                0x80027bec       0x90 /opt/devkitpro/libogc/lib/wii/libogc.a(gx.o)
 .text.__SETVCDATTR
                0x80027c7c      0x230 /opt/devkitpro/libogc/lib/wii/libogc.a(gx.o)
 .text.__SETVCDFMT
                0x80027eac      0x4cc /opt/devkitpro/libogc/lib/wii/libogc.a(gx.o)
 .text.__GXCPInterruptHandler
                0x80028378      0x160 /opt/devkitpro/libogc/lib/wii/libogc.a(gx.o)
 .text.__GXFinishInterruptHandler
                0x800284d8       0x58 /opt/devkitpro/libogc/lib/wii/libogc.a(gx.o)
 .text.GX_SetTexCoordGen2.part.0
                0x80028530      0x278 /opt/devkitpro/libogc/lib/wii/libogc.a(gx.o)
 .text.__GX_SetDirtyState
                0x800287a8      0x64c /opt/devkitpro/libogc/lib/wii/libogc.a(gx.o)
 .text.GX_SetCPUFifo
                0x80028df4      0x224 /opt/devkitpro/libogc/lib/wii/libogc.a(gx.o)
                0x80028df4                GX_SetCPUFifo
 .text.GX_SetGPFifo
                0x80029018      0x2a8 /opt/devkitpro/libogc/lib/wii/libogc.a(gx.o)
                0x80029018                GX_SetGPFifo
 .text.GX_Flush
                0x800292c0       0x98 /opt/devkitpro/libogc/lib/wii/libogc.a(gx.o)
                0x800292c0                GX_Flush
 .text.GX_AbortFrame
                0x80029358      0x294 /opt/devkitpro/libogc/lib/wii/libogc.a(gx.o)
                0x80029358                GX_AbortFrame
 .text.__gx_onreset
                0x800295ec       0x38 /opt/devkitpro/libogc/lib/wii/libogc.a(gx.o)
 .text.GX_DrawDone
                0x80029624       0xb0 /opt/devkitpro/libogc/lib/wii/libogc.a(gx.o)
                0x80029624                GX_DrawDone
 .text.GX_PixModeSync
                0x800296d4       0x20 /opt/devkitpro/libogc/lib/wii/libogc.a(gx.o)
                0x800296d4                GX_PixModeSync
 .text.GX_SetViewport
                0x800296f4       0x78 /opt/devkitpro/libogc/lib/wii/libogc.a(gx.o)
                0x800296f4                GX_SetViewport
 .text.GX_LoadProjectionMtx
                0x8002976c       0xf0 /opt/devkitpro/libogc/lib/wii/libogc.a(gx.o)
                0x8002976c                GX_LoadProjectionMtx
 .text.GX_SetCopyClear
                0x8002985c       0x4c /opt/devkitpro/libogc/lib/wii/libogc.a(gx.o)
                0x8002985c                GX_SetCopyClear
 .text.GX_SetDispCopyGamma
                0x800298a8       0x18 /opt/devkitpro/libogc/lib/wii/libogc.a(gx.o)
                0x800298a8                GX_SetDispCopyGamma
 .text.GX_SetCopyFilter
                0x800298c0      0x25c /opt/devkitpro/libogc/lib/wii/libogc.a(gx.o)
                0x800298c0                GX_SetCopyFilter
 .text.GX_SetDispCopyYScale
                0x80029b1c       0xf8 /opt/devkitpro/libogc/lib/wii/libogc.a(gx.o)
                0x80029b1c                GX_SetDispCopyYScale
 .text.GX_SetChanCtrl
                0x80029c14       0xec /opt/devkitpro/libogc/lib/wii/libogc.a(gx.o)
                0x80029c14                GX_SetChanCtrl
 .text.GX_SetChanAmbColor
                0x80029d00      0x14c /opt/devkitpro/libogc/lib/wii/libogc.a(gx.o)
                0x80029d00                GX_SetChanAmbColor
 .text.GX_SetChanMatColor
                0x80029e4c      0x14c /opt/devkitpro/libogc/lib/wii/libogc.a(gx.o)
                0x80029e4c                GX_SetChanMatColor
 .text.GX_SetArray
                0x80029f98       0x7c /opt/devkitpro/libogc/lib/wii/libogc.a(gx.o)
                0x80029f98                GX_SetArray
 .text.GX_SetVtxDesc
                0x8002a014       0x34 /opt/devkitpro/libogc/lib/wii/libogc.a(gx.o)
                0x8002a014                GX_SetVtxDesc
 .text.GX_SetVtxAttrFmt
                0x8002a048       0x54 /opt/devkitpro/libogc/lib/wii/libogc.a(gx.o)
                0x8002a048                GX_SetVtxAttrFmt
 .text.GX_Begin
                0x8002a09c       0x6c /opt/devkitpro/libogc/lib/wii/libogc.a(gx.o)
                0x8002a09c                GX_Begin
 .text.GX_SetTexCoordGen
                0x8002a108       0x14 /opt/devkitpro/libogc/lib/wii/libogc.a(gx.o)
                0x8002a108                GX_SetTexCoordGen
 .text.GX_LoadPosMtxImm
                0x8002a11c       0x50 /opt/devkitpro/libogc/lib/wii/libogc.a(gx.o)
                0x8002a11c                GX_LoadPosMtxImm
 .text.GX_LoadNrmMtxImm
                0x8002a16c       0x58 /opt/devkitpro/libogc/lib/wii/libogc.a(gx.o)
                0x8002a16c                GX_LoadNrmMtxImm
 .text.GX_SetCurrentMtx
                0x8002a1c4       0x24 /opt/devkitpro/libogc/lib/wii/libogc.a(gx.o)
                0x8002a1c4                GX_SetCurrentMtx
 .text.GX_SetNumTexGens
                0x8002a1e8       0x28 /opt/devkitpro/libogc/lib/wii/libogc.a(gx.o)
                0x8002a1e8                GX_SetNumTexGens
 .text.GX_SetZMode
                0x8002a210       0x38 /opt/devkitpro/libogc/lib/wii/libogc.a(gx.o)
                0x8002a210                GX_SetZMode
 .text.GX_InvalidateTexAll
                0x8002a248       0x50 /opt/devkitpro/libogc/lib/wii/libogc.a(gx.o)
                0x8002a248                GX_InvalidateTexAll
 .text.GX_SetBlendMode
                0x8002a298       0xd4 /opt/devkitpro/libogc/lib/wii/libogc.a(gx.o)
                0x8002a298                GX_SetBlendMode
 .text.GX_ClearVtxDesc
                0x8002a36c       0x38 /opt/devkitpro/libogc/lib/wii/libogc.a(gx.o)
                0x8002a36c                GX_ClearVtxDesc
 .text.GX_SetTevColorIn
                0x8002a3a4       0x44 /opt/devkitpro/libogc/lib/wii/libogc.a(gx.o)
                0x8002a3a4                GX_SetTevColorIn
 .text.GX_SetTevAlphaIn
                0x8002a3e8       0x44 /opt/devkitpro/libogc/lib/wii/libogc.a(gx.o)
                0x8002a3e8                GX_SetTevAlphaIn
 .text.GX_SetTevColorOp
                0x8002a42c       0x98 /opt/devkitpro/libogc/lib/wii/libogc.a(gx.o)
                0x8002a42c                GX_SetTevColorOp
 .text.GX_SetTevAlphaOp
                0x8002a4c4       0x98 /opt/devkitpro/libogc/lib/wii/libogc.a(gx.o)
                0x8002a4c4                GX_SetTevAlphaOp
 .text.GX_SetTevOp
                0x8002a55c      0x170 /opt/devkitpro/libogc/lib/wii/libogc.a(gx.o)
                0x8002a55c                GX_SetTevOp
 .text.GX_SetCullMode
                0x8002a6cc       0x2c /opt/devkitpro/libogc/lib/wii/libogc.a(gx.o)
                0x8002a6cc                GX_SetCullMode
 .text.GX_SetScissor
                0x8002a6f8       0x78 /opt/devkitpro/libogc/lib/wii/libogc.a(gx.o)
                0x8002a6f8                GX_SetScissor
 .text.GX_SetNumChans
                0x8002a770       0x28 /opt/devkitpro/libogc/lib/wii/libogc.a(gx.o)
                0x8002a770                GX_SetNumChans
 .text.GX_SetTevOrder
                0x8002a798      0x178 /opt/devkitpro/libogc/lib/wii/libogc.a(gx.o)
                0x8002a798                GX_SetTevOrder
 .text.GX_SetTevKColorSel
                0x8002a910       0x54 /opt/devkitpro/libogc/lib/wii/libogc.a(gx.o)
                0x8002a910                GX_SetTevKColorSel
 .text.GX_SetTevKAlphaSel
                0x8002a964       0x54 /opt/devkitpro/libogc/lib/wii/libogc.a(gx.o)
                0x8002a964                GX_SetTevKAlphaSel
 .text.GX_SetTevSwapModeTable
                0x8002a9b8       0x64 /opt/devkitpro/libogc/lib/wii/libogc.a(gx.o)
                0x8002a9b8                GX_SetTevSwapModeTable
 .text.GX_SetFog
                0x8002aa1c      0x244 /opt/devkitpro/libogc/lib/wii/libogc.a(gx.o)
                0x8002aa1c                GX_SetFog
 .text.GX_SetColorUpdate
                0x8002ac60       0x30 /opt/devkitpro/libogc/lib/wii/libogc.a(gx.o)
                0x8002ac60                GX_SetColorUpdate
 .text.GX_SetPixelFmt
                0x8002ac90       0xe0 /opt/devkitpro/libogc/lib/wii/libogc.a(gx.o)
                0x8002ac90                GX_SetPixelFmt
 .text.GX_SetFieldMode
                0x8002ad70       0x58 /opt/devkitpro/libogc/lib/wii/libogc.a(gx.o)
                0x8002ad70                GX_SetFieldMode
 .text.GX_PeekARGB
                0x8002adc8       0x34 /opt/devkitpro/libogc/lib/wii/libogc.a(gx.o)
                0x8002adc8                GX_PeekARGB
 .text.GX_PokeZMode
                0x8002adfc       0x14 /opt/devkitpro/libogc/lib/wii/libogc.a(gx.o)
                0x8002adfc                GX_PokeZMode
 .text.GX_InitLightPos
                0x8002ae10       0x30 /opt/devkitpro/libogc/lib/wii/libogc.a(gx.o)
                0x8002ae10                GX_InitLightPos
 .text.GX_InitLightColor
                0x8002ae40        0xc /opt/devkitpro/libogc/lib/wii/libogc.a(gx.o)
                0x8002ae40                GX_InitLightColor
 .text.GX_LoadLightObj
                0x8002ae4c       0xe4 /opt/devkitpro/libogc/lib/wii/libogc.a(gx.o)
                0x8002ae4c                GX_LoadLightObj
 .text.GX_InitLightDistAttn
                0x8002af30       0xe0 /opt/devkitpro/libogc/lib/wii/libogc.a(gx.o)
                0x8002af30                GX_InitLightDistAttn
 .text.GX_SetGPMetric
                0x8002b010      0x7fc /opt/devkitpro/libogc/lib/wii/libogc.a(gx.o)
                0x8002b010                GX_SetGPMetric
 .text.GX_Init  0x8002b80c     0x1128 /opt/devkitpro/libogc/lib/wii/libogc.a(gx.o)
                0x8002b80c                GX_Init
 .text.GX_GetYScaleFactor
                0x8002c934      0x2c0 /opt/devkitpro/libogc/lib/wii/libogc.a(gx.o)
                0x8002c934                GX_GetYScaleFactor
 .text.guPerspective
                0x8002cbf4       0xd8 /opt/devkitpro/libogc/lib/wii/libogc.a(gu.o)
                0x8002cbf4                guPerspective
 .text.guLookAt
                0x8002cccc      0x13c /opt/devkitpro/libogc/lib/wii/libogc.a(gu.o)
                0x8002cccc                guLookAt
 .text.ps_guMtxRotRad
                0x8002ce08       0x58 /opt/devkitpro/libogc/lib/wii/libogc.a(gu.o)
                0x8002ce08                ps_guMtxRotRad
 .text          0x8002ce60      0x8dc /opt/devkitpro/libogc/lib/wii/libogc.a(gu_psasm.o)
                0x8002ce60                ps_guMtxConcat
                0x8002cf24                ps_guMtxIdentity
                0x8002cf50                ps_guMtxCopy
                0x8002cf84                ps_guMtxTranspose
                0x8002cfd4                ps_guMtxInverse
                0x8002d0cc                ps_guMtxInvXpose
                0x8002d194                ps_guMtxScale
                0x8002d1bc                ps_guMtxScaleApply
                0x8002d214                ps_guMtxApplyScale
                0x8002d278                ps_guMtxTrans
                0x8002d2ac                ps_guMtxTransApply
                0x8002d2f8                ps_guMtxApplyTrans
                0x8002d374                ps_guMtxRotTrig
                0x8002d424                __ps_guMtxRotAxisRadInternal
                0x8002d4e4                ps_guMtxReflect
                0x8002d554                ps_guVecAdd
                0x8002d578                ps_guVecSub
                0x8002d59c                ps_guVecScale
                0x8002d5b8                ps_guVecNormalize
                0x8002d5fc                ps_guVecCross
                0x8002d638                ps_guVecDotProduct
                0x8002d658                ps_guVecMultiply
                0x8002d6ac                ps_guVecMultiplySR
                0x8002d71c                ps_guQuatDotProduct
 .text.__AISRCINIT
                0x8002d73c      0x1e4 /opt/devkitpro/libogc/lib/wii/libogc.a(audio.o)
 .text.__AIDHandler
                0x8002d920       0xd4 /opt/devkitpro/libogc/lib/wii/libogc.a(audio.o)
 .text.AUDIO_Init
                0x8002d9f4      0x13c /opt/devkitpro/libogc/lib/wii/libogc.a(audio.o)
                0x8002d9f4                AUDIO_Init
 .text.AUDIO_RegisterDMACallback
                0x8002db30       0x2c /opt/devkitpro/libogc/lib/wii/libogc.a(audio.o)
                0x8002db30                AUDIO_RegisterDMACallback
 .text.AUDIO_InitDMA
                0x8002db5c       0x50 /opt/devkitpro/libogc/lib/wii/libogc.a(audio.o)
                0x8002db5c                AUDIO_InitDMA
 .text.AUDIO_StartDMA
                0x8002dbac       0x1c /opt/devkitpro/libogc/lib/wii/libogc.a(audio.o)
                0x8002dbac                AUDIO_StartDMA
 .text.AUDIO_StopDMA
                0x8002dbc8       0x18 /opt/devkitpro/libogc/lib/wii/libogc.a(audio.o)
                0x8002dbc8                AUDIO_StopDMA
 .text.AUDIO_SetDSPSampleRate
                0x8002dbe0       0x88 /opt/devkitpro/libogc/lib/wii/libogc.a(audio.o)
                0x8002dbe0                AUDIO_SetDSPSampleRate
 .text.__dsp_exectask
                0x8002dc68      0x264 /opt/devkitpro/libogc/lib/wii/libogc.a(dsp.o)
 .text.__dsp_inthandler
                0x8002decc       0x30 /opt/devkitpro/libogc/lib/wii/libogc.a(dsp.o)
 .text.__dsp_removetask
                0x8002defc       0x74 /opt/devkitpro/libogc/lib/wii/libogc.a(dsp.o)
 .text.__dsp_def_taskcb
                0x8002df70      0x404 /opt/devkitpro/libogc/lib/wii/libogc.a(dsp.o)
 .text.DSP_Init
                0x8002e374       0xd8 /opt/devkitpro/libogc/lib/wii/libogc.a(dsp.o)
                0x8002e374                DSP_Init
 .text.DSP_CheckMailTo
                0x8002e44c       0x14 /opt/devkitpro/libogc/lib/wii/libogc.a(dsp.o)
                0x8002e44c                DSP_CheckMailTo
 .text.DSP_SendMailTo
                0x8002e460       0x18 /opt/devkitpro/libogc/lib/wii/libogc.a(dsp.o)
                0x8002e460                DSP_SendMailTo
 .text.DSP_AddTask
                0x8002e478      0x29c /opt/devkitpro/libogc/lib/wii/libogc.a(dsp.o)
                0x8002e478                DSP_AddTask
 .text.__si_transfer
                0x8002e714      0x1b8 /opt/devkitpro/libogc/lib/wii/libogc.a(si.o)
 .text.__si_alarmhandler
                0x8002e8cc       0xa0 /opt/devkitpro/libogc/lib/wii/libogc.a(si.o)
 .text.__si_completetransfer
                0x8002e96c      0x1fc /opt/devkitpro/libogc/lib/wii/libogc.a(si.o)
 .text.__si_transfernext
                0x8002eb68       0xd8 /opt/devkitpro/libogc/lib/wii/libogc.a(si.o)
 .text.SI_Busy  0x8002ec40       0x18 /opt/devkitpro/libogc/lib/wii/libogc.a(si.o)
                0x8002ec40                SI_Busy
 .text.SI_IsChanBusy
                0x8002ec58       0x38 /opt/devkitpro/libogc/lib/wii/libogc.a(si.o)
                0x8002ec58                SI_IsChanBusy
 .text.SI_EnablePolling
                0x8002ec90       0x64 /opt/devkitpro/libogc/lib/wii/libogc.a(si.o)
                0x8002ec90                SI_EnablePolling
 .text.SI_DisablePolling
                0x8002ecf4       0x44 /opt/devkitpro/libogc/lib/wii/libogc.a(si.o)
                0x8002ecf4                SI_DisablePolling
 .text.SI_SetSamplingRate
                0x8002ed38      0x110 /opt/devkitpro/libogc/lib/wii/libogc.a(si.o)
                0x8002ed38                SI_SetSamplingRate
 .text.SI_RefreshSamplingRate
                0x8002ee48        0x8 /opt/devkitpro/libogc/lib/wii/libogc.a(si.o)
                0x8002ee48                SI_RefreshSamplingRate
 .text.SI_GetStatus
                0x8002ee50       0x6c /opt/devkitpro/libogc/lib/wii/libogc.a(si.o)
                0x8002ee50                SI_GetStatus
 .text.SI_GetResponseRaw
                0x8002eebc       0xd4 /opt/devkitpro/libogc/lib/wii/libogc.a(si.o)
                0x8002eebc                SI_GetResponseRaw
 .text.SI_GetResponse
                0x8002ef90       0xa4 /opt/devkitpro/libogc/lib/wii/libogc.a(si.o)
                0x8002ef90                SI_GetResponse
 .text.SI_SetCommand
                0x8002f034       0x10 /opt/devkitpro/libogc/lib/wii/libogc.a(si.o)
                0x8002f034                SI_SetCommand
 .text.SI_Transfer
                0x8002f044      0x2c0 /opt/devkitpro/libogc/lib/wii/libogc.a(si.o)
                0x8002f044                SI_Transfer
 .text.__si_gettypecallback
                0x8002f304      0x2b8 /opt/devkitpro/libogc/lib/wii/libogc.a(si.o)
 .text.__si_interrupthandler
                0x8002f5bc      0x278 /opt/devkitpro/libogc/lib/wii/libogc.a(si.o)
 .text.SI_GetType
                0x8002f834      0x1fc /opt/devkitpro/libogc/lib/wii/libogc.a(si.o)
                0x8002f834                SI_GetType
 .text.SI_GetTypeAsync
                0x8002fa30      0x134 /opt/devkitpro/libogc/lib/wii/libogc.a(si.o)
                0x8002fa30                SI_GetTypeAsync
 .text.SI_EnablePollingInterrupt
                0x8002fb64       0x80 /opt/devkitpro/libogc/lib/wii/libogc.a(si.o)
                0x8002fb64                SI_EnablePollingInterrupt
 .text.SI_UnregisterPollingHandler
                0x8002fbe4       0xd8 /opt/devkitpro/libogc/lib/wii/libogc.a(si.o)
                0x8002fbe4                SI_UnregisterPollingHandler
 .text.__si_init